Archive member included because of file (symbol)

c:/program files/atmel/atmel toolchain/avr32 gcc/native/3.4.2.435/avr32-gnu-toolchain/bin/../lib/gcc/avr32/4.4.7/ucr3\libgcc.a(_udivdi3.o)
                              src/ads1299.o (__avr32_udiv64)

Allocating common symbols
Common symbol       size              file

data_ready          0x1               src/main.o
device_id           0x1               src/main.o
status_word         0x4               src/main.o
read_request_flag   0x1               src/main.o
sleepmgr_locks      0x8               src/ASF/common/services/sleepmgr/uc3/sleepmgr.o
channel_array       0xc00             src/main.o
payload_size        0x2               src/main.o
status_request_flag
                    0x1               src/main.o
sample_idx          0x4               src/main.o

Discarded input sections

 .text          0x00000000        0x0 src/ads1299.o
 .data          0x00000000        0x0 src/ads1299.o
 .bss           0x00000000        0x0 src/ads1299.o
 .text.ads1299_packet_init
                0x00000000       0x18 src/ads1299.o
 .text.ads1299_rreg
                0x00000000       0x8c src/ads1299.o
 .data.ADS1299_REGISTERS
                0x00000000       0x44 src/ads1299.o
 .text          0x00000000        0x0 src/ASF/avr32/boards/uc3_l0_xplained/init.o
 .data          0x00000000        0x0 src/ASF/avr32/boards/uc3_l0_xplained/init.o
 .bss           0x00000000        0x0 src/ASF/avr32/boards/uc3_l0_xplained/init.o
 .text          0x00000000        0x0 src/ASF/avr32/boards/uc3_l0_xplained/led.o
 .data          0x00000000        0x0 src/ASF/avr32/boards/uc3_l0_xplained/led.o
 .bss           0x00000000        0x0 src/ASF/avr32/boards/uc3_l0_xplained/led.o
 .text.LED_Read_Display
                0x00000000        0xc src/ASF/avr32/boards/uc3_l0_xplained/led.o
 .text.LED_Read_Display_Mask
                0x00000000        0xc src/ASF/avr32/boards/uc3_l0_xplained/led.o
 .text.LED_Test
                0x00000000       0x10 src/ASF/avr32/boards/uc3_l0_xplained/led.o
 .text.LED_Get_Intensity
                0x00000000        0x2 src/ASF/avr32/boards/uc3_l0_xplained/led.o
 .text.LED_Set_Intensity
                0x00000000        0x2 src/ASF/avr32/boards/uc3_l0_xplained/led.o
 .text.LED_Read_Display_Field
                0x00000000       0x18 src/ASF/avr32/boards/uc3_l0_xplained/led.o
 .text.LED_Toggle
                0x00000000       0x50 src/ASF/avr32/boards/uc3_l0_xplained/led.o
 .text.LED_On   0x00000000       0x68 src/ASF/avr32/boards/uc3_l0_xplained/led.o
 .text.LED_Display_Mask
                0x00000000       0x80 src/ASF/avr32/boards/uc3_l0_xplained/led.o
 .text.LED_Display
                0x00000000       0x10 src/ASF/avr32/boards/uc3_l0_xplained/led.o
 .text.LED_Display_Field
                0x00000000       0x18 src/ASF/avr32/boards/uc3_l0_xplained/led.o
 .text          0x00000000        0x0 src/ASF/avr32/drivers/eic/eic.o
 .data          0x00000000        0x0 src/ASF/avr32/drivers/eic/eic.o
 .bss           0x00000000        0x0 src/ASF/avr32/drivers/eic/eic.o
 .text.eic_enable_lines
                0x00000000        0x4 src/ASF/avr32/drivers/eic/eic.o
 .text.eic_disable_lines
                0x00000000        0x4 src/ASF/avr32/drivers/eic/eic.o
 .text.eic_disable_line
                0x00000000        0xa src/ASF/avr32/drivers/eic/eic.o
 .text.eic_is_line_enabled
                0x00000000       0x10 src/ASF/avr32/drivers/eic/eic.o
 .text.eic_enable_interrupt_lines
                0x00000000        0x4 src/ASF/avr32/drivers/eic/eic.o
 .text.eic_is_interrupt_line_enabled
                0x00000000       0x10 src/ASF/avr32/drivers/eic/eic.o
 .text.eic_is_interrupt_line_pending
                0x00000000       0x10 src/ASF/avr32/drivers/eic/eic.o
 .text.eic_clear_interrupt_lines
                0x00000000       0x14 src/ASF/avr32/drivers/eic/eic.o
 .text.eic_disable_interrupt_line
                0x00000000       0x1a src/ASF/avr32/drivers/eic/eic.o
 .text.eic_disable_interrupt_lines
                0x00000000       0x14 src/ASF/avr32/drivers/eic/eic.o
 .text          0x00000000        0x0 src/ASF/avr32/drivers/flashcdw/flashcdw.o
 .data          0x00000000        0x0 src/ASF/avr32/drivers/flashcdw/flashcdw.o
 .bss           0x00000000        0x0 src/ASF/avr32/drivers/flashcdw/flashcdw.o
 .text.flashcdw_get_flash_size
                0x00000000       0x80 src/ASF/avr32/drivers/flashcdw/flashcdw.o
 .text.flashcdw_get_page_count
                0x00000000       0x10 src/ASF/avr32/drivers/flashcdw/flashcdw.o
 .text.flashcdw_get_page_count_per_region
                0x00000000       0x10 src/ASF/avr32/drivers/flashcdw/flashcdw.o
 .text.flashcdw_get_page_region
                0x00000000       0x28 src/ASF/avr32/drivers/flashcdw/flashcdw.o
 .text.flashcdw_get_region_first_page_number
                0x00000000       0x14 src/ASF/avr32/drivers/flashcdw/flashcdw.o
 .text.flashcdw_get_wait_state
                0x00000000        0xc src/ASF/avr32/drivers/flashcdw/flashcdw.o
 .text.flashcdw_set_wait_state
                0x00000000        0xe src/ASF/avr32/drivers/flashcdw/flashcdw.o
 .text.flashcdw_is_ready_int_enabled
                0x00000000        0xc src/ASF/avr32/drivers/flashcdw/flashcdw.o
 .text.flashcdw_enable_ready_int
                0x00000000        0xe src/ASF/avr32/drivers/flashcdw/flashcdw.o
 .text.flashcdw_is_lock_error_int_enabled
                0x00000000        0xc src/ASF/avr32/drivers/flashcdw/flashcdw.o
 .text.flashcdw_enable_lock_error_int
                0x00000000        0xe src/ASF/avr32/drivers/flashcdw/flashcdw.o
 .text.flashcdw_is_prog_error_int_enabled
                0x00000000        0xc src/ASF/avr32/drivers/flashcdw/flashcdw.o
 .text.flashcdw_enable_prog_error_int
                0x00000000        0xe src/ASF/avr32/drivers/flashcdw/flashcdw.o
 .text.flashcdw_is_ready
                0x00000000        0xc src/ASF/avr32/drivers/flashcdw/flashcdw.o
 .text.flashcdw_is_lock_error
                0x00000000       0x10 src/ASF/avr32/drivers/flashcdw/flashcdw.o
 .text.flashcdw_is_programming_error
                0x00000000       0x10 src/ASF/avr32/drivers/flashcdw/flashcdw.o
 .text.flashcdw_is_high_speed_enabled
                0x00000000        0xc src/ASF/avr32/drivers/flashcdw/flashcdw.o
 .text.flashcdw_get_command
                0x00000000        0xc src/ASF/avr32/drivers/flashcdw/flashcdw.o
 .text.flashcdw_get_page_number
                0x00000000        0xc src/ASF/avr32/drivers/flashcdw/flashcdw.o
 .text.flashcdw_no_operation
                0x00000000       0x10 src/ASF/avr32/drivers/flashcdw/flashcdw.o
 .text.flashcdw_erase_all
                0x00000000       0x10 src/ASF/avr32/drivers/flashcdw/flashcdw.o
 .text.flashcdw_is_security_bit_active
                0x00000000        0xc src/ASF/avr32/drivers/flashcdw/flashcdw.o
 .text.flashcdw_activate_security_bit
                0x00000000       0x10 src/ASF/avr32/drivers/flashcdw/flashcdw.o
 .text.flashcdw_get_bootloader_protected_size
                0x00000000       0x6c src/ASF/avr32/drivers/flashcdw/flashcdw.o
 .text.flashcdw_is_external_privileged_fetch_locked
                0x00000000       0x26 src/ASF/avr32/drivers/flashcdw/flashcdw.o
 .text.flashcdw_is_jtag_user_protection_enabled
                0x00000000       0x26 src/ASF/avr32/drivers/flashcdw/flashcdw.o
 .text.flashcdw_is_secure_state_enabled
                0x00000000       0x6c src/ASF/avr32/drivers/flashcdw/flashcdw.o
 .text.flashcdw_is_secure_state_debug_enabled
                0x00000000       0x5e src/ASF/avr32/drivers/flashcdw/flashcdw.o
 .text.flashcdw_is_page_region_locked
                0x00000000       0x24 src/ASF/avr32/drivers/flashcdw/flashcdw.o
 .text.flashcdw_is_region_locked
                0x00000000       0x18 src/ASF/avr32/drivers/flashcdw/flashcdw.o
 .text.flashcdw_lock_page_region
                0x00000000       0x1c src/ASF/avr32/drivers/flashcdw/flashcdw.o
 .text.flashcdw_lock_region
                0x00000000       0x24 src/ASF/avr32/drivers/flashcdw/flashcdw.o
 .text.flashcdw_lock_all_regions
                0x00000000       0x2c src/ASF/avr32/drivers/flashcdw/flashcdw.o
 .text.flashcdw_read_gp_fuse_bit
                0x00000000       0x4c src/ASF/avr32/drivers/flashcdw/flashcdw.o
 .text.flashcdw_read_gp_fuse_bitfield
                0x00000000       0x80 src/ASF/avr32/drivers/flashcdw/flashcdw.o
 .text.flashcdw_read_gp_fuse_byte
                0x00000000       0x4a src/ASF/avr32/drivers/flashcdw/flashcdw.o
 .text.flashcdw_read_all_gp_fuses
                0x00000000       0x26 src/ASF/avr32/drivers/flashcdw/flashcdw.o
 .text.flashcdw_erase_gp_fuse_bit
                0x00000000       0x5c src/ASF/avr32/drivers/flashcdw/flashcdw.o
 .text.flashcdw_erase_gp_fuse_bitfield
                0x00000000       0xf0 src/ASF/avr32/drivers/flashcdw/flashcdw.o
 .text.flashcdw_erase_all_gp_fuses
                0x00000000       0x38 src/ASF/avr32/drivers/flashcdw/flashcdw.o
 .text.flashcdw_write_gp_fuse_bit
                0x00000000       0x18 src/ASF/avr32/drivers/flashcdw/flashcdw.o
 .text.flashcdw_write_gp_fuse_bitfield
                0x00000000       0x4c src/ASF/avr32/drivers/flashcdw/flashcdw.o
 .text.flashcdw_enable_secure_state_with_debug
                0x00000000       0x14 src/ASF/avr32/drivers/flashcdw/flashcdw.o
 .text.flashcdw_enable_secure_state_no_debug
                0x00000000       0x14 src/ASF/avr32/drivers/flashcdw/flashcdw.o
 .text.flashcdw_write_gp_fuse_byte
                0x00000000       0x18 src/ASF/avr32/drivers/flashcdw/flashcdw.o
 .text.flashcdw_erase_gp_fuse_byte
                0x00000000       0xb4 src/ASF/avr32/drivers/flashcdw/flashcdw.o
 .text.flashcdw_write_all_gp_fuses
                0x00000000       0x3c src/ASF/avr32/drivers/flashcdw/flashcdw.o
 .text.flashcdw_set_gp_fuse_bit
                0x00000000       0x1c src/ASF/avr32/drivers/flashcdw/flashcdw.o
 .text.flashcdw_disable_jtag_user_protection
                0x00000000       0x10 src/ASF/avr32/drivers/flashcdw/flashcdw.o
 .text.flashcdw_enable_jtag_user_protection
                0x00000000       0x10 src/ASF/avr32/drivers/flashcdw/flashcdw.o
 .text.flashcdw_lock_external_privileged_fetch
                0x00000000       0x18 src/ASF/avr32/drivers/flashcdw/flashcdw.o
 .text.flashcdw_set_gp_fuse_bitfield
                0x00000000       0x4c src/ASF/avr32/drivers/flashcdw/flashcdw.o
 .text.flashcdw_set_gp_fuse_byte
                0x00000000       0x54 src/ASF/avr32/drivers/flashcdw/flashcdw.o
 .text.flashcdw_set_all_gp_fuses
                0x00000000       0x58 src/ASF/avr32/drivers/flashcdw/flashcdw.o
 .text.flashcdw_clear_page_buffer
                0x00000000       0x10 src/ASF/avr32/drivers/flashcdw/flashcdw.o
 .text.flashcdw_is_page_erased
                0x00000000        0xc src/ASF/avr32/drivers/flashcdw/flashcdw.o
 .text.flashcdw_quick_page_read
                0x00000000       0x1c src/ASF/avr32/drivers/flashcdw/flashcdw.o
 .text.flashcdw_erase_page
                0x00000000       0x38 src/ASF/avr32/drivers/flashcdw/flashcdw.o
 .text.flashcdw_erase_all_pages
                0x00000000       0x48 src/ASF/avr32/drivers/flashcdw/flashcdw.o
 .text.flashcdw_write_page
                0x00000000       0x10 src/ASF/avr32/drivers/flashcdw/flashcdw.o
 .text.flashcdw_quick_user_page_read
                0x00000000       0x1c src/ASF/avr32/drivers/flashcdw/flashcdw.o
 .text.flashcdw_erase_user_page
                0x00000000       0x28 src/ASF/avr32/drivers/flashcdw/flashcdw.o
 .text.flashcdw_write_user_page
                0x00000000       0x10 src/ASF/avr32/drivers/flashcdw/flashcdw.o
 .text.flashcdw_memset64
                0x00000000      0x2a0 src/ASF/avr32/drivers/flashcdw/flashcdw.o
 .text.flashcdw_memset32
                0x00000000       0x24 src/ASF/avr32/drivers/flashcdw/flashcdw.o
 .text.flashcdw_memset16
                0x00000000       0x10 src/ASF/avr32/drivers/flashcdw/flashcdw.o
 .text.flashcdw_memset8
                0x00000000       0x14 src/ASF/avr32/drivers/flashcdw/flashcdw.o
 .text.flashcdw_memcpy
                0x00000000      0x114 src/ASF/avr32/drivers/flashcdw/flashcdw.o
 .text.flashcdw_set_bootloader_protected_size
                0x00000000       0xb0 src/ASF/avr32/drivers/flashcdw/flashcdw.o
 .text          0x00000000        0x0 src/ASF/avr32/drivers/gpio/gpio.o
 .data          0x00000000        0x0 src/ASF/avr32/drivers/gpio/gpio.o
 .bss           0x00000000        0x0 src/ASF/avr32/drivers/gpio/gpio.o
 .text.gpio_enable_gpio
                0x00000000       0x2a src/ASF/avr32/drivers/gpio/gpio.o
 .text.gpio_disable_pin_pull_up
                0x00000000       0x14 src/ASF/avr32/drivers/gpio/gpio.o
 .text.gpio_configure_group
                0x00000000       0x6e src/ASF/avr32/drivers/gpio/gpio.o
 .text.gpio_get_pin_value
                0x00000000       0x16 src/ASF/avr32/drivers/gpio/gpio.o
 .text.gpio_get_gpio_pin_output_value
                0x00000000       0x16 src/ASF/avr32/drivers/gpio/gpio.o
 .text.gpio_get_gpio_open_drain_pin_output_value
                0x00000000       0x1a src/ASF/avr32/drivers/gpio/gpio.o
 .text.gpio_set_pin_high
                0x00000000       0x14 src/ASF/avr32/drivers/gpio/gpio.o
 .text.gpio_set_group_high
                0x00000000        0xc src/ASF/avr32/drivers/gpio/gpio.o
 .text.gpio_set_pin_low
                0x00000000       0x14 src/ASF/avr32/drivers/gpio/gpio.o
 .text.gpio_set_group_low
                0x00000000        0xc src/ASF/avr32/drivers/gpio/gpio.o
 .text.gpio_tgl_gpio_pin
                0x00000000       0x1a src/ASF/avr32/drivers/gpio/gpio.o
 .text.gpio_toggle_pin
                0x00000000       0x14 src/ASF/avr32/drivers/gpio/gpio.o
 .text.gpio_toggle_group
                0x00000000        0xc src/ASF/avr32/drivers/gpio/gpio.o
 .text.gpio_set_gpio_open_drain_pin
                0x00000000       0x16 src/ASF/avr32/drivers/gpio/gpio.o
 .text.gpio_clr_gpio_open_drain_pin
                0x00000000       0x1a src/ASF/avr32/drivers/gpio/gpio.o
 .text.gpio_tgl_gpio_open_drain_pin
                0x00000000       0x1a src/ASF/avr32/drivers/gpio/gpio.o
 .text.gpio_enable_pin_glitch_filter
                0x00000000       0x14 src/ASF/avr32/drivers/gpio/gpio.o
 .text.gpio_disable_pin_glitch_filter
                0x00000000       0x14 src/ASF/avr32/drivers/gpio/gpio.o
 .text.gpio_configure_edge_detector
                0x00000000       0x44 src/ASF/avr32/drivers/gpio/gpio.o
 .text.gpio_enable_pin_interrupt
                0x00000000       0x30 src/ASF/avr32/drivers/gpio/gpio.o
 .text.gpio_disable_pin_interrupt
                0x00000000       0x14 src/ASF/avr32/drivers/gpio/gpio.o
 .text.gpio_get_pin_interrupt_flag
                0x00000000       0x18 src/ASF/avr32/drivers/gpio/gpio.o
 .text.gpio_clear_pin_interrupt_flag
                0x00000000       0x22 src/ASF/avr32/drivers/gpio/gpio.o
 .text.gpio_configure_pin_periph_event_mode
                0x00000000       0x34 src/ASF/avr32/drivers/gpio/gpio.o
 .text          0x00000000        0x0 src/ASF/avr32/drivers/intc/exception.o
 .data          0x00000000        0x0 src/ASF/avr32/drivers/intc/exception.o
 .bss           0x00000000        0x0 src/ASF/avr32/drivers/intc/exception.o
 .text          0x00000000        0x0 src/ASF/avr32/drivers/intc/intc.o
 .data          0x00000000        0x0 src/ASF/avr32/drivers/intc/intc.o
 .bss           0x00000000        0x0 src/ASF/avr32/drivers/intc/intc.o
 .text          0x00000000        0x0 src/ASF/avr32/drivers/pdca/pdca.o
 .data          0x00000000        0x0 src/ASF/avr32/drivers/pdca/pdca.o
 .bss           0x00000000        0x0 src/ASF/avr32/drivers/pdca/pdca.o
 .debug_abbrev  0x00000000      0x341 src/ASF/avr32/drivers/pdca/pdca.o
 .debug_info    0x00000000     0x1276 src/ASF/avr32/drivers/pdca/pdca.o
 .debug_line    0x00000000      0xcd8 src/ASF/avr32/drivers/pdca/pdca.o
 .debug_macinfo
                0x00000000    0xad226 src/ASF/avr32/drivers/pdca/pdca.o
 .text.pdca_get_handler
                0x00000000       0x14 src/ASF/avr32/drivers/pdca/pdca.o
 .text.pdca_get_channel_status
                0x00000000       0x22 src/ASF/avr32/drivers/pdca/pdca.o
 .text.pdca_disable
                0x00000000       0x1e src/ASF/avr32/drivers/pdca/pdca.o
 .text.pdca_enable
                0x00000000       0x1e src/ASF/avr32/drivers/pdca/pdca.o
 .text.pdca_get_load_size
                0x00000000       0x1a src/ASF/avr32/drivers/pdca/pdca.o
 .text.pdca_get_reload_size
                0x00000000       0x1a src/ASF/avr32/drivers/pdca/pdca.o
 .text.pdca_set_peripheral_select
                0x00000000       0x1a src/ASF/avr32/drivers/pdca/pdca.o
 .text.pdca_set_transfer_size
                0x00000000       0x22 src/ASF/avr32/drivers/pdca/pdca.o
 .text.pdca_disable_event_trigger
                0x00000000       0x22 src/ASF/avr32/drivers/pdca/pdca.o
 .text.pdca_enable_event_trigger
                0x00000000       0x22 src/ASF/avr32/drivers/pdca/pdca.o
 .text.pdca_enable_interrupt_transfer_error
                0x00000000       0x1e src/ASF/avr32/drivers/pdca/pdca.o
 .text.pdca_enable_interrupt_transfer_complete
                0x00000000       0x1e src/ASF/avr32/drivers/pdca/pdca.o
 .text.pdca_enable_interrupt_reload_counter_zero
                0x00000000       0x1e src/ASF/avr32/drivers/pdca/pdca.o
 .text.pdca_get_transfer_status
                0x00000000       0x1a src/ASF/avr32/drivers/pdca/pdca.o
 .text.pdca_disable_interrupt_reload_counter_zero
                0x00000000       0x2a src/ASF/avr32/drivers/pdca/pdca.o
 .text.pdca_disable_interrupt_transfer_complete
                0x00000000       0x2a src/ASF/avr32/drivers/pdca/pdca.o
 .text.pdca_disable_interrupt_transfer_error
                0x00000000       0x2a src/ASF/avr32/drivers/pdca/pdca.o
 .text.pdca_reload_channel
                0x00000000       0x30 src/ASF/avr32/drivers/pdca/pdca.o
 .text.pdca_load_channel
                0x00000000       0x30 src/ASF/avr32/drivers/pdca/pdca.o
 .text.pdca_init_channel
                0x00000000       0x6c src/ASF/avr32/drivers/pdca/pdca.o
 .debug_frame   0x00000000      0x160 src/ASF/avr32/drivers/pdca/pdca.o
 .debug_loc     0x00000000      0x4ed src/ASF/avr32/drivers/pdca/pdca.o
 .debug_pubnames
                0x00000000      0x275 src/ASF/avr32/drivers/pdca/pdca.o
 .debug_aranges
                0x00000000       0xb8 src/ASF/avr32/drivers/pdca/pdca.o
 .debug_ranges  0x00000000      0x4a0 src/ASF/avr32/drivers/pdca/pdca.o
 .debug_str     0x00000000      0x66b src/ASF/avr32/drivers/pdca/pdca.o
 .comment       0x00000000       0x31 src/ASF/avr32/drivers/pdca/pdca.o
 .text          0x00000000        0x0 src/ASF/avr32/drivers/pm/pm_uc3l.o
 .data          0x00000000        0x0 src/ASF/avr32/drivers/pm/pm_uc3l.o
 .bss           0x00000000        0x0 src/ASF/avr32/drivers/pm/pm_uc3l.o
 .debug_abbrev  0x00000000      0x26a src/ASF/avr32/drivers/pm/pm_uc3l.o
 .debug_info    0x00000000      0xfd0 src/ASF/avr32/drivers/pm/pm_uc3l.o
 .debug_line    0x00000000      0x93b src/ASF/avr32/drivers/pm/pm_uc3l.o
 .debug_macinfo
                0x00000000    0xad1d6 src/ASF/avr32/drivers/pm/pm_uc3l.o
 .text.pm_wait_for_clk_ready
                0x00000000       0x1c src/ASF/avr32/drivers/pm/pm_uc3l.o
 .text.pm_disable_module
                0x00000000       0x38 src/ASF/avr32/drivers/pm/pm_uc3l.o
 .text.pm_enable_module
                0x00000000       0x3a src/ASF/avr32/drivers/pm/pm_uc3l.o
 .text.pm_disable_clk_domain_div
                0x00000000       0x42 src/ASF/avr32/drivers/pm/pm_uc3l.o
 .text.pm_set_clk_domain_div
                0x00000000       0x48 src/ASF/avr32/drivers/pm/pm_uc3l.o
 .text.pm_config_mainclk_safety
                0x00000000       0x3c src/ASF/avr32/drivers/pm/pm_uc3l.o
 .text.pm_set_mclk_source
                0x00000000       0x1e src/ASF/avr32/drivers/pm/pm_uc3l.o
 .text.pm_find_divratio
                0x00000000       0x18 src/ASF/avr32/drivers/pm/pm_uc3l.o
 .text.pm_set_all_cksel
                0x00000000       0x6c src/ASF/avr32/drivers/pm/pm_uc3l.o
 .debug_frame   0x00000000       0xc0 src/ASF/avr32/drivers/pm/pm_uc3l.o
 .debug_loc     0x00000000      0x23f src/ASF/avr32/drivers/pm/pm_uc3l.o
 .debug_pubnames
                0x00000000       0xd8 src/ASF/avr32/drivers/pm/pm_uc3l.o
 .debug_aranges
                0x00000000       0x60 src/ASF/avr32/drivers/pm/pm_uc3l.o
 .debug_ranges  0x00000000       0x58 src/ASF/avr32/drivers/pm/pm_uc3l.o
 .debug_str     0x00000000      0x788 src/ASF/avr32/drivers/pm/pm_uc3l.o
 .comment       0x00000000       0x31 src/ASF/avr32/drivers/pm/pm_uc3l.o
 .text          0x00000000        0x0 src/ASF/avr32/drivers/pm/power_clocks_lib.o
 .data          0x00000000        0x0 src/ASF/avr32/drivers/pm/power_clocks_lib.o
 .bss           0x00000000        0x0 src/ASF/avr32/drivers/pm/power_clocks_lib.o
 .debug_abbrev  0x00000000      0x17c src/ASF/avr32/drivers/pm/power_clocks_lib.o
 .debug_info    0x00000000      0x487 src/ASF/avr32/drivers/pm/power_clocks_lib.o
 .debug_line    0x00000000      0x8ca src/ASF/avr32/drivers/pm/power_clocks_lib.o
 .debug_macinfo
                0x00000000    0xad892 src/ASF/avr32/drivers/pm/power_clocks_lib.o
 .text.pcl_configure_usb_clock
                0x00000000        0x6 src/ASF/avr32/drivers/pm/power_clocks_lib.o
 .text.pcl_switch_to_osc
                0x00000000       0x50 src/ASF/avr32/drivers/pm/power_clocks_lib.o
 .text.pcl_configure_synchronous_clocks
                0x00000000       0x30 src/ASF/avr32/drivers/pm/power_clocks_lib.o
 .text.pcl_configure_clocks_dfll0
                0x00000000       0x2c src/ASF/avr32/drivers/pm/power_clocks_lib.o
 .text.pcl_configure_clocks_osc0
                0x00000000       0x34 src/ASF/avr32/drivers/pm/power_clocks_lib.o
 .text.pcl_configure_clocks_rcsys
                0x00000000       0x14 src/ASF/avr32/drivers/pm/power_clocks_lib.o
 .text.pcl_configure_clocks_rc120m
                0x00000000       0x28 src/ASF/avr32/drivers/pm/power_clocks_lib.o
 .text.pcl_configure_clocks
                0x00000000       0x38 src/ASF/avr32/drivers/pm/power_clocks_lib.o
 .debug_frame   0x00000000       0xe0 src/ASF/avr32/drivers/pm/power_clocks_lib.o
 .debug_loc     0x00000000      0x245 src/ASF/avr32/drivers/pm/power_clocks_lib.o
 .debug_pubnames
                0x00000000       0xd9 src/ASF/avr32/drivers/pm/power_clocks_lib.o
 .debug_aranges
                0x00000000       0x58 src/ASF/avr32/drivers/pm/power_clocks_lib.o
 .debug_ranges  0x00000000       0x68 src/ASF/avr32/drivers/pm/power_clocks_lib.o
 .debug_str     0x00000000      0x565 src/ASF/avr32/drivers/pm/power_clocks_lib.o
 .comment       0x00000000       0x31 src/ASF/avr32/drivers/pm/power_clocks_lib.o
 .text          0x00000000        0x0 src/ASF/avr32/drivers/scif/scif_uc3l.o
 .data          0x00000000        0x0 src/ASF/avr32/drivers/scif/scif_uc3l.o
 .bss           0x00000000        0x0 src/ASF/avr32/drivers/scif/scif_uc3l.o
 .debug_abbrev  0x00000000      0x37a src/ASF/avr32/drivers/scif/scif_uc3l.o
 .debug_info    0x00000000     0x3264 src/ASF/avr32/drivers/scif/scif_uc3l.o
 .debug_line    0x00000000     0x1098 src/ASF/avr32/drivers/scif/scif_uc3l.o
 .debug_macinfo
                0x00000000    0xad661 src/ASF/avr32/drivers/scif/scif_uc3l.o
 .text.scif_is_osc_ready
                0x00000000        0xc src/ASF/avr32/drivers/scif/scif_uc3l.o
 .text.scif_stop_osc32
                0x00000000       0x16 src/ASF/avr32/drivers/scif/scif_uc3l.o
 .text.scif_start_gclk
                0x00000000       0x3e src/ASF/avr32/drivers/scif/scif_uc3l.o
 .text.scif_stop_gclk
                0x00000000       0x2c src/ASF/avr32/drivers/scif/scif_uc3l.o
 .text.scif_gc_setup
                0x00000000       0x92 src/ASF/avr32/drivers/scif/scif_uc3l.o
 .text.scif_gc_enable
                0x00000000       0x1c src/ASF/avr32/drivers/scif/scif_uc3l.o
 .text.scif_pclksr_statushigh_wait
                0x00000000       0x1a src/ASF/avr32/drivers/scif/scif_uc3l.o
 .text.scif_disable_rc32out
                0x00000000       0x2a src/ASF/avr32/drivers/scif/scif_uc3l.o
 .text.scif_stop_rc32k
                0x00000000       0x24 src/ASF/avr32/drivers/scif/scif_uc3l.o
 .text.scif_start_rc32k
                0x00000000       0x22 src/ASF/avr32/drivers/scif/scif_uc3l.o
 .text.scif_stop_rc120M
                0x00000000       0x24 src/ASF/avr32/drivers/scif/scif_uc3l.o
 .text.scif_start_rc120M
                0x00000000       0x22 src/ASF/avr32/drivers/scif/scif_uc3l.o
 .text.scif_dfll0_closedloop_start
                0x00000000      0x124 src/ASF/avr32/drivers/scif/scif_uc3l.o
 .text.scif_dfll0_closedloop_configure_and_start
                0x00000000      0x140 src/ASF/avr32/drivers/scif/scif_uc3l.o
 .text.scif_dfll0_ssg_enable
                0x00000000       0x38 src/ASF/avr32/drivers/scif/scif_uc3l.o
 .text.scif_dfll0_openloop_stop
                0x00000000       0x9e src/ASF/avr32/drivers/scif/scif_uc3l.o
 .text.scif_dfll0_openloop_updatefreq
                0x00000000       0x66 src/ASF/avr32/drivers/scif/scif_uc3l.o
 .text.scif_dfll0_openloop_start
                0x00000000       0xc2 src/ASF/avr32/drivers/scif/scif_uc3l.o
 .text.scif_dfll0_openloop_start_auto
                0x00000000       0x5c src/ASF/avr32/drivers/scif/scif_uc3l.o
 .text.scif_start_osc32
                0x00000000       0x70 src/ASF/avr32/drivers/scif/scif_uc3l.o
 .text.scif_enable_osc
                0x00000000       0x46 src/ASF/avr32/drivers/scif/scif_uc3l.o
 .text.scif_configure_osc_extmode
                0x00000000       0x28 src/ASF/avr32/drivers/scif/scif_uc3l.o
 .text.scif_configure_osc_crystalmode
                0x00000000       0x52 src/ASF/avr32/drivers/scif/scif_uc3l.o
 .text.scif_stop_osc
                0x00000000       0x22 src/ASF/avr32/drivers/scif/scif_uc3l.o
 .text.scif_start_osc
                0x00000000       0x5a src/ASF/avr32/drivers/scif/scif_uc3l.o
 .debug_frame   0x00000000      0x214 src/ASF/avr32/drivers/scif/scif_uc3l.o
 .debug_loc     0x00000000      0x81e src/ASF/avr32/drivers/scif/scif_uc3l.o
 .debug_pubnames
                0x00000000      0x28e src/ASF/avr32/drivers/scif/scif_uc3l.o
 .debug_aranges
                0x00000000       0xe0 src/ASF/avr32/drivers/scif/scif_uc3l.o
 .debug_ranges  0x00000000      0x420 src/ASF/avr32/drivers/scif/scif_uc3l.o
 .debug_str     0x00000000     0x12eb src/ASF/avr32/drivers/scif/scif_uc3l.o
 .comment       0x00000000       0x31 src/ASF/avr32/drivers/scif/scif_uc3l.o
 .text          0x00000000        0x0 src/ASF/avr32/drivers/spi/spi.o
 .data          0x00000000        0x0 src/ASF/avr32/drivers/spi/spi.o
 .bss           0x00000000        0x0 src/ASF/avr32/drivers/spi/spi.o
 .text.spi_initSlave
                0x00000000       0x4a src/ASF/avr32/drivers/spi/spi.o
 .text.spi_initTest
                0x00000000       0x14 src/ASF/avr32/drivers/spi/spi.o
 .text.spi_selectionMode
                0x00000000       0x2a src/ASF/avr32/drivers/spi/spi.o
 .text.spi_disable
                0x00000000        0x6 src/ASF/avr32/drivers/spi/spi.o
 .text.spi_is_enabled
                0x00000000        0x8 src/ASF/avr32/drivers/spi/spi.o
 .text.spi_writeRegisterEmptyCheck
                0x00000000        0x8 src/ASF/avr32/drivers/spi/spi.o
 .text.spi_write
                0x00000000       0x1c src/ASF/avr32/drivers/spi/spi.o
 .text.spi_variableSlaveWrite
                0x00000000       0x40 src/ASF/avr32/drivers/spi/spi.o
 .text.spi_writeEndCheck
                0x00000000        0x8 src/ASF/avr32/drivers/spi/spi.o
 .text.spi_readRegisterFullCheck
                0x00000000        0x8 src/ASF/avr32/drivers/spi/spi.o
 .text.spi_read
                0x00000000       0x22 src/ASF/avr32/drivers/spi/spi.o
 .text.spi_getStatus
                0x00000000       0x2c src/ASF/avr32/drivers/spi/spi.o
 .text          0x00000000        0x0 src/ASF/avr32/drivers/usart/usart.o
 .data          0x00000000        0x0 src/ASF/avr32/drivers/usart/usart.o
 .bss           0x00000000        0x0 src/ASF/avr32/drivers/usart/usart.o
 .text.usart_spi_selectChip
                0x00000000        0x8 src/ASF/avr32/drivers/usart/usart.o
 .text.usart_spi_unselectChip
                0x00000000       0x1e src/ASF/avr32/drivers/usart/usart.o
 .text.usart_putchar
                0x00000000       0x1e src/ASF/avr32/drivers/usart/usart.o
 .text.usart_read_char
                0x00000000       0x24 src/ASF/avr32/drivers/usart/usart.o
 .text.usart_getchar
                0x00000000       0x1a src/ASF/avr32/drivers/usart/usart.o
 .text.usart_write_line
                0x00000000       0x2a src/ASF/avr32/drivers/usart/usart.o
 .text.usart_get_echo_line
                0x00000000       0x80 src/ASF/avr32/drivers/usart/usart.o
 .text.usart_init_spi_slave
                0x00000000       0x9c src/ASF/avr32/drivers/usart/usart.o
 .text.usart_init_spi_master
                0x00000000       0xb4 src/ASF/avr32/drivers/usart/usart.o
 .text.usart_init_lin_slave
                0x00000000       0x3c src/ASF/avr32/drivers/usart/usart.o
 .text.usart_init_lin_master
                0x00000000       0x3c src/ASF/avr32/drivers/usart/usart.o
 .text.usart_init_iso7816
                0x00000000       0xa4 src/ASF/avr32/drivers/usart/usart.o
 .text.usart_init_sync_slave
                0x00000000       0xc8 src/ASF/avr32/drivers/usart/usart.o
 .text.usart_init_sync_master
                0x00000000       0xe8 src/ASF/avr32/drivers/usart/usart.o
 .text.usart_init_rs232_tx_only
                0x00000000       0xe0 src/ASF/avr32/drivers/usart/usart.o
 .text.usart_init_IrDA
                0x00000000       0x34 src/ASF/avr32/drivers/usart/usart.o
 .text.usart_init_rs485
                0x00000000       0x24 src/ASF/avr32/drivers/usart/usart.o
 .text.usart_init_modem
                0x00000000       0x24 src/ASF/avr32/drivers/usart/usart.o
 .text.usart_init_hw_handshaking
                0x00000000       0x24 src/ASF/avr32/drivers/usart/usart.o
 .text.usart_send_address
                0x00000000       0x26 src/ASF/avr32/drivers/usart/usart.o
 .rodata.str1.4
                0x00000000        0xc src/ASF/avr32/drivers/usart/usart.o
 .text          0x00000000        0x0 src/ASF/avr32/utils/startup/startup_uc3.o
 .data          0x00000000        0x0 src/ASF/avr32/utils/startup/startup_uc3.o
 .bss           0x00000000        0x0 src/ASF/avr32/utils/startup/startup_uc3.o
 .text          0x00000000        0x0 src/ASF/avr32/utils/startup/trampoline_uc3.o
 .data          0x00000000        0x0 src/ASF/avr32/utils/startup/trampoline_uc3.o
 .bss           0x00000000        0x0 src/ASF/avr32/utils/startup/trampoline_uc3.o
 .text          0x00000000        0x0 src/ASF/common/services/clock/uc3l/dfll.o
 .data          0x00000000        0x0 src/ASF/common/services/clock/uc3l/dfll.o
 .bss           0x00000000        0x0 src/ASF/common/services/clock/uc3l/dfll.o
 .text.dfll_disable_closed_loop
                0x00000000       0x6a src/ASF/common/services/clock/uc3l/dfll.o
 .text.dfll_disable_open_loop
                0x00000000       0x60 src/ASF/common/services/clock/uc3l/dfll.o
 .text.dfll_enable_open_loop
                0x00000000       0x82 src/ASF/common/services/clock/uc3l/dfll.o
 .text          0x00000000        0x0 src/ASF/common/services/clock/uc3l/osc.o
 .data          0x00000000        0x0 src/ASF/common/services/clock/uc3l/osc.o
 .bss           0x00000000        0x0 src/ASF/common/services/clock/uc3l/osc.o
 .text.osc_priv_disable_rc120m
                0x00000000       0x22 src/ASF/common/services/clock/uc3l/osc.o
 .text.osc_priv_enable_rc120m
                0x00000000       0x22 src/ASF/common/services/clock/uc3l/osc.o
 .text.osc_priv_disable_rc32k
                0x00000000       0x22 src/ASF/common/services/clock/uc3l/osc.o
 .text.osc_priv_enable_rc32k
                0x00000000       0x22 src/ASF/common/services/clock/uc3l/osc.o
 .text.osc_priv_disable_osc32
                0x00000000       0x20 src/ASF/common/services/clock/uc3l/osc.o
 .text          0x00000000        0x0 src/ASF/common/services/clock/uc3l/sysclk.o
 .data          0x00000000        0x0 src/ASF/common/services/clock/uc3l/sysclk.o
 .bss           0x00000000        0x0 src/ASF/common/services/clock/uc3l/sysclk.o
 .text.sysclk_priv_disable_module
                0x00000000       0x38 src/ASF/common/services/clock/uc3l/sysclk.o
 .text.sysclk_disable_pbb_module
                0x00000000       0x3c src/ASF/common/services/clock/uc3l/sysclk.o
 .text.sysclk_enable_pbb_module
                0x00000000       0x40 src/ASF/common/services/clock/uc3l/sysclk.o
 .bss.sysclk_pbb_refcount
                0x00000000        0x1 src/ASF/common/services/clock/uc3l/sysclk.o
 .text          0x00000000        0x0 src/ASF/common/services/sleepmgr/uc3/sleepmgr.o
 .data          0x00000000        0x0 src/ASF/common/services/sleepmgr/uc3/sleepmgr.o
 .bss           0x00000000        0x0 src/ASF/common/services/sleepmgr/uc3/sleepmgr.o
 .text          0x00000000        0x0 src/main.o
 .data          0x00000000        0x0 src/main.o
 .bss           0x00000000        0x0 src/main.o
 .text.ads1299_host_init
                0x00000000        0x2 src/main.o
 .text.ads1299_check_device_id
                0x00000000       0x1c src/main.o
 .data          0x00000000        0x0 c:/program files/atmel/atmel toolchain/avr32 gcc/native/3.4.2.435/avr32-gnu-toolchain/bin/../lib/gcc/avr32/4.4.7/ucr3\libgcc.a(_udivdi3.o)
 .bss           0x00000000        0x0 c:/program files/atmel/atmel toolchain/avr32 gcc/native/3.4.2.435/avr32-gnu-toolchain/bin/../lib/gcc/avr32/4.4.7/ucr3\libgcc.a(_udivdi3.o)

Memory Configuration

Name             Origin             Length             Attributes
FLASH            0x80000000         0x00010000         axrl !w
INTRAM           0x00000004         0x00003ffc         axw !rl
USERPAGE_RESERVED 0x80800000         0x00000008         r
USERPAGE         0x80800008         0x000000f8
*default*        0x00000000         0xffffffff

Linker script and memory map

                0x00001000                _stack_size = 0x1000
LOAD src/ads1299.o
LOAD src/ASF/avr32/boards/uc3_l0_xplained/init.o
LOAD src/ASF/avr32/boards/uc3_l0_xplained/led.o
LOAD src/ASF/avr32/drivers/eic/eic.o
LOAD src/ASF/avr32/drivers/flashcdw/flashcdw.o
LOAD src/ASF/avr32/drivers/gpio/gpio.o
LOAD src/ASF/avr32/drivers/intc/exception.o
LOAD src/ASF/avr32/drivers/intc/intc.o
LOAD src/ASF/avr32/drivers/pdca/pdca.o
LOAD src/ASF/avr32/drivers/pm/pm_uc3l.o
LOAD src/ASF/avr32/drivers/pm/power_clocks_lib.o
LOAD src/ASF/avr32/drivers/scif/scif_uc3l.o
LOAD src/ASF/avr32/drivers/spi/spi.o
LOAD src/ASF/avr32/drivers/usart/usart.o
LOAD src/ASF/avr32/utils/startup/startup_uc3.o
LOAD src/ASF/avr32/utils/startup/trampoline_uc3.o
LOAD src/ASF/common/services/clock/uc3l/dfll.o
LOAD src/ASF/common/services/clock/uc3l/osc.o
LOAD src/ASF/common/services/clock/uc3l/sysclk.o
LOAD src/ASF/common/services/sleepmgr/uc3/sleepmgr.o
LOAD src/main.o
START GROUP
END GROUP
LOAD c:/program files/atmel/atmel toolchain/avr32 gcc/native/3.4.2.435/avr32-gnu-toolchain/bin/../lib/gcc/avr32/4.4.7/ucr3\libgcc.a
LOAD c:/program files/atmel/atmel toolchain/avr32 gcc/native/3.4.2.435/avr32-gnu-toolchain/bin/../lib/gcc/avr32/4.4.7/../../../../avr32/lib/ucr3\libc.a
LOAD c:/program files/atmel/atmel toolchain/avr32 gcc/native/3.4.2.435/avr32-gnu-toolchain/bin/../lib/gcc/avr32/4.4.7/ucr3\libgcc.a
                0xffffffff                __max_heap_size__ = 0xffffffff
                [0xffffffff]                __heap_size__ = DEFINED (__heap_size__)?__heap_size__:__max_heap_size__
                [0x00001000]                __stack_size__ = DEFINED (__stack_size__)?__stack_size__:0x1000
                0x80000000                PROVIDE (__executable_start, 0x80000000)
                0x80000000                . = 0x80000000

.interp
 *(.interp)

.reset          0x80000000     0x2008
 *(.reset)
 .reset         0x80000000        0x4 src/ASF/avr32/utils/startup/startup_uc3.o
                                  0x8 (size before relaxing)
                0x80000000                _start
 .reset         0x80000004     0x2004 src/ASF/avr32/utils/startup/trampoline_uc3.o
                               0x2008 (size before relaxing)
                0x80000004                _trampoline

.hash
 *(.hash)

.dynsym
 *(.dynsym)

.dynstr
 *(.dynstr)

.gnu.version
 *(.gnu.version)

.gnu.version_d
 *(.gnu.version_d)

.gnu.version_r
 *(.gnu.version_r)

.rel.init
 *(.rel.init)

.rela.init
 *(.rela.init)

.rel.text
 *(.rel.text .rel.text.* .rel.gnu.linkonce.t.*)

.rela.text
 *(.rela.text .rela.text.* .rela.gnu.linkonce.t.*)

.rel.fini
 *(.rel.fini)

.rela.fini
 *(.rela.fini)

.rel.rodata
 *(.rel.rodata .rel.rodata.* .rel.gnu.linkonce.r.*)

.rela.rodata
 *(.rela.rodata .rela.rodata.* .rela.gnu.linkonce.r.*)

.rel.data.rel.ro
 *(.rel.data.rel.ro*)

.rela.data.rel.ro
 *(.rel.data.rel.ro*)

.rel.data
 *(.rel.data .rel.data.* .rel.gnu.linkonce.d.*)

.rela.data
 *(.rela.data .rela.data.* .rela.gnu.linkonce.d.*)

.rel.tdata
 *(.rel.tdata .rel.tdata.* .rel.gnu.linkonce.td.*)

.rela.tdata
 *(.rela.tdata .rela.tdata.* .rela.gnu.linkonce.td.*)

.rel.tbss
 *(.rel.tbss .rel.tbss.* .rel.gnu.linkonce.tb.*)

.rela.tbss
 *(.rela.tbss .rela.tbss.* .rela.gnu.linkonce.tb.*)

.rel.ctors
 *(.rel.ctors)

.rela.ctors
 *(.rela.ctors)

.rel.dtors
 *(.rel.dtors)

.rela.dtors
 *(.rela.dtors)

.rel.got
 *(.rel.got)

.rela.got       0x80002008        0x0
 *(.rela.got)
 .rela.got      0x80002008        0x0 src/ASF/avr32/drivers/flashcdw/flashcdw.o

.rel.bss
 *(.rel.bss .rel.bss.* .rel.gnu.linkonce.b.*)

.rela.bss
 *(.rela.bss .rela.bss.* .rela.gnu.linkonce.b.*)

.rel.plt
 *(.rel.plt)

.rela.plt
 *(.rela.plt)

.init
 *(.init)

.plt
 *(.plt)

.text           0x80002008     0x1350
 *(.text .stub .text.* .gnu.linkonce.t.*)
 .text.ads1299_rdata32
                0x80002008      0x154 src/ads1299.o
                                0x15c (size before relaxing)
                0x80002008                ads1299_rdata32
 .text.ads1299_wreg
                0x8000215c       0x7c src/ads1299.o
                                 0x84 (size before relaxing)
                0x8000215c                ads1299_wreg
 .text.ads1299_device_init
                0x800021d8      0x164 src/ads1299.o
                                0x188 (size before relaxing)
                0x800021d8                ads1299_device_init
 .text.board_init
                0x8000233c       0xac src/ASF/avr32/boards/uc3_l0_xplained/init.o
                                 0xc4 (size before relaxing)
                0x8000233c                board_init
 .text.LED_Off  0x800023e8       0x6c src/ASF/avr32/boards/uc3_l0_xplained/led.o
                0x800023e8                LED_Off
 .text.eic_init
                0x80002454       0xf8 src/ASF/avr32/drivers/eic/eic.o
                0x80002454                eic_init
 .text.eic_enable_line
                0x8000254c        0xa src/ASF/avr32/drivers/eic/eic.o
                0x8000254c                eic_enable_line
 .text.eic_enable_interrupt_line
                0x80002556        0xa src/ASF/avr32/drivers/eic/eic.o
                0x80002556                eic_enable_interrupt_line
 .text.eic_clear_interrupt_line
                0x80002560       0x1a src/ASF/avr32/drivers/eic/eic.o
                0x80002560                eic_clear_interrupt_line
 .text.flashcdw_default_wait_until_ready
                0x8000257a       0x14 src/ASF/avr32/drivers/flashcdw/flashcdw.o
                0x8000257a                flashcdw_default_wait_until_ready
 *fill*         0x8000258e        0x2 d703d703
 .text.flashcdw_issue_command
                0x80002590       0x48 src/ASF/avr32/drivers/flashcdw/flashcdw.o
                0x80002590                flashcdw_issue_command
 .text.flashcdw_set_flash_waitstate_and_readmode
                0x800025d8       0x54 src/ASF/avr32/drivers/flashcdw/flashcdw.o
                                 0x5c (size before relaxing)
                0x800025d8                flashcdw_set_flash_waitstate_and_readmode
 .text.gpio_enable_module_pin
                0x8000262c       0x9c src/ASF/avr32/drivers/gpio/gpio.o
                0x8000262c                gpio_enable_module_pin
 .text.gpio_enable_module
                0x800026c8       0x28 src/ASF/avr32/drivers/gpio/gpio.o
                                 0x30 (size before relaxing)
                0x800026c8                gpio_enable_module
 .text.gpio_enable_gpio_pin
                0x800026f0       0x16 src/ASF/avr32/drivers/gpio/gpio.o
                0x800026f0                gpio_enable_gpio_pin
 .text.gpio_enable_pin_pull_up
                0x80002706       0x14 src/ASF/avr32/drivers/gpio/gpio.o
                0x80002706                gpio_enable_pin_pull_up
 .text.gpio_configure_pin
                0x8000271a       0x80 src/ASF/avr32/drivers/gpio/gpio.o
                0x8000271a                gpio_configure_pin
 .text.gpio_set_gpio_pin
                0x8000279a       0x1a src/ASF/avr32/drivers/gpio/gpio.o
                0x8000279a                gpio_set_gpio_pin
 .text.gpio_clr_gpio_pin
                0x800027b4       0x1a src/ASF/avr32/drivers/gpio/gpio.o
                0x800027b4                gpio_clr_gpio_pin
 .text._unhandled_interrupt
                0x800027ce        0x2 src/ASF/avr32/drivers/intc/intc.o
 .text.INTC_register_interrupt
                0x800027d0       0x84 src/ASF/avr32/drivers/intc/intc.o
                                 0x88 (size before relaxing)
                0x800027d0                INTC_register_interrupt
 .text.INTC_init_interrupts
                0x80002854       0x48 src/ASF/avr32/drivers/intc/intc.o
                                 0x50 (size before relaxing)
                0x80002854                INTC_init_interrupts
 .text._get_interrupt_handler
                0x8000289c       0x38 src/ASF/avr32/drivers/intc/intc.o
                0x8000289c                _get_interrupt_handler
 .text.getBaudDiv
                0x800028d4       0x20 src/ASF/avr32/drivers/spi/spi.o
                0x800028d4                getBaudDiv
 .text.spi_initMaster
                0x800028f4       0x3e src/ASF/avr32/drivers/spi/spi.o
                0x800028f4                spi_initMaster
 .text.spi_selectChip
                0x80002932       0x50 src/ASF/avr32/drivers/spi/spi.o
                0x80002932                spi_selectChip
 .text.spi_unselectChip
                0x80002982       0x26 src/ASF/avr32/drivers/spi/spi.o
                0x80002982                spi_unselectChip
 .text.spi_setupChipReg
                0x800029a8       0xac src/ASF/avr32/drivers/spi/spi.o
                                 0xb0 (size before relaxing)
                0x800029a8                spi_setupChipReg
 .text.spi_enable
                0x80002a54        0x6 src/ASF/avr32/drivers/spi/spi.o
                0x80002a54                spi_enable
 .text.usart_set_async_baudrate
                0x80002a5a       0x5e src/ASF/avr32/drivers/usart/usart.o
 .text.usart_write_char
                0x80002ab8       0x14 src/ASF/avr32/drivers/usart/usart.o
                0x80002ab8                usart_write_char
 .text.usart_reset
                0x80002acc       0x2c src/ASF/avr32/drivers/usart/usart.o
                0x80002acc                usart_reset
 .text.usart_init_rs232
                0x80002af8       0xbc src/ASF/avr32/drivers/usart/usart.o
                                 0xc8 (size before relaxing)
                0x80002af8                usart_init_rs232
 .text._stext   0x80002bb4       0x4c src/ASF/avr32/utils/startup/startup_uc3.o
                                 0x50 (size before relaxing)
                0x80002bb4                _stext
 .text.dfll_enable_closed_loop
                0x80002c00       0xea src/ASF/common/services/clock/uc3l/dfll.o
                0x80002c00                dfll_enable_closed_loop
 *fill*         0x80002cea        0x2 d703d703
 .text.dfll_enable_config_defaults
                0x80002cec       0x64 src/ASF/common/services/clock/uc3l/dfll.o
                                 0x70 (size before relaxing)
                0x80002cec                dfll_enable_config_defaults
 .text.osc_priv_enable_osc32
                0x80002d50       0x22 src/ASF/common/services/clock/uc3l/osc.o
                0x80002d50                osc_priv_enable_osc32
 .text.sysclk_set_source
                0x80002d72       0x1e src/ASF/common/services/clock/uc3l/sysclk.o
                0x80002d72                sysclk_set_source
 .text.sysclk_set_prescalers
                0x80002d90       0x52 src/ASF/common/services/clock/uc3l/sysclk.o
                0x80002d90                sysclk_set_prescalers
 *fill*         0x80002de2        0x2 d703d703
 .text.sysclk_init
                0x80002de4       0x30 src/ASF/common/services/clock/uc3l/sysclk.o
                                 0x44 (size before relaxing)
                0x80002de4                sysclk_init
 .text.sysclk_priv_enable_module
                0x80002e14       0x36 src/ASF/common/services/clock/uc3l/sysclk.o
                0x80002e14                sysclk_priv_enable_module
 *fill*         0x80002e4a        0x2 d703d703
 .text.configure_interrupts
                0x80002e4c       0x40 src/main.o
                                 0x54 (size before relaxing)
                0x80002e4c                configure_interrupts
 .text.eic_irq_fn
                0x80002e8c       0x44 src/main.o
                                 0x4c (size before relaxing)
 .text.spi_init_module
                0x80002ed0       0x54 src/main.o
                                 0x64 (size before relaxing)
                0x80002ed0                spi_init_module
 .text.sysclk_enable_pba_module
                0x80002f24        0xc src/main.o
                                 0x10 (size before relaxing)
 .text.main     0x80002f30      0x1c4 src/main.o
                                0x200 (size before relaxing)
                0x80002f30                main
 .text          0x800030f4      0x264 c:/program files/atmel/atmel toolchain/avr32 gcc/native/3.4.2.435/avr32-gnu-toolchain/bin/../lib/gcc/avr32/4.4.7/ucr3\libgcc.a(_udivdi3.o)
                0x800030f4                __avr32_udiv64
                0x800030f4                __udivdi3
 *(.text.*personality*)
 *(.gnu.warning)

.exception      0x80003400      0x200
 .exception     0x80003400      0x200 src/ASF/avr32/drivers/intc/exception.o
                0x80003400                _evba
                0x80003504                _int0
                0x80003512                _int1
                0x80003520                _int2
                0x8000352e                _int3

.fini
 *(.fini)
                0x80003600                PROVIDE (__etext, .)
                0x80003600                PROVIDE (_etext, .)
                0x80003600                PROVIDE (etext, .)

.rodata         0x80003600      0x1ee
 *(.rodata .rodata.* .gnu.linkonce.r.*)
 .rodata.C.46.9560
                0x80003600       0x20 src/ASF/avr32/boards/uc3_l0_xplained/init.o
 .rodata.C.49.9563
                0x80003620       0x10 src/ASF/avr32/boards/uc3_l0_xplained/init.o
 .rodata.C.48.9562
                0x80003630       0x10 src/ASF/avr32/boards/uc3_l0_xplained/init.o
 .rodata.C.47.9561
                0x80003640       0x10 src/ASF/avr32/boards/uc3_l0_xplained/init.o
 .rodata.LED_DESCRIPTOR
                0x80003650       0x64 src/ASF/avr32/boards/uc3_l0_xplained/led.o
 .rodata.gpio_enable_module_pin
                0x800036b4       0x20 src/ASF/avr32/drivers/gpio/gpio.o
 .rodata._int_handler_table
                0x800036d4       0xf8 src/ASF/avr32/drivers/intc/intc.o
 .rodata.usart_opt
                0x800037cc        0xc src/main.o
 .rodata.spi_opt
                0x800037d8       0x10 src/main.o
 .rodata.eic_opt
                0x800037e8        0x6 src/main.o

.rodata1
 *(.rodata1)

.eh_frame_hdr
 *(.eh_frame_hdr)

.eh_frame
 *(.eh_frame)

.gcc_except_table
 *(.gcc_except_table)
 *(.gcc_except_table.*)

.lalign         0x800037ee        0x2
                0x800037f0                . = ALIGN (0x8)
 *fill*         0x800037ee        0x2 
                0x800037f0                PROVIDE (_data_lma, .)
                0x00000004                . = ORIGIN (INTRAM)

.dalign         0x00000004        0x4
                0x00000008                . = ALIGN (0x8)
 *fill*         0x00000004        0x4 
                0x00000008                PROVIDE (_data, .)

.eh_frame
 *(.eh_frame)

.gcc_except_table
 *(.gcc_except_table)
 *(.gcc_except_table.*)

.tdata
 *(.tdata .tdata.* .gnu.linkonce.td.*)

.tbss
 *(.tbss .tbss.* .gnu.linkonce.tb.*)
 *(.tcommon)
                0x00000008                PROVIDE (__preinit_array_start, ALIGN (0x4))

.preinit_array
 *(.preinit_array)
                0x00000008                PROVIDE (__preinit_array_end, .)
                0x00000008                PROVIDE (__init_array_start, .)

.init_array
 *(.init_array)
                0x00000008                PROVIDE (__init_array_end, .)
                0x00000008                PROVIDE (__fini_array_start, .)

.fini_array
 *(.fini_array)
                0x00000008                PROVIDE (__fini_array_end, .)

.ctors
 *crtbegin*.o(.ctors)
 *(EXCLUDE_FILE(*crtend*.o) .ctors)
 *(SORT(.ctors.*))
 *(.ctors)

.dtors
 *crtbegin*.o(.dtors)
 *(EXCLUDE_FILE(*crtend*.o) .dtors)
 *(SORT(.dtors.*))
 *(.dtors)

.jcr
 *(.jcr)

.data.rel.ro
 *(.data.rel.ro.local)
 *(.data.rel.ro*)

.dynamic
 *(.dynamic)

.got
 *(.got.plt)
 *(.got)

.ramtext
 *(.ramtext .ramtext.*)

.ddalign        0x00000008        0x0 load address 0x800037f0
                0x00000008                . = ALIGN (0x8)

.data           0x00000008        0x8 load address 0x800037f0
 *(.data .data.* .gnu.linkonce.d.*)
 .data.LED_State
                0x00000008        0x4 src/ASF/avr32/boards/uc3_l0_xplained/led.o
 .data.flashcdw_wait_until_ready
                0x0000000c        0x4 src/ASF/avr32/drivers/flashcdw/flashcdw.o
                0x0000000c                flashcdw_wait_until_ready
 *(.gnu.linkonce.d.*personality*)

.data1
 *(.data1)

.balign         0x00000010        0x0 load address 0x800037f8
                0x00000010                . = ALIGN (0x8)
                0x00000010                PROVIDE (_edata, .)
                0x00000010                PROVIDE (edata, .)
                0x00000010                __bss_start = .

.bss            0x00000010      0xd00
 *(.dynbss)
 *(.bss .bss.* .gnu.linkonce.b.*)
 .bss.flashcdw_error_status
                0x00000010        0x4 src/ASF/avr32/drivers/flashcdw/flashcdw.o
 .bss._int_line_handler_table_0
                0x00000014        0x4 src/ASF/avr32/drivers/intc/intc.o
 .bss._int_line_handler_table_1
                0x00000018        0x8 src/ASF/avr32/drivers/intc/intc.o
 .bss._int_line_handler_table_2
                0x00000020        0x4 src/ASF/avr32/drivers/intc/intc.o
 .bss._int_line_handler_table_21
                0x00000024        0x4 src/ASF/avr32/drivers/intc/intc.o
 .bss._int_line_handler_table_22
                0x00000028        0x4 src/ASF/avr32/drivers/intc/intc.o
 .bss._int_line_handler_table_23
                0x0000002c        0x4 src/ASF/avr32/drivers/intc/intc.o
 .bss._int_line_handler_table_16
                0x00000030        0x4 src/ASF/avr32/drivers/intc/intc.o
 .bss._int_line_handler_table_10
                0x00000034       0x10 src/ASF/avr32/drivers/intc/intc.o
 .bss._int_line_handler_table_11
                0x00000044       0x10 src/ASF/avr32/drivers/intc/intc.o
 .bss._int_line_handler_table_12
                0x00000054        0x4 src/ASF/avr32/drivers/intc/intc.o
 .bss._int_line_handler_table_13
                0x00000058        0x4 src/ASF/avr32/drivers/intc/intc.o
 .bss._int_line_handler_table_14
                0x0000005c       0x18 src/ASF/avr32/drivers/intc/intc.o
 .bss._int_line_handler_table_15
                0x00000074        0x4 src/ASF/avr32/drivers/intc/intc.o
 .bss._int_line_handler_table_20
                0x00000078        0x4 src/ASF/avr32/drivers/intc/intc.o
 .bss._int_line_handler_table_17
                0x0000007c        0x4 src/ASF/avr32/drivers/intc/intc.o
 .bss._int_line_handler_table_18
                0x00000080        0x4 src/ASF/avr32/drivers/intc/intc.o
 .bss._int_line_handler_table_19
                0x00000084        0x4 src/ASF/avr32/drivers/intc/intc.o
 .bss._int_line_handler_table_3
                0x00000088        0x4 src/ASF/avr32/drivers/intc/intc.o
 .bss._int_line_handler_table_4
                0x0000008c       0x10 src/ASF/avr32/drivers/intc/intc.o
 .bss._int_line_handler_table_5
                0x0000009c       0x10 src/ASF/avr32/drivers/intc/intc.o
 .bss._int_line_handler_table_6
                0x000000ac       0x10 src/ASF/avr32/drivers/intc/intc.o
 .bss._int_line_handler_table_7
                0x000000bc        0x4 src/ASF/avr32/drivers/intc/intc.o
 .bss._int_line_handler_table_8
                0x000000c0        0x4 src/ASF/avr32/drivers/intc/intc.o
 .bss._int_line_handler_table_9
                0x000000c4        0x4 src/ASF/avr32/drivers/intc/intc.o
 .bss._int_line_handler_table_24
                0x000000c8        0x4 src/ASF/avr32/drivers/intc/intc.o
 .bss._int_line_handler_table_26
                0x000000cc        0xc src/ASF/avr32/drivers/intc/intc.o
 .bss._int_line_handler_table_25
                0x000000d8        0xc src/ASF/avr32/drivers/intc/intc.o
 .bss._int_line_handler_table_27
                0x000000e4        0x4 src/ASF/avr32/drivers/intc/intc.o
 .bss._int_line_handler_table_28
                0x000000e8        0x4 src/ASF/avr32/drivers/intc/intc.o
 .bss._int_line_handler_table_29
                0x000000ec        0x4 src/ASF/avr32/drivers/intc/intc.o
 .bss._int_line_handler_table_30
                0x000000f0        0x4 src/ASF/avr32/drivers/intc/intc.o
 *(COMMON)
 COMMON         0x000000f4        0x8 src/ASF/common/services/sleepmgr/uc3/sleepmgr.o
                0x000000f4                sleepmgr_locks
 COMMON         0x000000fc      0xc14 src/main.o
                0x000000fc                data_ready
                0x000000fd                device_id
                0x00000100                status_word
                0x00000104                read_request_flag
                0x00000106                channel_array
                0x00000d06                payload_size
                0x00000d08                status_request_flag
                0x00000d0c                sample_idx
                0x00000d10                . = ALIGN (0x8)
                0x00000d10                . = ALIGN (0x8)
                0x00000d10                _end = .
                0x00000d10                PROVIDE (end, .)
                0x00000d10                __heap_start__ = ALIGN (0x8)

.heap           0x00000d10     0x22f0
 *(.heap)
                0x000022f0                . = (__heap_size__ == __max_heap_size__)?(((ORIGIN (INTRAM) + 0x3ffc) - __stack_size__) - ABSOLUTE (.)):__heap_size__
 *fill*         0x00000d10     0x22f0 
                0x00003000                __heap_end__ = .

.stab
 *(.stab)

.stabstr
 *(.stabstr)

.stab.excl
 *(.stab.excl)

.stab.exclstr
 *(.stab.exclstr)

.stab.index
 *(.stab.index)

.stab.indexstr
 *(.stab.indexstr)

.comment        0x00000000       0x30
 *(.comment)
 .comment       0x00000000       0x30 src/ads1299.o
                                 0x31 (size before relaxing)
 .comment       0x00000000       0x31 src/ASF/avr32/boards/uc3_l0_xplained/init.o
 .comment       0x00000000       0x31 src/ASF/avr32/boards/uc3_l0_xplained/led.o
 .comment       0x00000000       0x31 src/ASF/avr32/drivers/eic/eic.o
 .comment       0x00000000       0x31 src/ASF/avr32/drivers/flashcdw/flashcdw.o
 .comment       0x00000000       0x31 src/ASF/avr32/drivers/gpio/gpio.o
 .comment       0x00000000       0x31 src/ASF/avr32/drivers/intc/intc.o
 .comment       0x00000000       0x31 src/ASF/avr32/drivers/spi/spi.o
 .comment       0x00000000       0x31 src/ASF/avr32/drivers/usart/usart.o
 .comment       0x00000000       0x31 src/ASF/common/services/clock/uc3l/dfll.o
 .comment       0x00000000       0x31 src/ASF/common/services/clock/uc3l/osc.o
 .comment       0x00000000       0x31 src/ASF/common/services/clock/uc3l/sysclk.o
 .comment       0x00000000       0x31 src/ASF/common/services/sleepmgr/uc3/sleepmgr.o
 .comment       0x00000000       0x31 src/main.o
 .comment       0x00000000       0x31 c:/program files/atmel/atmel toolchain/avr32 gcc/native/3.4.2.435/avr32-gnu-toolchain/bin/../lib/gcc/avr32/4.4.7/ucr3\libgcc.a(_udivdi3.o)

.debug
 *(.debug)

.line
 *(.line)

.debug_srcinfo
 *(.debug_srcinfo)

.debug_sfnames
 *(.debug_sfnames)

.debug_aranges  0x00000000      0x7c8
 *(.debug_aranges)
 .debug_aranges
                0x00000000       0x40 src/ads1299.o
 .debug_aranges
                0x00000040       0x20 src/ASF/avr32/boards/uc3_l0_xplained/init.o
 .debug_aranges
                0x00000060       0x78 src/ASF/avr32/boards/uc3_l0_xplained/led.o
 .debug_aranges
                0x000000d8       0x88 src/ASF/avr32/drivers/eic/eic.o
 .debug_aranges
                0x00000160      0x258 src/ASF/avr32/drivers/flashcdw/flashcdw.o
 .debug_aranges
                0x000003b8      0x110 src/ASF/avr32/drivers/gpio/gpio.o
 .debug_aranges
                0x000004c8       0x38 src/ASF/avr32/drivers/intc/intc.o
 .debug_aranges
                0x00000500       0xa8 src/ASF/avr32/drivers/spi/spi.o
 .debug_aranges
                0x000005a8       0xd8 src/ASF/avr32/drivers/usart/usart.o
 .debug_aranges
                0x00000680       0x40 src/ASF/common/services/clock/uc3l/dfll.o
 .debug_aranges
                0x000006c0       0x48 src/ASF/common/services/clock/uc3l/osc.o
 .debug_aranges
                0x00000708       0x50 src/ASF/common/services/clock/uc3l/sysclk.o
 .debug_aranges
                0x00000758       0x50 src/main.o
 .debug_aranges
                0x000007a8       0x20 c:/program files/atmel/atmel toolchain/avr32 gcc/native/3.4.2.435/avr32-gnu-toolchain/bin/../lib/gcc/avr32/4.4.7/ucr3\libgcc.a(_udivdi3.o)

.debug_pubnames
                0x00000000     0x173e
 *(.debug_pubnames)
 .debug_pubnames
                0x00000000       0x8e src/ads1299.o
 .debug_pubnames
                0x0000008e       0x21 src/ASF/avr32/boards/uc3_l0_xplained/init.o
 .debug_pubnames
                0x000000af       0xf6 src/ASF/avr32/boards/uc3_l0_xplained/led.o
 .debug_pubnames
                0x000001a5      0x186 src/ASF/avr32/drivers/eic/eic.o
 .debug_pubnames
                0x0000032b      0x950 src/ASF/avr32/drivers/flashcdw/flashcdw.o
 .debug_pubnames
                0x00000c7b      0x359 src/ASF/avr32/drivers/gpio/gpio.o
 .debug_pubnames
                0x00000fd4       0x62 src/ASF/avr32/drivers/intc/intc.o
 .debug_pubnames
                0x00001036      0x178 src/ASF/avr32/drivers/spi/spi.o
 .debug_pubnames
                0x000011ae      0x227 src/ASF/avr32/drivers/usart/usart.o
 .debug_pubnames
                0x000013d5       0xa0 src/ASF/common/services/clock/uc3l/dfll.o
 .debug_pubnames
                0x00001475       0xb3 src/ASF/common/services/clock/uc3l/osc.o
 .debug_pubnames
                0x00001528       0xca src/ASF/common/services/clock/uc3l/sysclk.o
 .debug_pubnames
                0x000015f2       0x25 src/ASF/common/services/sleepmgr/uc3/sleepmgr.o
 .debug_pubnames
                0x00001617      0x107 src/main.o
 .debug_pubnames
                0x0000171e       0x20 c:/program files/atmel/atmel toolchain/avr32 gcc/native/3.4.2.435/avr32-gnu-toolchain/bin/../lib/gcc/avr32/4.4.7/ucr3\libgcc.a(_udivdi3.o)

.debug_info     0x00000000    0x166e2
 *(.debug_info .gnu.linkonce.wi.*)
 .debug_info    0x00000000     0x2a3e src/ads1299.o
 .debug_info    0x00002a3e      0x132 src/ASF/avr32/boards/uc3_l0_xplained/init.o
 .debug_info    0x00002b70      0xa9e src/ASF/avr32/boards/uc3_l0_xplained/led.o
 .debug_info    0x0000360e     0x1981 src/ASF/avr32/drivers/eic/eic.o
 .debug_info    0x00004f8f     0x21e0 src/ASF/avr32/drivers/flashcdw/flashcdw.o
 .debug_info    0x0000716f      0xf10 src/ASF/avr32/drivers/gpio/gpio.o
 .debug_info    0x0000807f      0x6a3 src/ASF/avr32/drivers/intc/intc.o
 .debug_info    0x00008722     0x1305 src/ASF/avr32/drivers/spi/spi.o
 .debug_info    0x00009a27     0x2f84 src/ASF/avr32/drivers/usart/usart.o
 .debug_info    0x0000c9ab     0x2137 src/ASF/common/services/clock/uc3l/dfll.o
 .debug_info    0x0000eae2     0x1b49 src/ASF/common/services/clock/uc3l/osc.o
 .debug_info    0x0001062b     0x1084 src/ASF/common/services/clock/uc3l/sysclk.o
 .debug_info    0x000116af       0xff src/ASF/common/services/sleepmgr/uc3/sleepmgr.o
 .debug_info    0x000117ae     0x49b9 src/main.o
 .debug_info    0x00016167      0x57b c:/program files/atmel/atmel toolchain/avr32 gcc/native/3.4.2.435/avr32-gnu-toolchain/bin/../lib/gcc/avr32/4.4.7/ucr3\libgcc.a(_udivdi3.o)

.debug_abbrev   0x00000000     0x23f0
 *(.debug_abbrev)
 .debug_abbrev  0x00000000      0x356 src/ads1299.o
 .debug_abbrev  0x00000356       0xae src/ASF/avr32/boards/uc3_l0_xplained/init.o
 .debug_abbrev  0x00000404      0x226 src/ASF/avr32/boards/uc3_l0_xplained/led.o
 .debug_abbrev  0x0000062a      0x218 src/ASF/avr32/drivers/eic/eic.o
 .debug_abbrev  0x00000842      0x493 src/ASF/avr32/drivers/flashcdw/flashcdw.o
 .debug_abbrev  0x00000cd5      0x340 src/ASF/avr32/drivers/gpio/gpio.o
 .debug_abbrev  0x00001015      0x1f2 src/ASF/avr32/drivers/intc/intc.o
 .debug_abbrev  0x00001207      0x28e src/ASF/avr32/drivers/spi/spi.o
 .debug_abbrev  0x00001495      0x352 src/ASF/avr32/drivers/usart/usart.o
 .debug_abbrev  0x000017e7      0x2c4 src/ASF/common/services/clock/uc3l/dfll.o
 .debug_abbrev  0x00001aab      0x1a1 src/ASF/common/services/clock/uc3l/osc.o
 .debug_abbrev  0x00001c4c      0x256 src/ASF/common/services/clock/uc3l/sysclk.o
 .debug_abbrev  0x00001ea2       0x7d src/ASF/common/services/sleepmgr/uc3/sleepmgr.o
 .debug_abbrev  0x00001f1f      0x377 src/main.o
 .debug_abbrev  0x00002296      0x15a c:/program files/atmel/atmel toolchain/avr32 gcc/native/3.4.2.435/avr32-gnu-toolchain/bin/../lib/gcc/avr32/4.4.7/ucr3\libgcc.a(_udivdi3.o)

.debug_line     0x00000000     0xa782
 *(.debug_line)
 .debug_line    0x00000000      0xec8 src/ads1299.o
 .debug_line    0x00000ec8      0x7c8 src/ASF/avr32/boards/uc3_l0_xplained/init.o
 .debug_line    0x00001690      0x9ab src/ASF/avr32/boards/uc3_l0_xplained/led.o
 .debug_line    0x0000203b      0x9ef src/ASF/avr32/drivers/eic/eic.o
 .debug_line    0x00002a2a     0x172c src/ASF/avr32/drivers/flashcdw/flashcdw.o
 .debug_line    0x00004156      0xdfa src/ASF/avr32/drivers/gpio/gpio.o
 .debug_line    0x00004f50      0x776 src/ASF/avr32/drivers/intc/intc.o
 .debug_line    0x000056c6      0xaff src/ASF/avr32/drivers/spi/spi.o
 .debug_line    0x000061c5      0xf0e src/ASF/avr32/drivers/usart/usart.o
 .debug_line    0x000070d3      0xb73 src/ASF/common/services/clock/uc3l/dfll.o
 .debug_line    0x00007c46      0x968 src/ASF/common/services/clock/uc3l/osc.o
 .debug_line    0x000085ae      0xac0 src/ASF/common/services/clock/uc3l/sysclk.o
 .debug_line    0x0000906e      0x757 src/ASF/common/services/sleepmgr/uc3/sleepmgr.o
 .debug_line    0x000097c5      0xdec src/main.o
 .debug_line    0x0000a5b1      0x1d1 c:/program files/atmel/atmel toolchain/avr32 gcc/native/3.4.2.435/avr32-gnu-toolchain/bin/../lib/gcc/avr32/4.4.7/ucr3\libgcc.a(_udivdi3.o)

.debug_frame    0x00000000     0x1368
 *(.debug_frame)
 .debug_frame   0x00000000       0xac src/ads1299.o
 .debug_frame   0x000000ac       0x2c src/ASF/avr32/boards/uc3_l0_xplained/init.o
 .debug_frame   0x000000d8       0xfc src/ASF/avr32/boards/uc3_l0_xplained/led.o
 .debug_frame   0x000001d4      0x100 src/ASF/avr32/drivers/eic/eic.o
 .debug_frame   0x000002d4      0x790 src/ASF/avr32/drivers/flashcdw/flashcdw.o
 .debug_frame   0x00000a64      0x230 src/ASF/avr32/drivers/gpio/gpio.o
 .debug_frame   0x00000c94       0x60 src/ASF/avr32/drivers/intc/intc.o
 .debug_frame   0x00000cf4      0x164 src/ASF/avr32/drivers/spi/spi.o
 .debug_frame   0x00000e58      0x25c src/ASF/avr32/drivers/usart/usart.o
 .debug_frame   0x000010b4       0x6c src/ASF/common/services/clock/uc3l/dfll.o
 .debug_frame   0x00001120       0x70 src/ASF/common/services/clock/uc3l/osc.o
 .debug_frame   0x00001190       0xbc src/ASF/common/services/clock/uc3l/sysclk.o
 .debug_frame   0x0000124c       0xd8 src/main.o
 .debug_frame   0x00001324       0x44 c:/program files/atmel/atmel toolchain/avr32 gcc/native/3.4.2.435/avr32-gnu-toolchain/bin/../lib/gcc/avr32/4.4.7/ucr3\libgcc.a(_udivdi3.o)

.debug_str      0x00000000     0x4dec
 *(.debug_str)
 .debug_str     0x00000000     0x1462 src/ads1299.o
                               0x15b1 (size before relaxing)
 .debug_str     0x00001462       0x88 src/ASF/avr32/boards/uc3_l0_xplained/init.o
                                0x1ad (size before relaxing)
 .debug_str     0x000014ea      0x38b src/ASF/avr32/boards/uc3_l0_xplained/led.o
                                0x4fb (size before relaxing)
 .debug_str     0x00001875      0x382 src/ASF/avr32/drivers/eic/eic.o
                                0x4f3 (size before relaxing)
 .debug_str     0x00001bf7      0xc98 src/ASF/avr32/drivers/flashcdw/flashcdw.o
                                0xe9b (size before relaxing)
 .debug_str     0x0000288f      0x32a src/ASF/avr32/drivers/gpio/gpio.o
                                0x6db (size before relaxing)
 .debug_str     0x00002bb9      0x4a6 src/ASF/avr32/drivers/intc/intc.o
                                0x5df (size before relaxing)
 .debug_str     0x0000305f      0x249 src/ASF/avr32/drivers/spi/spi.o
                                0x68d (size before relaxing)
 .debug_str     0x000032a8      0x8ab src/ASF/avr32/drivers/usart/usart.o
                                0xab1 (size before relaxing)
 .debug_str     0x00003b53      0x9b6 src/ASF/common/services/clock/uc3l/dfll.o
                                0xc70 (size before relaxing)
 .debug_str     0x00004509       0xb5 src/ASF/common/services/clock/uc3l/osc.o
                                0x9e2 (size before relaxing)
 .debug_str     0x000045be      0x40a src/ASF/common/services/clock/uc3l/sysclk.o
                                0x6d8 (size before relaxing)
 .debug_str     0x000049c8       0xe4 src/ASF/common/services/sleepmgr/uc3/sleepmgr.o
                                0x208 (size before relaxing)
 .debug_str     0x00004aac      0x1fc src/main.o
                               0x120a (size before relaxing)
 .debug_str     0x00004ca8      0x144 c:/program files/atmel/atmel toolchain/avr32 gcc/native/3.4.2.435/avr32-gnu-toolchain/bin/../lib/gcc/avr32/4.4.7/ucr3\libgcc.a(_udivdi3.o)
                                0x1f9 (size before relaxing)

.debug_loc      0x00000000     0x36af
 *(.debug_loc)
 .debug_loc     0x00000000      0x32b src/ads1299.o
 .debug_loc     0x0000032b       0x2c src/ASF/avr32/boards/uc3_l0_xplained/init.o
 .debug_loc     0x00000357      0x15c src/ASF/avr32/boards/uc3_l0_xplained/led.o
 .debug_loc     0x000004b3       0x7e src/ASF/avr32/drivers/eic/eic.o
 .debug_loc     0x00000531     0x141d src/ASF/avr32/drivers/flashcdw/flashcdw.o
 .debug_loc     0x0000194e      0x4b5 src/ASF/avr32/drivers/gpio/gpio.o
 .debug_loc     0x00001e03       0x89 src/ASF/avr32/drivers/intc/intc.o
 .debug_loc     0x00001e8c      0x3d1 src/ASF/avr32/drivers/spi/spi.o
 .debug_loc     0x0000225d      0x910 src/ASF/avr32/drivers/usart/usart.o
 .debug_loc     0x00002b6d       0x49 src/ASF/common/services/clock/uc3l/dfll.o
 .debug_loc     0x00002bb6      0x1f3 src/ASF/common/services/clock/uc3l/sysclk.o
 .debug_loc     0x00002da9      0x1a9 src/main.o
 .debug_loc     0x00002f52      0x75d c:/program files/atmel/atmel toolchain/avr32 gcc/native/3.4.2.435/avr32-gnu-toolchain/bin/../lib/gcc/avr32/4.4.7/ucr3\libgcc.a(_udivdi3.o)

.debug_macinfo  0x00000000   0x989461
 *(.debug_macinfo)
 .debug_macinfo
                0x00000000    0xb0714 src/ads1299.o
 .debug_macinfo
                0x000b0714    0xae89d src/ASF/avr32/boards/uc3_l0_xplained/init.o
 .debug_macinfo
                0x0015efb1    0xae634 src/ASF/avr32/boards/uc3_l0_xplained/led.o
 .debug_macinfo
                0x0020d5e5    0xad36e src/ASF/avr32/drivers/eic/eic.o
 .debug_macinfo
                0x002ba953    0xad22a src/ASF/avr32/drivers/flashcdw/flashcdw.o
 .debug_macinfo
                0x00367b7d    0xad2e4 src/ASF/avr32/drivers/gpio/gpio.o
 .debug_macinfo
                0x00414e61    0xad391 src/ASF/avr32/drivers/intc/intc.o
 .debug_macinfo
                0x004c21f2    0xad132 src/ASF/avr32/drivers/spi/spi.o
 .debug_macinfo
                0x0056f324    0xad4f5 src/ASF/avr32/drivers/usart/usart.o
 .debug_macinfo
                0x0061c819    0xaf1c8 src/ASF/common/services/clock/uc3l/dfll.o
 .debug_macinfo
                0x006cb9e1    0xaed32 src/ASF/common/services/clock/uc3l/osc.o
 .debug_macinfo
                0x0077a713    0xafb39 src/ASF/common/services/clock/uc3l/sysclk.o
 .debug_macinfo
                0x0082a24c    0xad261 src/ASF/common/services/sleepmgr/uc3/sleepmgr.o
 .debug_macinfo
                0x008d74ad    0xb1fb4 src/main.o

.debug_weaknames
 *(.debug_weaknames)

.debug_funcnames
 *(.debug_funcnames)

.debug_typenames
 *(.debug_typenames)

.debug_varnames
 *(.debug_varnames)

.stack          0x00003000     0x1000
                0x00003000                _stack = .
 *(.stack)
                0x00001000                . = __stack_size__
 *fill*         0x00003000     0x1000 
                0x00004000                _estack = .

.userpage
 *(.userpage .userpage.*)

/DISCARD/
 *(.note.GNU-stack)
OUTPUT(SPI Communication Test.elf elf32-avr32)

.debug_ranges   0x00000000     0x1068
 .debug_ranges  0x00000000      0x370 src/ads1299.o
 .debug_ranges  0x00000370       0x18 src/ASF/avr32/boards/uc3_l0_xplained/init.o
 .debug_ranges  0x00000388       0x70 src/ASF/avr32/boards/uc3_l0_xplained/led.o
 .debug_ranges  0x000003f8       0x80 src/ASF/avr32/drivers/eic/eic.o
 .debug_ranges  0x00000478      0x4b8 src/ASF/avr32/drivers/flashcdw/flashcdw.o
 .debug_ranges  0x00000930      0x138 src/ASF/avr32/drivers/gpio/gpio.o
 .debug_ranges  0x00000a68       0x48 src/ASF/avr32/drivers/intc/intc.o
 .debug_ranges  0x00000ab0       0xa0 src/ASF/avr32/drivers/spi/spi.o
 .debug_ranges  0x00000b50      0x218 src/ASF/avr32/drivers/usart/usart.o
 .debug_ranges  0x00000d68      0x1a0 src/ASF/common/services/clock/uc3l/dfll.o
 .debug_ranges  0x00000f08       0x40 src/ASF/common/services/clock/uc3l/osc.o
 .debug_ranges  0x00000f48       0x48 src/ASF/common/services/clock/uc3l/sysclk.o
 .debug_ranges  0x00000f90       0x60 src/main.o
 .debug_ranges  0x00000ff0       0x78 c:/program files/atmel/atmel toolchain/avr32 gcc/native/3.4.2.435/avr32-gnu-toolchain/bin/../lib/gcc/avr32/4.4.7/ucr3\libgcc.a(_udivdi3.o)
