eeschema (2013-05-31 BZR 4019)-stable  >> Creation date: 7/23/2013 3:09:43 PM
#Cmp ( order = Reference )
| C1         0.1uF       ; Kemet       ; C0603C104K4RACTU; DigiKey     ; $0.10/1, $0.022/10, $0.0118/50;             ;             ;             ;             
| C2         1nF         ; Kemet       ; C0603C102K3RACTU; DigiKey     ; $0.10/1, $0.02/10, $0.0108/50;             ;             ;             ;             
| C3         10uF        ; Kemet       ; C0805C106Z8VACTU; DigiKey     ; $0.16/1, $0.111/10, $0.063/50;             ;             ;             ;             
| C4         1uF         ; Kemet       ; C0603C105K8PACTU; DigiKey     ; $0.10/1, $0.039/10, $0.021/50;             ;             ;             ;             
| C5         1uF         ; Kemet       ; C0603C105K8PACTU; DigiKey     ; $0.10/1, $0.039/10, $0.021/50;             ;             ;             ;             
| C6         0.1uF       ; Kemet       ; C0603C104K4RACTU; DigiKey     ; $0.10/1, $0.022/10, $0.0118/50;             ;             ;             ;             
| C7         1uF         ; Kemet       ; C0603C105K8PACTU; DigiKey     ; $0.10/1, $0.039/10, $0.021/50;             ;             ;             ;             
| C8         100uF       ; Vishay Sprague; TL8A0107M010C; DigiKey     ; $1.35/1, $1.128/10;             ;             ;             ;             
| C9         1uF         ; Kemet       ; C0603C105K8PACTU; DigiKey     ; $0.10/1, $0.039/10, $0.021/50;             ;             ;             ;             
| C10        1uF         ; Kemet       ; C0603C105K8PACTU; DigiKey     ; $0.10/1, $0.039/10, $0.021/50;             ;             ;             ;             
| C11        0.1uF       ; Kemet       ; C0603C104K4RACTU; DigiKey     ; $0.10/1, $0.022/10, $0.0118/50;             ;             ;             ;             
| C12        0.1uF       ; Kemet       ; C0603C104K4RACTU; DigiKey     ; $0.10/1, $0.022/10, $0.0118/50;             ;             ;             ;             
| C13        1uF         ; Kemet       ; C0603C105K8PACTU; DigiKey     ; $0.10/1, $0.039/10, $0.021/50;             ;             ;             ;             
| C14        1uF         ; Kemet       ; C0603C105K8PACTU; DigiKey     ; $0.10/1, $0.039/10, $0.021/50;             ;             ;             ;             
| C15        0.1uF       ; Kemet       ; C0603C104K4RACTU; DigiKey     ; $0.10/1, $0.022/10, $0.0118/50;             ;             ;             ;             
| C16        0.1uF       ; Kemet       ; C0603C104K4RACTU; DigiKey     ; $0.10/1, $0.022/10, $0.0118/50;             ;             ;             ;             
| C17        0.1uF       ; Kemet       ; C0603C104K4RACTU; DigiKey     ; $0.10/1, $0.022/10, $0.0118/50;             ;             ;             ;             
| C18        0.1uF       ; Kemet       ; C0603C104K4RACTU; DigiKey     ; $0.10/1, $0.022/10, $0.0118/50;             ;             ;             ;             
| C19        0.1uF       ; Kemet       ; C0603C104K4RACTU; DigiKey     ; $0.10/1, $0.022/10, $0.0118/50;             ;             ;             ;             
| C20        4.7nF       ; Kemet       ; C0603C472K5RACTU; DigiKey     ; $0.10/1, $0.03/10, $0.0162/50;             ;             ;             ;             
| C21        4.7nF       ; Kemet       ; C0603C472K5RACTU; DigiKey     ; $0.10/1, $0.03/10, $0.0162/50;             ;             ;             ;             
| C22        4.7nF       ; Kemet       ; C0603C472K5RACTU; DigiKey     ; $0.10/1, $0.03/10, $0.0162/50;             ;             ;             ;             
| C23        4.7nF       ; Kemet       ; C0603C472K5RACTU; DigiKey     ; $0.10/1, $0.03/10, $0.0162/50;             ;             ;             ;             
| C24        4.7nF       ; Kemet       ; C0603C472K5RACTU; DigiKey     ; $0.10/1, $0.03/10, $0.0162/50;             ;             ;             ;             
| C25        4.7nF       ; Kemet       ; C0603C472K5RACTU; DigiKey     ; $0.10/1, $0.03/10, $0.0162/50;             ;             ;             ;             
| C26        4.7nF       ; Kemet       ; C0603C472K5RACTU; DigiKey     ; $0.10/1, $0.03/10, $0.0162/50;             ;             ;             ;             
| C27        4.7nF       ; Kemet       ; C0603C472K5RACTU; DigiKey     ; $0.10/1, $0.03/10, $0.0162/50;             ;             ;             ;             
| C28        4.7nF       ; Kemet       ; C0603C472K5RACTU; DigiKey     ; $0.10/1, $0.03/10, $0.0162/50;             ;             ;             ;             
| C29        0.1uF       ; Kemet       ; C0603C104K4RACTU; DigiKey     ; $0.10/1, $0.022/10, $0.0118/50;             ;             ;             ;             
| C30        2.2uF       ; Kemet       ; C0603C225K8PACTU; DigiKey     ; $0.17/1, $0.113/10, $0.0676/50;             ;             ;             ;             
| C31        0.1uF       ; Kemet       ; C0603C104K4RACTU; DigiKey     ; $0.10/1, $0.022/10, $0.0118/50;             ;             ;             ;             
| C32        10uF        ; Kemet       ; C0805C106Z8VACTU; DigiKey     ; $0.16/1, $0.111/10, $0.063/50;             ;             ;             ;             
| C33        0.1uF       ; Kemet       ; C0603C104K4RACTU; DigiKey     ; $0.10/1, $0.022/10, $0.0118/50;             ;             ;             ;             
| C34        0.1uF       ; Kemet       ; C0603C104K4RACTU; DigiKey     ; $0.10/1, $0.022/10, $0.0118/50;             ;             ;             ;             
| C35        0.1uF       ; Kemet       ; C0603C104K4RACTU; DigiKey     ; $0.10/1, $0.022/10, $0.0118/50;             ;             ;             ;             
| C36        0.1uF       ; Kemet       ; C0603C104K4RACTU; DigiKey     ; $0.10/1, $0.022/10, $0.0118/50;             ;             ;             ;             
| D1         RED         ; Kingbright Company LLC; APT1608SRCPRV; DigiKey     ; $0.17/1, $0.131/10, $0.1044/25;             ;             ;             ;             
| D2         GREEN       ; Kingbright Company LLC; APT1608SGC  ; DigiKey     ; $0.16/1, $0.117/10, $0.0936/25;             ;             ;             ;             
| P1         WP          ;             ;             ;             ;             ;             ;             ;             ;             
| P2         CONN_12     ; Sullins Connector Solutions; PPPC121LGBN-RC; DigiKey     ; $1.01/1, $0.84/10, $0.7776/25;             ;             ;             ;             
| P3         CONN_5X2    ; FCI         ; 68602-110HLF; DigiKey     ; $0.33/1, $0.308/10, $0.2644/25;             ;             ;             ;             
| P4         BTRST       ;             ;             ;             ;             ;             ;             ;             ;             
| P5         GND         ;             ;             ;             ;             ;             ;             ;             ;             
| P6         5VD         ;             ;             ;             ;             ;             ;             ;             ;             
| P7         3V3         ;             ;             ;             ;             ;             ;             ;             ;             
| P8         5VA         ;             ;             ;             ;             ;             ;             ;             ;             
| R1         4.7K        ; Stackpole Electronics; RMCF0603JT4K70; DigiKey     ; $0.02/1, $0.017/10, $0.0092/50;             ;             ;             ;             
| R2         4.7K        ; Stackpole Electronics; RMCF0603JT4K70; DigiKey     ; $0.02/1, $0.017/10, $0.0092/50;             ;             ;             ;             
| R3         4.7K        ; Stackpole Electronics; RMCF0603JT4K70; DigiKey     ; $0.02/1, $0.017/10, $0.0092/50;             ;             ;             ;             
| R4         10K         ; Stackpole Electronics; RMCF0603JT10K0; DigiKey     ; $0.02/1, $0.017/10, $0.0092/50;             ;             ;             ;             
| R5         5.6K        ; Stackpole Electronics; RMCF0603JT5K60; DigiKey     ; $0.02/1, $0.017/10, $0.0092/50;             ;             ;             ;             
| R6         5.6K        ; Stackpole Electronics; RMCF0603JT5K60; DigiKey     ; $0.02/1, $0.017/10, $0.0092/50;             ;             ;             ;             
| R7         10K         ; Stackpole Electronics; RMCF0603JT10K0; DigiKey     ; $0.02/1, $0.017/10, $0.0092/50;             ;             ;             ;             
| R8         10K         ; Stackpole Electronics; RMCF0603JT10K0; DigiKey     ; $0.02/1, $0.017/10, $0.0092/50;             ;             ;             ;             
| R9         499K,0.1%   ; Stackpole Electronics; RNCS0805BKE499K; DigiKey     ; $0.77/1, $0.523/10, $0.3162/50;             ;             ;             ;             
| R10        10K         ; Stackpole Electronics; RMCF0603JT10K0; DigiKey     ; $0.02/1, $0.017/10, $0.0092/50;             ;             ;             ;             
| R11        4.99K       ; Stackpole Electronics; RNCS0603BKE4K99; DigiKey     ; $0.70/1, $0.475/10, $0.2876/50;             ;             ;             ;             
| R12        4.99K       ; Stackpole Electronics; RNCS0603BKE4K99; DigiKey     ; $0.70/1, $0.475/10, $0.2876/50;             ;             ;             ;             
| R13        4.99K       ; Stackpole Electronics; RNCS0603BKE4K99; DigiKey     ; $0.70/1, $0.475/10, $0.2876/50;             ;             ;             ;             
| R14        4.99K       ; Stackpole Electronics; RNCS0603BKE4K99; DigiKey     ; $0.70/1, $0.475/10, $0.2876/50;             ;             ;             ;             
| R15        4.99K       ; Stackpole Electronics; RNCS0603BKE4K99; DigiKey     ; $0.70/1, $0.475/10, $0.2876/50;             ;             ;             ;             
| R16        4.99K       ; Stackpole Electronics; RNCS0603BKE4K99; DigiKey     ; $0.70/1, $0.475/10, $0.2876/50;             ;             ;             ;             
| R17        4.99K       ; Stackpole Electronics; RNCS0603BKE4K99; DigiKey     ; $0.70/1, $0.475/10, $0.2876/50;             ;             ;             ;             
| R18        4.99K       ; Stackpole Electronics; RNCS0603BKE4K99; DigiKey     ; $0.70/1, $0.475/10, $0.2876/50;             ;             ;             ;             
| R19        4.99K       ; Stackpole Electronics; RNCS0603BKE4K99; DigiKey     ; $0.70/1, $0.475/10, $0.2876/50;             ;             ;             ;             
| R20        4.99K       ; Stackpole Electronics; RNCS0603BKE4K99; DigiKey     ; $0.70/1, $0.475/10, $0.2876/50;             ;             ;             ;             
| R21        4.99K       ; Stackpole Electronics; RNCS0603BKE4K99; DigiKey     ; $0.70/1, $0.475/10, $0.2876/50;             ;             ;             ;             
| R22        330         ; Stackpole Electronics; RMCF0603JT330R; DigiKey     ; $0.02/1, $0.017/10, $0.0092/50;             ;             ;             ;             
| R23        330         ; Stackpole Electronics; RMCF0603JT330R; DigiKey     ; $0.02/1, $0.017/10, $0.0092/50;             ;             ;             ;             
| R24        10K         ; Stackpole Electronics; RMCF0603JT10K0; DigiKey     ; $0.02/1, $0.017/10, $0.0092/50;             ;             ;             ;             
| S2         SMT_BUTTON  ; C&K Components; KMR231GLFS  ; DigiKey     ; $0.64/1, $0.604/10, $0.5436/25;             ;             ;             ;             
| SJ1        SOLDERJUMPER_2WAYPASTE2&3;             ;             ;             ;             ;             ;             ;             ;             
| SJ2        SOLDERJUMPER_2WAYPASTE2&3;             ;             ;             ;             ;             ;             ;             ;             
| SJ3        SOLDERJUMPERNO;             ;             ;             ;             ;             ;             ;             ;             
| SJ4        SOLDERJUMPERNC2;             ;             ;             ;             ;             ;             ;             ;             
| SJ5        SOLDERJUMPERNC2;             ;             ;             ;             ;             ;             ;             ;             
| U1         24C256      ; Fremont Micro Devices USA; FT24C256A-UMR-B; DigiKey     ; $0.92/1, $0.805/10, $0.7132/25;             ;             ;             ;             
| U2         BEAGLEBONE_BLACK;             ;             ;             ;             ;             ;             ;             ;             
| U3         OPA2376     ; Texas Instruments; OPA2376AIDGKR; DigiKey     ; $2.73/1, $2.462/10, $2.206/25;             ;             ;             ;             
| U4         ADS1299     ; Low-Noise, 8-Channel, 24-Bit Analog Front-End for Biopotential Measurements; Texas Instruments; ADS1299IPAG ; DigiKey     ; $58.14/1    ;             ;             ;             
| U5         TPD4E001    ; Texas Instruments; TPD4E001DBVR; Mouser      ; $0.48/1, $0.36/10;             ;             ;             ;             
| U6         TPD4E001    ; Texas Instruments; TPD4E001DBVR; Mouser      ; $0.48/1, $0.36/10;             ;             ;             ;             
| U7         TPD4E001    ; Texas Instruments; TPD4E001DBVR; Mouser      ; $0.48/1, $0.36/10;             ;             ;             ;             
| U8         ATUC3L064   ; Atmel       ; AT32UC3L064-AUT; DigiKey     ; $7.80/1, $4.898/25;             ;             ;             ;             
| U9         BLUETOOTH-RN42; Microchip Technology; RN42-I/RM   ; DigiKey     ; $19.14/1, $15.95/10;             ;             ;             ;             
| U10        TPS73150    ; Texas Instruments; TPS73150DBVT; DigiKey     ; $1.23/1, $1.091/10, $0.9848/25;             ;             ;             ;             
#End Cmp

#Cmp ( order = Value )
| 1nF          C2        ; Kemet       ; C0603C102K3RACTU; DigiKey     ; $0.10/1, $0.02/10, $0.0108/50;             ;             ;             ;             
| 4.7nF        C20       ; Kemet       ; C0603C472K5RACTU; DigiKey     ; $0.10/1, $0.03/10, $0.0162/50;             ;             ;             ;             
| 4.7nF        C21       ; Kemet       ; C0603C472K5RACTU; DigiKey     ; $0.10/1, $0.03/10, $0.0162/50;             ;             ;             ;             
| 4.7nF        C22       ; Kemet       ; C0603C472K5RACTU; DigiKey     ; $0.10/1, $0.03/10, $0.0162/50;             ;             ;             ;             
| 4.7nF        C23       ; Kemet       ; C0603C472K5RACTU; DigiKey     ; $0.10/1, $0.03/10, $0.0162/50;             ;             ;             ;             
| 4.7nF        C24       ; Kemet       ; C0603C472K5RACTU; DigiKey     ; $0.10/1, $0.03/10, $0.0162/50;             ;             ;             ;             
| 4.7nF        C25       ; Kemet       ; C0603C472K5RACTU; DigiKey     ; $0.10/1, $0.03/10, $0.0162/50;             ;             ;             ;             
| 4.7nF        C26       ; Kemet       ; C0603C472K5RACTU; DigiKey     ; $0.10/1, $0.03/10, $0.0162/50;             ;             ;             ;             
| 4.7nF        C27       ; Kemet       ; C0603C472K5RACTU; DigiKey     ; $0.10/1, $0.03/10, $0.0162/50;             ;             ;             ;             
| 4.7nF        C28       ; Kemet       ; C0603C472K5RACTU; DigiKey     ; $0.10/1, $0.03/10, $0.0162/50;             ;             ;             ;             
| 0.1uF        C1        ; Kemet       ; C0603C104K4RACTU; DigiKey     ; $0.10/1, $0.022/10, $0.0118/50;             ;             ;             ;             
| 0.1uF        C6        ; Kemet       ; C0603C104K4RACTU; DigiKey     ; $0.10/1, $0.022/10, $0.0118/50;             ;             ;             ;             
| 0.1uF        C11       ; Kemet       ; C0603C104K4RACTU; DigiKey     ; $0.10/1, $0.022/10, $0.0118/50;             ;             ;             ;             
| 0.1uF        C12       ; Kemet       ; C0603C104K4RACTU; DigiKey     ; $0.10/1, $0.022/10, $0.0118/50;             ;             ;             ;             
| 0.1uF        C15       ; Kemet       ; C0603C104K4RACTU; DigiKey     ; $0.10/1, $0.022/10, $0.0118/50;             ;             ;             ;             
| 0.1uF        C16       ; Kemet       ; C0603C104K4RACTU; DigiKey     ; $0.10/1, $0.022/10, $0.0118/50;             ;             ;             ;             
| 0.1uF        C17       ; Kemet       ; C0603C104K4RACTU; DigiKey     ; $0.10/1, $0.022/10, $0.0118/50;             ;             ;             ;             
| 0.1uF        C18       ; Kemet       ; C0603C104K4RACTU; DigiKey     ; $0.10/1, $0.022/10, $0.0118/50;             ;             ;             ;             
| 0.1uF        C19       ; Kemet       ; C0603C104K4RACTU; DigiKey     ; $0.10/1, $0.022/10, $0.0118/50;             ;             ;             ;             
| 0.1uF        C29       ; Kemet       ; C0603C104K4RACTU; DigiKey     ; $0.10/1, $0.022/10, $0.0118/50;             ;             ;             ;             
| 0.1uF        C31       ; Kemet       ; C0603C104K4RACTU; DigiKey     ; $0.10/1, $0.022/10, $0.0118/50;             ;             ;             ;             
| 0.1uF        C33       ; Kemet       ; C0603C104K4RACTU; DigiKey     ; $0.10/1, $0.022/10, $0.0118/50;             ;             ;             ;             
| 0.1uF        C34       ; Kemet       ; C0603C104K4RACTU; DigiKey     ; $0.10/1, $0.022/10, $0.0118/50;             ;             ;             ;             
| 0.1uF        C35       ; Kemet       ; C0603C104K4RACTU; DigiKey     ; $0.10/1, $0.022/10, $0.0118/50;             ;             ;             ;             
| 0.1uF        C36       ; Kemet       ; C0603C104K4RACTU; DigiKey     ; $0.10/1, $0.022/10, $0.0118/50;             ;             ;             ;             
| 1uF          C4        ; Kemet       ; C0603C105K8PACTU; DigiKey     ; $0.10/1, $0.039/10, $0.021/50;             ;             ;             ;             
| 1uF          C5        ; Kemet       ; C0603C105K8PACTU; DigiKey     ; $0.10/1, $0.039/10, $0.021/50;             ;             ;             ;             
| 1uF          C7        ; Kemet       ; C0603C105K8PACTU; DigiKey     ; $0.10/1, $0.039/10, $0.021/50;             ;             ;             ;             
| 1uF          C9        ; Kemet       ; C0603C105K8PACTU; DigiKey     ; $0.10/1, $0.039/10, $0.021/50;             ;             ;             ;             
| 1uF          C10       ; Kemet       ; C0603C105K8PACTU; DigiKey     ; $0.10/1, $0.039/10, $0.021/50;             ;             ;             ;             
| 1uF          C13       ; Kemet       ; C0603C105K8PACTU; DigiKey     ; $0.10/1, $0.039/10, $0.021/50;             ;             ;             ;             
| 1uF          C14       ; Kemet       ; C0603C105K8PACTU; DigiKey     ; $0.10/1, $0.039/10, $0.021/50;             ;             ;             ;             
| 2.2uF        C30       ; Kemet       ; C0603C225K8PACTU; DigiKey     ; $0.17/1, $0.113/10, $0.0676/50;             ;             ;             ;             
| 10uF         C3        ; Kemet       ; C0805C106Z8VACTU; DigiKey     ; $0.16/1, $0.111/10, $0.063/50;             ;             ;             ;             
| 10uF         C32       ; Kemet       ; C0805C106Z8VACTU; DigiKey     ; $0.16/1, $0.111/10, $0.063/50;             ;             ;             ;             
| 100uF        C8        ; Vishay Sprague; TL8A0107M010C; DigiKey     ; $1.35/1, $1.128/10;             ;             ;             ;             
| RED          D1        ; Kingbright Company LLC; APT1608SRCPRV; DigiKey     ; $0.17/1, $0.131/10, $0.1044/25;             ;             ;             ;             
| GREEN        D2        ; Kingbright Company LLC; APT1608SGC  ; DigiKey     ; $0.16/1, $0.117/10, $0.0936/25;             ;             ;             ;             
| WP           P1        ;             ;             ;             ;             ;             ;             ;             ;             
| CONN_12      P2        ; Sullins Connector Solutions; PPPC121LGBN-RC; DigiKey     ; $1.01/1, $0.84/10, $0.7776/25;             ;             ;             ;             
| CONN_5X2     P3        ; FCI         ; 68602-110HLF; DigiKey     ; $0.33/1, $0.308/10, $0.2644/25;             ;             ;             ;             
| BTRST        P4        ;             ;             ;             ;             ;             ;             ;             ;             
| GND          P5        ;             ;             ;             ;             ;             ;             ;             ;             
| 5VD          P6        ;             ;             ;             ;             ;             ;             ;             ;             
| 3V3          P7        ;             ;             ;             ;             ;             ;             ;             ;             
| 5VA          P8        ;             ;             ;             ;             ;             ;             ;             ;             
| 330          R22       ; Stackpole Electronics; RMCF0603JT330R; DigiKey     ; $0.02/1, $0.017/10, $0.0092/50;             ;             ;             ;             
| 330          R23       ; Stackpole Electronics; RMCF0603JT330R; DigiKey     ; $0.02/1, $0.017/10, $0.0092/50;             ;             ;             ;             
| 4.7K         R1        ; Stackpole Electronics; RMCF0603JT4K70; DigiKey     ; $0.02/1, $0.017/10, $0.0092/50;             ;             ;             ;             
| 4.7K         R2        ; Stackpole Electronics; RMCF0603JT4K70; DigiKey     ; $0.02/1, $0.017/10, $0.0092/50;             ;             ;             ;             
| 4.7K         R3        ; Stackpole Electronics; RMCF0603JT4K70; DigiKey     ; $0.02/1, $0.017/10, $0.0092/50;             ;             ;             ;             
| 4.99K        R11       ; Stackpole Electronics; RNCS0603BKE4K99; DigiKey     ; $0.70/1, $0.475/10, $0.2876/50;             ;             ;             ;             
| 4.99K        R12       ; Stackpole Electronics; RNCS0603BKE4K99; DigiKey     ; $0.70/1, $0.475/10, $0.2876/50;             ;             ;             ;             
| 4.99K        R13       ; Stackpole Electronics; RNCS0603BKE4K99; DigiKey     ; $0.70/1, $0.475/10, $0.2876/50;             ;             ;             ;             
| 4.99K        R14       ; Stackpole Electronics; RNCS0603BKE4K99; DigiKey     ; $0.70/1, $0.475/10, $0.2876/50;             ;             ;             ;             
| 4.99K        R15       ; Stackpole Electronics; RNCS0603BKE4K99; DigiKey     ; $0.70/1, $0.475/10, $0.2876/50;             ;             ;             ;             
| 4.99K        R16       ; Stackpole Electronics; RNCS0603BKE4K99; DigiKey     ; $0.70/1, $0.475/10, $0.2876/50;             ;             ;             ;             
| 4.99K        R17       ; Stackpole Electronics; RNCS0603BKE4K99; DigiKey     ; $0.70/1, $0.475/10, $0.2876/50;             ;             ;             ;             
| 4.99K        R18       ; Stackpole Electronics; RNCS0603BKE4K99; DigiKey     ; $0.70/1, $0.475/10, $0.2876/50;             ;             ;             ;             
| 4.99K        R19       ; Stackpole Electronics; RNCS0603BKE4K99; DigiKey     ; $0.70/1, $0.475/10, $0.2876/50;             ;             ;             ;             
| 4.99K        R20       ; Stackpole Electronics; RNCS0603BKE4K99; DigiKey     ; $0.70/1, $0.475/10, $0.2876/50;             ;             ;             ;             
| 4.99K        R21       ; Stackpole Electronics; RNCS0603BKE4K99; DigiKey     ; $0.70/1, $0.475/10, $0.2876/50;             ;             ;             ;             
| 5.6K         R5        ; Stackpole Electronics; RMCF0603JT5K60; DigiKey     ; $0.02/1, $0.017/10, $0.0092/50;             ;             ;             ;             
| 5.6K         R6        ; Stackpole Electronics; RMCF0603JT5K60; DigiKey     ; $0.02/1, $0.017/10, $0.0092/50;             ;             ;             ;             
| 10K          R4        ; Stackpole Electronics; RMCF0603JT10K0; DigiKey     ; $0.02/1, $0.017/10, $0.0092/50;             ;             ;             ;             
| 10K          R7        ; Stackpole Electronics; RMCF0603JT10K0; DigiKey     ; $0.02/1, $0.017/10, $0.0092/50;             ;             ;             ;             
| 10K          R8        ; Stackpole Electronics; RMCF0603JT10K0; DigiKey     ; $0.02/1, $0.017/10, $0.0092/50;             ;             ;             ;             
| 10K          R10       ; Stackpole Electronics; RMCF0603JT10K0; DigiKey     ; $0.02/1, $0.017/10, $0.0092/50;             ;             ;             ;             
| 10K          R24       ; Stackpole Electronics; RMCF0603JT10K0; DigiKey     ; $0.02/1, $0.017/10, $0.0092/50;             ;             ;             ;             
| 499K,0.1%    R9        ; Stackpole Electronics; RNCS0805BKE499K; DigiKey     ; $0.77/1, $0.523/10, $0.3162/50;             ;             ;             ;             
| SMT_BUTTON   S2        ; C&K Components; KMR231GLFS  ; DigiKey     ; $0.64/1, $0.604/10, $0.5436/25;             ;             ;             ;             
| SOLDERJUMPERNO SJ3       ;             ;             ;             ;             ;             ;             ;             ;             
| SOLDERJUMPERNC2 SJ4       ;             ;             ;             ;             ;             ;             ;             ;             
| SOLDERJUMPERNC2 SJ5       ;             ;             ;             ;             ;             ;             ;             ;             
| SOLDERJUMPER_2WAYPASTE2&3 SJ1       ;             ;             ;             ;             ;             ;             ;             ;             
| SOLDERJUMPER_2WAYPASTE2&3 SJ2       ;             ;             ;             ;             ;             ;             ;             ;             
| 24C256       U1        ; Fremont Micro Devices USA; FT24C256A-UMR-B; DigiKey     ; $0.92/1, $0.805/10, $0.7132/25;             ;             ;             ;             
| BEAGLEBONE_BLACK U2        ;             ;             ;             ;             ;             ;             ;             ;             
| TPD4E001     U5        ; Texas Instruments; TPD4E001DBVR; Mouser      ; $0.48/1, $0.36/10;             ;             ;             ;             
| TPD4E001     U6        ; Texas Instruments; TPD4E001DBVR; Mouser      ; $0.48/1, $0.36/10;             ;             ;             ;             
| TPD4E001     U7        ; Texas Instruments; TPD4E001DBVR; Mouser      ; $0.48/1, $0.36/10;             ;             ;             ;             
| ATUC3L064    U8        ; Atmel       ; AT32UC3L064-AUT; DigiKey     ; $7.80/1, $4.898/25;             ;             ;             ;             
| BLUETOOTH-RN42 U9        ; Microchip Technology; RN42-I/RM   ; DigiKey     ; $19.14/1, $15.95/10;             ;             ;             ;             
| OPA2376      U3        ; Texas Instruments; OPA2376AIDGKR; DigiKey     ; $2.73/1, $2.462/10, $2.206/25;             ;             ;             ;             
| ADS1299      U4        ; Low-Noise, 8-Channel, 24-Bit Analog Front-End for Biopotential Measurements; Texas Instruments; ADS1299IPAG ; DigiKey     ; $58.14/1    ;             ;             ;             
| TPS73150     U10       ; Texas Instruments; TPS73150DBVT; DigiKey     ; $1.23/1, $1.091/10, $0.9848/25;             ;             ;             ;             
#End Cmp

#End List
