Archive member included because of file (symbol)

c:/program files (x86)/atmel/atmel toolchain/avr32 gcc/native/3.4.1057/avr32-gnu-toolchain/bin/../lib/gcc/avr32/4.4.7/ucr3\libgcc.a(_avr32_f64_mul.o)
                              src/ASF/avr32/services/dsp/dsplib/generic/basic/filters/filt_dsp16_lpfirdesign.o (__avr32_f64_mul)
c:/program files (x86)/atmel/atmel toolchain/avr32 gcc/native/3.4.1057/avr32-gnu-toolchain/bin/../lib/gcc/avr32/4.4.7/ucr3\libgcc.a(_avr32_f64_addsub.o)
                              src/ASF/avr32/services/dsp/dsplib/generic/basic/filters/filt_dsp16_lpfirdesign.o (__avr32_f64_add)
c:/program files (x86)/atmel/atmel toolchain/avr32 gcc/native/3.4.1057/avr32-gnu-toolchain/bin/../lib/gcc/avr32/4.4.7/ucr3\libgcc.a(_avr32_f64_to_s32.o)
                              src/ASF/avr32/services/dsp/dsplib/generic/basic/filters/filt_dsp16_lpfirdesign.o (__avr32_f64_to_s32)
c:/program files (x86)/atmel/atmel toolchain/avr32 gcc/native/3.4.1057/avr32-gnu-toolchain/bin/../lib/gcc/avr32/4.4.7/ucr3\libgcc.a(_avr32_s32_to_f64.o)
                              src/ASF/avr32/services/dsp/dsplib/generic/basic/filters/filt_dsp16_lpfirdesign.o (__avr32_s32_to_f64)
c:/program files (x86)/atmel/atmel toolchain/avr32 gcc/native/3.4.1057/avr32-gnu-toolchain/bin/../lib/gcc/avr32/4.4.7/ucr3\libgcc.a(_avr32_f64_cmp_ge.o)
                              src/ASF/avr32/services/dsp/dsplib/generic/basic/filters/filt_dsp16_lpfirdesign.o (__avr32_f64_cmp_ge)
c:/program files (x86)/atmel/atmel toolchain/avr32 gcc/native/3.4.1057/avr32-gnu-toolchain/bin/../lib/gcc/avr32/4.4.7/ucr3\libgcc.a(_divdi3.o)
                              src/ASF/avr32/services/dsp/dsplib/at32uc/basic/filters/filt_dsp32_nlms_at32uc.o (__avr32_sdiv64)
c:/program files (x86)/atmel/atmel toolchain/avr32 gcc/native/3.4.1057/avr32-gnu-toolchain/bin/../lib/gcc/avr32/4.4.7/ucr3\libgcc.a(_udivdi3.o)
                              src/ASF/avr32/drivers/scif/scif_uc3l.o (__avr32_udiv64)
c:/program files (x86)/atmel/atmel toolchain/avr32 gcc/native/3.4.1057/avr32-gnu-toolchain/bin/../lib/gcc/avr32/4.4.7/../../../../avr32/lib/ucr3\libc.a(lib_a-memcpy.o)
                              src/ASF/avr32/services/dsp/dsplib/generic/advanced/resampling/dsp16_resampling.o (memcpy)
c:/program files (x86)/atmel/atmel toolchain/avr32 gcc/native/3.4.1057/avr32-gnu-toolchain/bin/../lib/gcc/avr32/4.4.7/../../../../avr32/lib/ucr3\libc.a(lib_a-memset.o)
                              src/ASF/avr32/services/dsp/dsplib/generic/advanced/resampling/dsp16_resampling.o (memset)

Allocating common symbols
Common symbol       size              file

spi_rx_ads1299_status
                    0x4               src/main.o
spi_buf_read_idx    0x4               src/main.o
spi_rx_data_buffer  0x2000            src/main.o
mu_band_avg         0x4               src/main.o
dsp_filter_output_buffer
                    0x80              src/main.o
sleepmgr_locks      0x8               src/ASF/common/services/sleepmgr/uc3/sleepmgr.o
processing_type     0x4               src/main.o
spi_buf_write_idx   0x4               src/main.o
data_usart_rx_dma_buffer
                    0x3               src/main.o
mpu6050_tx_buffer   0x1               src/mpu60x0.o
usart_tx_buffer_idx
                    0x4               src/main.o
dsp_filter_input_buffer
                    0x100             src/main.o
frame_complete_flag
                    0x4               src/main.o
mpu6050_rx_buffer   0xe               src/mpu60x0.o

Discarded input sections

 .text          0x00000000        0x0 src/ads1299.o
 .data          0x00000000        0x0 src/ads1299.o
 .bss           0x00000000        0x0 src/ads1299.o
 .text.ads1299_rdata24_generic
                0x00000000       0xb8 src/ads1299.o
 .text.ads1299_rdata32_packet
                0x00000000      0x12c src/ads1299.o
 .text.ads1299_device_init
                0x00000000      0x190 src/ads1299.o
 .text          0x00000000        0x0 src/ASF/avr32/drivers/eic/eic.o
 .data          0x00000000        0x0 src/ASF/avr32/drivers/eic/eic.o
 .bss           0x00000000        0x0 src/ASF/avr32/drivers/eic/eic.o
 .text.eic_enable_lines
                0x00000000        0x4 src/ASF/avr32/drivers/eic/eic.o
 .text.eic_disable_lines
                0x00000000        0x4 src/ASF/avr32/drivers/eic/eic.o
 .text.eic_disable_line
                0x00000000        0xa src/ASF/avr32/drivers/eic/eic.o
 .text.eic_is_line_enabled
                0x00000000       0x10 src/ASF/avr32/drivers/eic/eic.o
 .text.eic_enable_interrupt_lines
                0x00000000        0x4 src/ASF/avr32/drivers/eic/eic.o
 .text.eic_is_interrupt_line_enabled
                0x00000000       0x10 src/ASF/avr32/drivers/eic/eic.o
 .text.eic_is_interrupt_line_pending
                0x00000000       0x10 src/ASF/avr32/drivers/eic/eic.o
 .text.eic_clear_interrupt_lines
                0x00000000       0x14 src/ASF/avr32/drivers/eic/eic.o
 .text.eic_disable_interrupt_line
[...]
Memory Configuration

Name             Origin             Length             Attributes
FLASH            0x80000000         0x00010000         axrl !w
CPUSRAM          0x00000004         0x00003ffc         axw !rl
USERPAGE         0x80800000         0x00000200
FACTORYPAGE      0x80800200         0x00000200
FLASHVAULT_FLASH_SIZE 0x80800400         0x00000008         r
FLASHVAULT_RAM_SIZE 0x80800408         0x00000008         r
*default*        0x00000000         0xffffffff

Linker script and memory map

                0x00001000                _stack_size = 0x1000
LOAD src/ads1299.o
LOAD src/ASF/avr32/drivers/eic/eic.o
LOAD src/ASF/avr32/drivers/flashcdw/flashcdw.o
LOAD src/ASF/avr32/drivers/gpio/gpio.o
LOAD src/ASF/avr32/drivers/intc/exception.o
LOAD src/ASF/avr32/drivers/intc/intc.o
LOAD src/ASF/avr32/drivers/pdca/pdca.o
LOAD src/ASF/avr32/drivers/pm/pm_uc3l.o
LOAD src/ASF/avr32/drivers/pm/power_clocks_lib.o
LOAD src/ASF/avr32/drivers/scif/scif_uc3l.o
LOAD src/ASF/avr32/drivers/spi/spi.o
LOAD src/ASF/avr32/drivers/twim/twim.o
LOAD src/ASF/avr32/drivers/usart/usart.o
LOAD src/ASF/avr32/services/dsp/dsplib/at32uc/basic/filters/filt_dsp16_iirpart_at32uc.o
LOAD src/ASF/avr32/services/dsp/dsplib/at32uc/basic/filters/filt_dsp16_iir_at32uc.o
LOAD src/ASF/avr32/services/dsp/dsplib/at32uc/basic/filters/filt_dsp16_lms_at32uc.o
LOAD src/ASF/avr32/services/dsp/dsplib/at32uc/basic/filters/filt_dsp16_nlms_at32uc.o
LOAD src/ASF/avr32/services/dsp/dsplib/at32uc/basic/filters/filt_dsp32_iirpart_at32uc.o
LOAD src/ASF/avr32/services/dsp/dsplib/at32uc/basic/filters/filt_dsp32_iir_at32uc.o
LOAD src/ASF/avr32/services/dsp/dsplib/at32uc/basic/filters/filt_dsp32_lms_at32uc.o
LOAD src/ASF/avr32/services/dsp/dsplib/at32uc/basic/filters/filt_dsp32_lms_fir_at32uc.o
LOAD src/ASF/avr32/services/dsp/dsplib/at32uc/basic/filters/filt_dsp32_nlms_at32uc.o
LOAD src/ASF/avr32/services/dsp/dsplib/at32uc/basic/filters/filt_dsp32_nlms_fir_at32uc.o
LOAD src/ASF/avr32/services/dsp/dsplib/at32uc/basic/operators/op_dsp16_ln_at32uc.o
LOAD src/ASF/avr32/services/dsp/dsplib/at32uc/basic/operators/op_dsp16_sqrt_at32uc.o
LOAD src/ASF/avr32/services/dsp/dsplib/at32uc/basic/transforms/trans_dsp16_complex_fft_at32uc.o
LOAD src/ASF/avr32/services/dsp/dsplib/at32uc/basic/transforms/trans_dsp16_complex_ifft_at32uc.o
LOAD src/ASF/avr32/services/dsp/dsplib/at32uc/basic/transforms/trans_dsp16_real_complex_fft_at32uc.o
LOAD src/ASF/avr32/services/dsp/dsplib/at32uc/basic/vectors/vect_dsp16_add_at32uc.o
LOAD src/ASF/avr32/services/dsp/dsplib/at32uc/basic/vectors/vect_dsp16_complex_conj_at32uc.o
LOAD src/ASF/avr32/services/dsp/dsplib/at32uc/basic/vectors/vect_dsp16_convpart_at32uc.o
LOAD src/ASF/avr32/services/dsp/dsplib/at32uc/basic/vectors/vect_dsp16_dotdiv_at32uc.o
LOAD src/ASF/avr32/services/dsp/dsplib/at32uc/basic/vectors/vect_dsp16_dotmul_at32uc.o
LOAD src/ASF/avr32/services/dsp/dsplib/at32uc/basic/vectors/vect_dsp16_neg_at32uc.o
LOAD src/ASF/avr32/services/dsp/dsplib/at32uc/basic/vectors/vect_dsp16_realdiv_at32uc.o
LOAD src/ASF/avr32/services/dsp/dsplib/at32uc/basic/vectors/vect_dsp16_realmul_at32uc.o
LOAD src/ASF/avr32/services/dsp/dsplib/at32uc/basic/vectors/vect_dsp16_sub_at32uc.o
LOAD src/ASF/avr32/services/dsp/dsplib/at32uc/basic/vectors/vect_dsp32_add_at32uc.o
LOAD src/ASF/avr32/services/dsp/dsplib/at32uc/basic/vectors/vect_dsp32_convpart_at32uc.o
LOAD src/ASF/avr32/services/dsp/dsplib/at32uc/basic/vectors/vect_dsp32_max_at32uc.o
LOAD src/ASF/avr32/services/dsp/dsplib/at32uc/basic/vectors/vect_dsp32_min_at32uc.o
LOAD src/ASF/avr32/services/dsp/dsplib/at32uc/basic/vectors/vect_dsp32_neg_at32uc.o
LOAD src/ASF/avr32/services/dsp/dsplib/at32uc/basic/vectors/vect_dsp32_realmul_at32uc.o
LOAD src/ASF/avr32/services/dsp/dsplib/at32uc/basic/vectors/vect_dsp32_sub_at32uc.o
LOAD src/ASF/avr32/services/dsp/dsplib/generic/advanced/adpcm/adpcm.o
LOAD src/ASF/avr32/services/dsp/dsplib/generic/advanced/resampling/dsp16_resampling.o
LOAD src/ASF/avr32/services/dsp/dsplib/generic/basic/filters/dsp16_filt_interpolation.o
LOAD src/ASF/avr32/services/dsp/dsplib/generic/basic/filters/dsp16_filt_interpolation_coefsort.o
LOAD src/ASF/avr32/services/dsp/dsplib/generic/basic/filters/filt_dsp16_iir.o
LOAD src/ASF/avr32/services/dsp/dsplib/generic/basic/filters/filt_dsp16_iirpart.o
LOAD src/ASF/avr32/services/dsp/dsplib/generic/basic/filters/filt_dsp16_lms.o
LOAD src/ASF/avr32/services/dsp/dsplib/generic/basic/filters/filt_dsp16_lpfirdesign.o
LOAD src/ASF/avr32/services/dsp/dsplib/generic/basic/filters/filt_dsp16_nlms.o
LOAD src/ASF/avr32/services/dsp/dsplib/generic/basic/filters/filt_dsp32_iir.o
LOAD src/ASF/avr32/services/dsp/dsplib/generic/basic/filters/filt_dsp32_iirpart.o
LOAD src/ASF/avr32/services/dsp/dsplib/generic/basic/filters/filt_dsp32_lms.o
LOAD src/ASF/avr32/services/dsp/dsplib/generic/basic/filters/filt_dsp32_nlms.o
LOAD src/ASF/avr32/services/dsp/dsplib/generic/basic/operators/op_dsp16_fix_sqrt.o
LOAD src/ASF/avr32/services/dsp/dsplib/generic/basic/operators/op_dsp16_kfix_ln.o
LOAD src/ASF/avr32/services/dsp/dsplib/generic/basic/operators/op_dsp32_fix_sqrt.o
LOAD src/ASF/avr32/services/dsp/dsplib/generic/basic/operators/op_dsp32_kfix_ln.o
LOAD src/ASF/avr32/services/dsp/dsplib/generic/basic/operators/op_fix_asin.o
LOAD src/ASF/avr32/services/dsp/dsplib/generic/basic/operators/op_fix_exp.o
LOAD src/ASF/avr32/services/dsp/dsplib/generic/basic/operators/op_fix_ln.o
LOAD src/ASF/avr32/services/dsp/dsplib/generic/basic/operators/op_fix_log10.o
LOAD src/ASF/avr32/services/dsp/dsplib/generic/basic/operators/op_fix_log2.o
LOAD src/ASF/avr32/services/dsp/dsplib/generic/basic/operators/op_fix_pow.o
LOAD src/ASF/avr32/services/dsp/dsplib/generic/basic/operators/op_fix_rand.o
LOAD src/ASF/avr32/services/dsp/dsplib/generic/basic/operators/op_fix_sin.o
LOAD src/ASF/avr32/services/dsp/dsplib/generic/basic/operators/op_kfix_cos.o
LOAD src/ASF/avr32/services/dsp/dsplib/generic/basic/operators/op_kfix_sin.o
LOAD src/ASF/avr32/services/dsp/dsplib/generic/basic/signal_generation/gen_cosinusoidal.o
LOAD src/ASF/avr32/services/dsp/dsplib/generic/basic/signal_generation/gen_dirac.o
LOAD src/ASF/avr32/services/dsp/dsplib/generic/basic/signal_generation/gen_diraccomb.o
LOAD src/ASF/avr32/services/dsp/dsplib/generic/basic/signal_generation/gen_noise.o
LOAD src/ASF/avr32/services/dsp/dsplib/generic/basic/signal_generation/gen_ramp.o
LOAD src/ASF/avr32/services/dsp/dsplib/generic/basic/signal_generation/gen_rectangular.o
LOAD src/ASF/avr32/services/dsp/dsplib/generic/basic/signal_generation/gen_sawtooth.o
LOAD src/ASF/avr32/services/dsp/dsplib/generic/basic/signal_generation/gen_sinusoidal.o
LOAD src/ASF/avr32/services/dsp/dsplib/generic/basic/signal_generation/gen_step.o
LOAD src/ASF/avr32/services/dsp/dsplib/generic/basic/transforms/trans_dsp16_complex_fft.o
LOAD src/ASF/avr32/services/dsp/dsplib/generic/basic/transforms/trans_dsp16_complex_ifft.o
LOAD src/ASF/avr32/services/dsp/dsplib/generic/basic/transforms/trans_dsp16_realcomplex_fft.o
LOAD src/ASF/avr32/services/dsp/dsplib/generic/basic/transforms/trans_dsp16_twiddle_factors.o
LOAD src/ASF/avr32/services/dsp/dsplib/generic/basic/transforms/trans_dsp32_realcomplex_fft.o
LOAD src/ASF/avr32/services/dsp/dsplib/generic/basic/transforms/trans_dsp32_twiddle_factors.o
LOAD src/ASF/avr32/services/dsp/dsplib/generic/basic/vectors/vect_convolution.o
LOAD src/ASF/avr32/services/dsp/dsplib/generic/basic/vectors/vect_dsp16_add.o
LOAD src/ASF/avr32/services/dsp/dsplib/generic/basic/vectors/vect_dsp16_add_and_saturate.o
LOAD src/ASF/avr32/services/dsp/dsplib/generic/basic/vectors/vect_dsp16_complex_abs.o
LOAD src/ASF/avr32/services/dsp/dsplib/generic/basic/vectors/vect_dsp16_complex_add.o
LOAD src/ASF/avr32/services/dsp/dsplib/generic/basic/vectors/vect_dsp16_complex_conj.o
LOAD src/ASF/avr32/services/dsp/dsplib/generic/basic/vectors/vect_dsp16_complex_sub.o
LOAD src/ASF/avr32/services/dsp/dsplib/generic/basic/vectors/vect_dsp16_convpart.o
LOAD src/ASF/avr32/services/dsp/dsplib/generic/basic/vectors/vect_dsp16_dotdiv.o
LOAD src/ASF/avr32/services/dsp/dsplib/generic/basic/vectors/vect_dsp16_dotmul.o
LOAD src/ASF/avr32/services/dsp/dsplib/generic/basic/vectors/vect_dsp16_intdiv.o
LOAD src/ASF/avr32/services/dsp/dsplib/generic/basic/vectors/vect_dsp16_intmul.o
LOAD src/ASF/avr32/services/dsp/dsplib/generic/basic/vectors/vect_dsp16_max.o
LOAD src/ASF/avr32/services/dsp/dsplib/generic/basic/vectors/vect_dsp16_min.o
LOAD src/ASF/avr32/services/dsp/dsplib/generic/basic/vectors/vect_dsp16_neg.o
LOAD src/ASF/avr32/services/dsp/dsplib/generic/basic/vectors/vect_dsp16_pow.o
LOAD src/ASF/avr32/services/dsp/dsplib/generic/basic/vectors/vect_dsp16_realadd.o
LOAD src/ASF/avr32/services/dsp/dsplib/generic/basic/vectors/vect_dsp16_realdiv.o
LOAD src/ASF/avr32/services/dsp/dsplib/generic/basic/vectors/vect_dsp16_realmul.o
LOAD src/ASF/avr32/services/dsp/dsplib/generic/basic/vectors/vect_dsp16_realsub.o
LOAD src/ASF/avr32/services/dsp/dsplib/generic/basic/vectors/vect_dsp16_sub.o
LOAD src/ASF/avr32/services/dsp/dsplib/generic/basic/vectors/vect_dsp32_add.o
LOAD src/ASF/avr32/services/dsp/dsplib/generic/basic/vectors/vect_dsp32_add_and_saturate.o
LOAD src/ASF/avr32/services/dsp/dsplib/generic/basic/vectors/vect_dsp32_complex_abs.o
LOAD src/ASF/avr32/services/dsp/dsplib/generic/basic/vectors/vect_dsp32_complex_add.o
LOAD src/ASF/avr32/services/dsp/dsplib/generic/basic/vectors/vect_dsp32_complex_sub.o
LOAD src/ASF/avr32/services/dsp/dsplib/generic/basic/vectors/vect_dsp32_convpart.o
LOAD src/ASF/avr32/services/dsp/dsplib/generic/basic/vectors/vect_dsp32_dotdiv.o
LOAD src/ASF/avr32/services/dsp/dsplib/generic/basic/vectors/vect_dsp32_dotmul.o
LOAD src/ASF/avr32/services/dsp/dsplib/generic/basic/vectors/vect_dsp32_intdiv.o
LOAD src/ASF/avr32/services/dsp/dsplib/generic/basic/vectors/vect_dsp32_intmul.o
LOAD src/ASF/avr32/services/dsp/dsplib/generic/basic/vectors/vect_dsp32_max.o
LOAD src/ASF/avr32/services/dsp/dsplib/generic/basic/vectors/vect_dsp32_min.o
LOAD src/ASF/avr32/services/dsp/dsplib/generic/basic/vectors/vect_dsp32_neg.o
LOAD src/ASF/avr32/services/dsp/dsplib/generic/basic/vectors/vect_dsp32_pow.o
LOAD src/ASF/avr32/services/dsp/dsplib/generic/basic/vectors/vect_dsp32_realadd.o
LOAD src/ASF/avr32/services/dsp/dsplib/generic/basic/vectors/vect_dsp32_realdiv.o
LOAD src/ASF/avr32/services/dsp/dsplib/generic/basic/vectors/vect_dsp32_realmul.o
LOAD src/ASF/avr32/services/dsp/dsplib/generic/basic/vectors/vect_dsp32_realsub.o
LOAD src/ASF/avr32/services/dsp/dsplib/generic/basic/vectors/vect_dsp32_sub.o
LOAD src/ASF/avr32/services/dsp/dsplib/generic/basic/windowing/win_bartlett.o
LOAD src/ASF/avr32/services/dsp/dsplib/generic/basic/windowing/win_blackman.o
LOAD src/ASF/avr32/services/dsp/dsplib/generic/basic/windowing/win_dsp16_kaiser.o
LOAD src/ASF/avr32/services/dsp/dsplib/generic/basic/windowing/win_dsp32_kaiser.o
LOAD src/ASF/avr32/services/dsp/dsplib/generic/basic/windowing/win_gauss.o
LOAD src/ASF/avr32/services/dsp/dsplib/generic/basic/windowing/win_hamming.o
LOAD src/ASF/avr32/services/dsp/dsplib/generic/basic/windowing/win_hann.o
LOAD src/ASF/avr32/services/dsp/dsplib/generic/basic/windowing/win_rectangular.o
LOAD src/ASF/avr32/services/dsp/dsplib/generic/basic/windowing/win_welch.o
LOAD src/ASF/avr32/utils/startup/startup_uc3.o
LOAD src/ASF/avr32/utils/startup/trampoline_uc3.o
LOAD src/ASF/common/boards/user_board/init.o
LOAD src/ASF/common/services/clock/uc3l/dfll.o
LOAD src/ASF/common/services/clock/uc3l/osc.o
LOAD src/ASF/common/services/clock/uc3l/sysclk.o
LOAD src/ASF/common/services/sleepmgr/uc3/sleepmgr.o
LOAD src/ASF/common/services/spi/uc3_spi/spi_master.o
LOAD src/main.o
LOAD src/mpu60x0.o
START GROUP
END GROUP
LOAD c:/program files (x86)/atmel/atmel toolchain/avr32 gcc/native/3.4.1057/avr32-gnu-toolchain/bin/../lib/gcc/avr32/4.4.7/ucr3\libgcc.a
LOAD c:/program files (x86)/atmel/atmel toolchain/avr32 gcc/native/3.4.1057/avr32-gnu-toolchain/bin/../lib/gcc/avr32/4.4.7/../../../../avr32/lib/ucr3\libc.a
LOAD c:/program files (x86)/atmel/atmel toolchain/avr32 gcc/native/3.4.1057/avr32-gnu-toolchain/bin/../lib/gcc/avr32/4.4.7/ucr3\libgcc.a
                0x80000000                PROVIDE (__executable_start, 0x80000000)
                0x80000000                . = 0x80000000

.interp
 *(.interp)

.reset          0x80000000     0x2004
 *(.reset)
 .reset         0x80000000     0x2004 src/ASF/avr32/utils/startup/trampoline_uc3.o
                               0x2008 (size before relaxing)
                0x80000000                _trampoline

.hash
 *(.hash)

.dynsym
 *(.dynsym)

.dynstr
 *(.dynstr)

.gnu.version
 *(.gnu.version)

.gnu.version_d
 *(.gnu.version_d)

.gnu.version_r
 *(.gnu.version_r)

.rel.init
 *(.rel.init)

.rela.init
 *(.rela.init)

.rel.text
 *(.rel.text .rel.text.* .rel.gnu.linkonce.t.*)

.rela.text
 *(.rela.text .rela.text.* .rela.gnu.linkonce.t.*)

.rel.fini
 *(.rel.fini)

.rela.fini
 *(.rela.fini)

.rel.rodata
 *(.rel.rodata .rel.rodata.* .rel.gnu.linkonce.r.*)

.rela.rodata
 *(.rela.rodata .rela.rodata.* .rela.gnu.linkonce.r.*)

.rel.data.rel.ro
 *(.rel.data.rel.ro*)

.rela.data.rel.ro
 *(.rel.data.rel.ro*)

.rel.data
 *(.rel.data .rel.data.* .rel.gnu.linkonce.d.*)

.rela.data
 *(.rela.data .rela.data.* .rela.gnu.linkonce.d.*)

.rel.tdata
 *(.rel.tdata .rel.tdata.* .rel.gnu.linkonce.td.*)

.rela.tdata
 *(.rela.tdata .rela.tdata.* .rela.gnu.linkonce.td.*)

.rel.tbss
 *(.rel.tbss .rel.tbss.* .rel.gnu.linkonce.tb.*)

.rela.tbss
 *(.rela.tbss .rela.tbss.* .rela.gnu.linkonce.tb.*)

.rel.ctors
 *(.rel.ctors)

.rela.ctors
 *(.rela.ctors)

.rel.dtors
 *(.rel.dtors)

.rela.dtors
 *(.rela.dtors)

.rel.got
 *(.rel.got)

.rela.got       0x80002004        0x0
 *(.rela.got)
 .rela.got      0x80002004        0x0 src/ASF/avr32/drivers/flashcdw/flashcdw.o

.rel.bss
 *(.rel.bss .rel.bss.* .rel.gnu.linkonce.b.*)

.rela.bss
 *(.rela.bss .rela.bss.* .rela.gnu.linkonce.b.*)

.rel.plt
 *(.rel.plt)

.rela.plt
 *(.rela.plt)

.init
 *(.init)

.plt
 *(.plt)

.text           0x80002004     0x1c30
 *(.text .stub .text.* .gnu.linkonce.t.*)
 .text.ads1299_rdata32_generic
                0x80002004       0xe8 src/ads1299.o
                                 0xf4 (size before relaxing)
                0x80002004                ads1299_rdata32_generic
 .text.ads1299_rdata24_packet
                0x800020ec       0xb8 src/ads1299.o
                                 0xc4 (size before relaxing)
                0x800020ec                ads1299_rdata24_packet
 .text.ads1299_wreg
                0x800021a4       0x7c src/ads1299.o
                                 0x84 (size before relaxing)
                0x800021a4                ads1299_wreg
 .text.ads1299_rreg
                0x80002220       0xac src/ads1299.o
                                 0xb4 (size before relaxing)
                0x80002220                ads1299_rreg
 .text.eic_init
                0x800022cc       0xf8 src/ASF/avr32/drivers/eic/eic.o
                0x800022cc                eic_init
 .text.eic_enable_line
                0x800023c4        0xa src/ASF/avr32/drivers/eic/eic.o
                0x800023c4                eic_enable_line
 .text.eic_enable_interrupt_line
                0x800023ce        0xa src/ASF/avr32/drivers/eic/eic.o
                0x800023ce                eic_enable_interrupt_line
 .text.eic_clear_interrupt_line
                0x800023d8       0x1a src/ASF/avr32/drivers/eic/eic.o
                0x800023d8                eic_clear_interrupt_line
 *fill*         0x800023f2        0x2 d703d703
 .text.gpio_enable_module_pin
                0x800023f4       0x9c src/ASF/avr32/drivers/gpio/gpio.o
                0x800023f4                gpio_enable_module_pin
 .text.gpio_enable_gpio_pin
                0x80002490       0x16 src/ASF/avr32/drivers/gpio/gpio.o
                0x80002490                gpio_enable_gpio_pin
 .text.gpio_enable_pin_pull_up
                0x800024a6       0x14 src/ASF/avr32/drivers/gpio/gpio.o
                0x800024a6                gpio_enable_pin_pull_up
 .text.gpio_configure_pin
                0x800024ba       0x80 src/ASF/avr32/drivers/gpio/gpio.o
                0x800024ba                gpio_configure_pin
 .text.gpio_get_pin_value
                0x8000253a       0x16 src/ASF/avr32/drivers/gpio/gpio.o
                0x8000253a                gpio_get_pin_value
 .text.gpio_set_gpio_pin
                0x80002550       0x1a src/ASF/avr32/drivers/gpio/gpio.o
                0x80002550                gpio_set_gpio_pin
 .text.gpio_clr_gpio_pin
                0x8000256a       0x1a src/ASF/avr32/drivers/gpio/gpio.o
                0x8000256a                gpio_clr_gpio_pin
 .text._unhandled_interrupt
                0x80002584        0x2 src/ASF/avr32/drivers/intc/intc.o
 *fill*         0x80002586        0x2 d703d703
 .text.INTC_register_interrupt
                0x80002588       0x84 src/ASF/avr32/drivers/intc/intc.o
                                 0x88 (size before relaxing)
                0x80002588                INTC_register_interrupt
 .text.INTC_init_interrupts
                0x8000260c       0x48 src/ASF/avr32/drivers/intc/intc.o
                                 0x50 (size before relaxing)
                0x8000260c                INTC_init_interrupts
 .text._get_interrupt_handler
                0x80002654       0x38 src/ASF/avr32/drivers/intc/intc.o
                0x80002654                _get_interrupt_handler
 .text.pdca_disable
                0x8000268c       0x1e src/ASF/avr32/drivers/pdca/pdca.o
                0x8000268c                pdca_disable
 .text.pdca_enable
                0x800026aa       0x1e src/ASF/avr32/drivers/pdca/pdca.o
                0x800026aa                pdca_enable
 .text.pdca_enable_interrupt_transfer_complete
                0x800026c8       0x1e src/ASF/avr32/drivers/pdca/pdca.o
                0x800026c8                pdca_enable_interrupt_transfer_complete
 .text.pdca_disable_interrupt_reload_counter_zero
                0x800026e6       0x2a src/ASF/avr32/drivers/pdca/pdca.o
                0x800026e6                pdca_disable_interrupt_reload_counter_zero
 .text.pdca_disable_interrupt_transfer_complete
                0x80002710       0x2a src/ASF/avr32/drivers/pdca/pdca.o
                0x80002710                pdca_disable_interrupt_transfer_complete
 .text.pdca_load_channel
                0x8000273a       0x30 src/ASF/avr32/drivers/pdca/pdca.o
                0x8000273a                pdca_load_channel
 *fill*         0x8000276a        0x2 d703d703
 .text.pdca_init_channel
                0x8000276c       0x60 src/ASF/avr32/drivers/pdca/pdca.o
                                 0x6c (size before relaxing)
                0x8000276c                pdca_init_channel
 .text.getBaudDiv
                0x800027cc       0x20 src/ASF/avr32/drivers/spi/spi.o
                0x800027cc                getBaudDiv
 .text.spi_initMaster
                0x800027ec       0x3e src/ASF/avr32/drivers/spi/spi.o
                0x800027ec                spi_initMaster
 .text.spi_selectChip
                0x8000282a       0x50 src/ASF/avr32/drivers/spi/spi.o
                0x8000282a                spi_selectChip
 .text.spi_unselectChip
                0x8000287a       0x26 src/ASF/avr32/drivers/spi/spi.o
                0x8000287a                spi_unselectChip
 .text.spi_setupChipReg
                0x800028a0       0xac src/ASF/avr32/drivers/spi/spi.o
                                 0xb0 (size before relaxing)
                0x800028a0                spi_setupChipReg
 .text.spi_enable
                0x8000294c        0x6 src/ASF/avr32/drivers/spi/spi.o
                0x8000294c                spi_enable
 *fill*         0x80002952        0x2 d703d703
 .text.twim_master_interrupt_handler
                0x80002954       0xd0 src/ASF/avr32/drivers/twim/twim.o
 .text.twim_set_speed
                0x80002a24       0x64 src/ASF/avr32/drivers/twim/twim.o
                0x80002a24                twim_set_speed
 .text.twim_write
                0x80002a88       0xb8 src/ASF/avr32/drivers/twim/twim.o
                0x80002a88                twim_write
 .text.twim_probe
                0x80002b40       0x18 src/ASF/avr32/drivers/twim/twim.o
                                 0x1c (size before relaxing)
                0x80002b40                twim_probe
 .text.twim_write_packet
                0x80002b58       0xdc src/ASF/avr32/drivers/twim/twim.o
                0x80002b58                twim_write_packet
 .text.twim_read_packet
                0x80002c34      0x104 src/ASF/avr32/drivers/twim/twim.o
                0x80002c34                twim_read_packet
 .text.twim_master_init
                0x80002d38       0xa0 src/ASF/avr32/drivers/twim/twim.o
                                 0xb4 (size before relaxing)
                0x80002d38                twim_master_init
 .text.usart_set_async_baudrate
                0x80002dd8       0x5e src/ASF/avr32/drivers/usart/usart.o
 .text.usart_putchar
                0x80002e36       0x1e src/ASF/avr32/drivers/usart/usart.o
                0x80002e36                usart_putchar
 .text.usart_write_line
                0x80002e54       0x2a src/ASF/avr32/drivers/usart/usart.o
                0x80002e54                usart_write_line
 .text.usart_reset
                0x80002e7e       0x2c src/ASF/avr32/drivers/usart/usart.o
                0x80002e7e                usart_reset
 *fill*         0x80002eaa        0x2 d703d703
 .text.usart_init_rs232
                0x80002eac       0xbc src/ASF/avr32/drivers/usart/usart.o
                                 0xc8 (size before relaxing)
                0x80002eac                usart_init_rs232
 .text.usart_init_hw_handshaking
                0x80002f68       0x1c src/ASF/avr32/drivers/usart/usart.o
                                 0x24 (size before relaxing)
                0x80002f68                usart_init_hw_handshaking
 .text._stext   0x80002f84       0x4c src/ASF/avr32/utils/startup/startup_uc3.o
                                 0x50 (size before relaxing)
                0x80002f84                _stext
 .text.sysclk_init
                0x80002fd0       0x10 src/ASF/common/services/clock/uc3l/sysclk.o
                0x80002fd0                sysclk_init
 .text.sysclk_priv_enable_module
                0x80002fe0       0x36 src/ASF/common/services/clock/uc3l/sysclk.o
                0x80002fe0                sysclk_priv_enable_module
 *fill*         0x80003016        0x2 d703d703
 .text.sysclk_enable_pbb_module
                0x80003018       0x38 src/ASF/common/services/clock/uc3l/sysclk.o
                                 0x40 (size before relaxing)
                0x80003018                sysclk_enable_pbb_module
 .text.spi_read_packet
                0x80003050       0x46 src/ASF/common/services/spi/uc3_spi/spi_master.o
                0x80003050                spi_read_packet
 *fill*         0x80003096        0x2 d703d703
 .text.ads1299_check_device_id
                0x80003098       0x24 src/main.o
                                 0x28 (size before relaxing)
                0x80003098                ads1299_check_device_id
 .text.config_rn42
                0x800030bc      0x178 src/main.o
                                0x18c (size before relaxing)
                0x800030bc                config_rn42
 .text.sysclk_enable_pba_module
                0x80003234        0xc src/main.o
                                 0x10 (size before relaxing)
 .text.sysclk_enable_peripheral_clock
                0x80003240      0x19c src/main.o
                                0x1ec (size before relaxing)
 .text.config_usart
                0x800033dc       0x34 src/main.o
                                 0x40 (size before relaxing)
                0x800033dc                config_usart
 .text.config_twim
                0x80003410       0x30 src/main.o
                                 0x38 (size before relaxing)
                0x80003410                config_twim
 .text.config_gpios
                0x80003440       0xb0 src/main.o
                                 0xc0 (size before relaxing)
                0x80003440                config_gpios
 .text.config_spi
                0x800034f0       0x44 src/main.o
                                 0x50 (size before relaxing)
                0x800034f0                config_spi
 .text.config_eic
                0x80003534       0x98 src/main.o
                                 0xa8 (size before relaxing)
                0x80003534                config_eic
 .text.eic_handler
                0x800035cc       0xb4 src/main.o
                                 0xcc (size before relaxing)
 .text.config_dma
                0x80003680       0xd8 src/main.o
                                 0xe8 (size before relaxing)
                0x80003680                config_dma
 .text.main     0x80003758      0x218 src/main.o
                                0x258 (size before relaxing)
                0x80003758                main
 .text.pdca_data_usart_tx_handler
                0x80003970       0x48 src/main.o
                                 0x50 (size before relaxing)
 .text.pdca_data_usart_rx_handler
                0x800039b8       0xd0 src/main.o
                                 0xec (size before relaxing)
 .text.mpu6050_rdata16_packet
                0x80003a88      0x100 src/mpu60x0.o
                                0x104 (size before relaxing)
                0x80003a88                mpu6050_rdata16_packet
 .text.mpu6050_initialize_normal
                0x80003b88       0xac src/mpu60x0.o
                                 0xb0 (size before relaxing)
                0x80003b88                mpu6050_initialize_normal
 *(.text.*personality*)
 *(.gnu.warning)

.exception      0x80003e00      0x200
 .exception     0x80003e00      0x200 src/ASF/avr32/drivers/intc/exception.o
                0x80003e00                _evba
                0x80003f04                _int0
                0x80003f12                _int1
                0x80003f20                _int2
                0x80003f2e                _int3

.fini
 *(.fini)
                0x80004000                PROVIDE (__etext, .)
                0x80004000                PROVIDE (_etext, .)
                0x80004000                PROVIDE (etext, .)

.rodata         0x80004000      0x1c0
 *(.rodata .rodata.* .gnu.linkonce.r.*)
 .rodata.gpio_enable_module_pin
                0x80004000       0x20 src/ASF/avr32/drivers/gpio/gpio.o
 .rodata._int_handler_table
                0x80004020       0xf8 src/ASF/avr32/drivers/intc/intc.o
 .rodata.C.82.12752
                0x80004118        0xc src/main.o
 .rodata.str1.4
                0x80004124       0x8c src/main.o
 .rodata.C.81.12736
                0x800041b0       0x10 src/main.o

.rodata1
 *(.rodata1)

.eh_frame_hdr
 *(.eh_frame_hdr)

.eh_frame
 *(.eh_frame)

.gcc_except_table
 *(.gcc_except_table)
 *(.gcc_except_table.*)

.dalign         0x800041c0        0x0
                0x800041c0                . = ALIGN (0x8)
                0x800041c0                PROVIDE (_data_lma, .)
                0x00000004                PROVIDE (_data, ORIGIN (CPUSRAM))
                0x00000004                . = ORIGIN (CPUSRAM)

.eh_frame
 *(.eh_frame)

.gcc_except_table
 *(.gcc_except_table)
 *(.gcc_except_table.*)

.tdata
 *(.tdata .tdata.* .gnu.linkonce.td.*)

.tbss
 *(.tbss .tbss.* .gnu.linkonce.tb.*)
 *(.tcommon)
                0x00000004                PROVIDE (__preinit_array_start, ALIGN (0x4))

.preinit_array
 *(.preinit_array)
                0x00000004                PROVIDE (__preinit_array_end, .)
                0x00000004                PROVIDE (__init_array_start, .)

.init_array
 *(.init_array)
                0x00000004                PROVIDE (__init_array_end, .)
                0x00000004                PROVIDE (__fini_array_start, .)

.fini_array
 *(.fini_array)
                0x00000004                PROVIDE (__fini_array_end, .)

.ctors
 *crtbegin*.o(.ctors)
 *(EXCLUDE_FILE(*crtend*.o) .ctors)
 *(SORT(.ctors.*))
 *(.ctors)

.dtors
 *crtbegin*.o(.dtors)
 *(EXCLUDE_FILE(*crtend*.o) .dtors)
 *(SORT(.dtors.*))
 *(.dtors)

.jcr
 *(.jcr)

.data.rel.ro
 *(.data.rel.ro.local)
 *(.data.rel.ro*)

.dynamic
 *(.dynamic)

.got
 *(.got.plt)
 *(.got)

.data           0x00000004       0x2a load address 0x800041c0
 *(.data .data.* .gnu.linkonce.d.*)
 .data.data_usart_tx_packet
                0x00000004       0x2a src/main.o
                0x00000004                data_usart_tx_packet
 *(.gnu.linkonce.d.*personality*)

.data1
 *(.data1)

.balign         0x0000002e        0x2 load address 0x800041ea
                0x00000030                . = ALIGN (0x8)
 *fill*         0x0000002e        0x2 
                0x00000030                _edata = .
                0x00000030                _edata = .
                0x00000030                PROVIDE (edata, .)
                0x00000030                __bss_start = .

.bss            0x00000030     0x22c8 load address 0x800041ec
 *(.dynbss)
 *(.bss .bss.* .gnu.linkonce.b.*)
 .bss._int_line_handler_table_0
                0x00000030        0x4 src/ASF/avr32/drivers/intc/intc.o
 .bss._int_line_handler_table_1
                0x00000034        0x8 src/ASF/avr32/drivers/intc/intc.o
 .bss._int_line_handler_table_2
                0x0000003c        0x4 src/ASF/avr32/drivers/intc/intc.o
 .bss._int_line_handler_table_21
                0x00000040        0x4 src/ASF/avr32/drivers/intc/intc.o
 .bss._int_line_handler_table_22
                0x00000044        0x4 src/ASF/avr32/drivers/intc/intc.o
 .bss._int_line_handler_table_23
                0x00000048        0x4 src/ASF/avr32/drivers/intc/intc.o
 .bss._int_line_handler_table_16
                0x0000004c        0x4 src/ASF/avr32/drivers/intc/intc.o
 .bss._int_line_handler_table_10
                0x00000050       0x10 src/ASF/avr32/drivers/intc/intc.o
 .bss._int_line_handler_table_11
                0x00000060       0x10 src/ASF/avr32/drivers/intc/intc.o
 .bss._int_line_handler_table_12
                0x00000070        0x4 src/ASF/avr32/drivers/intc/intc.o
 .bss._int_line_handler_table_13
                0x00000074        0x4 src/ASF/avr32/drivers/intc/intc.o
 .bss._int_line_handler_table_14
                0x00000078       0x18 src/ASF/avr32/drivers/intc/intc.o
 .bss._int_line_handler_table_15
                0x00000090        0x4 src/ASF/avr32/drivers/intc/intc.o
 .bss._int_line_handler_table_20
                0x00000094        0x4 src/ASF/avr32/drivers/intc/intc.o
 .bss._int_line_handler_table_17
                0x00000098        0x4 src/ASF/avr32/drivers/intc/intc.o
 .bss._int_line_handler_table_18
                0x0000009c        0x4 src/ASF/avr32/drivers/intc/intc.o
 .bss._int_line_handler_table_19
                0x000000a0        0x4 src/ASF/avr32/drivers/intc/intc.o
 .bss._int_line_handler_table_3
                0x000000a4        0x4 src/ASF/avr32/drivers/intc/intc.o
 .bss._int_line_handler_table_4
                0x000000a8       0x10 src/ASF/avr32/drivers/intc/intc.o
 .bss._int_line_handler_table_5
                0x000000b8       0x10 src/ASF/avr32/drivers/intc/intc.o
 .bss._int_line_handler_table_6
                0x000000c8       0x10 src/ASF/avr32/drivers/intc/intc.o
 .bss._int_line_handler_table_7
                0x000000d8        0x4 src/ASF/avr32/drivers/intc/intc.o
 .bss._int_line_handler_table_8
                0x000000dc        0x4 src/ASF/avr32/drivers/intc/intc.o
 .bss._int_line_handler_table_9
                0x000000e0        0x4 src/ASF/avr32/drivers/intc/intc.o
 .bss._int_line_handler_table_24
                0x000000e4        0x4 src/ASF/avr32/drivers/intc/intc.o
 .bss._int_line_handler_table_26
                0x000000e8        0xc src/ASF/avr32/drivers/intc/intc.o
 .bss._int_line_handler_table_25
                0x000000f4        0xc src/ASF/avr32/drivers/intc/intc.o
 .bss._int_line_handler_table_27
                0x00000100        0x4 src/ASF/avr32/drivers/intc/intc.o
 .bss._int_line_handler_table_28
                0x00000104        0x4 src/ASF/avr32/drivers/intc/intc.o
 .bss._int_line_handler_table_29
                0x00000108        0x4 src/ASF/avr32/drivers/intc/intc.o
 .bss._int_line_handler_table_30
                0x0000010c        0x4 src/ASF/avr32/drivers/intc/intc.o
 .bss.twim_inst
                0x00000110        0x4 src/ASF/avr32/drivers/twim/twim.o
 .bss.twim_rx_data
                0x00000114        0x4 src/ASF/avr32/drivers/twim/twim.o
 .bss.twim_rx_nb_bytes
                0x00000118        0x4 src/ASF/avr32/drivers/twim/twim.o
 .bss.transfer_status
                0x0000011c        0x4 src/ASF/avr32/drivers/twim/twim.o
 .bss.twim_tx_data
                0x00000120        0x4 src/ASF/avr32/drivers/twim/twim.o
 .bss.twim_it_mask
                0x00000124        0x4 src/ASF/avr32/drivers/twim/twim.o
 .bss.twim_next
                0x00000128        0x1 src/ASF/avr32/drivers/twim/twim.o
 *fill*         0x00000129        0x3 
 .bss.twim_package
                0x0000012c        0x4 src/ASF/avr32/drivers/twim/twim.o
 .bss.twim_tx_nb_bytes
                0x00000130        0x4 src/ASF/avr32/drivers/twim/twim.o
 .bss.sysclk_pbb_refcount
                0x00000134        0x1 src/ASF/common/services/clock/uc3l/sysclk.o
 *(COMMON)
 *fill*         0x00000135        0x3 
 COMMON         0x00000138        0x8 src/ASF/common/services/sleepmgr/uc3/sleepmgr.o
                0x00000138                sleepmgr_locks
 COMMON         0x00000140     0x21a0 src/main.o
                0x00000140                spi_rx_ads1299_status
                0x00000144                spi_buf_read_idx
                0x00000148                spi_rx_data_buffer
                0x00002148                mu_band_avg
                0x0000214c                dsp_filter_output_buffer
                0x000021cc                processing_type
                0x000021d0                spi_buf_write_idx
                0x000021d4                data_usart_rx_dma_buffer
                0x000021d8                usart_tx_buffer_idx
                0x000021dc                dsp_filter_input_buffer
                0x000022dc                frame_complete_flag
 COMMON         0x000022e0       0x12 src/mpu60x0.o
                0x000022e0                mpu6050_tx_buffer
                0x000022e4                mpu6050_rx_buffer
                0x000022f8                . = ALIGN (0x8)
 *fill*         0x000022f2        0x6 
                0x000022f8                . = ALIGN (0x8)
                0x000022f8                _end = .
                0x000022f8                PROVIDE (end, .)
                0x000022f8                __heap_start__ = ALIGN (0x8)
                0x00003000                . = ((ORIGIN (CPUSRAM) + 0x3ffc) - _stack_size)
                0x00003000                __heap_end__ = .

.stab
 *(.stab)

.stabstr
 *(.stabstr)

.stab.excl
 *(.stab.excl)

.stab.exclstr
 *(.stab.exclstr)

.stab.index
 *(.stab.index)

.stab.indexstr
 *(.stab.indexstr)

.comment        0x00000000       0x30
 *(.comment)
 .comment       0x00000000       0x30 src/ads1299.o
                                 0x31 (size before relaxing)
 .comment       0x00000000       0x31 src/ASF/avr32/drivers/eic/eic.o
 .comment       0x00000000       0x31 src/ASF/avr32/drivers/gpio/gpio.o
 .comment       0x00000000       0x31 src/ASF/avr32/drivers/intc/intc.o
 .comment       0x00000000       0x31 src/ASF/avr32/drivers/pdca/pdca.o
 .comment       0x00000000       0x31 src/ASF/avr32/drivers/spi/spi.o
 .comment       0x00000000       0x31 src/ASF/avr32/drivers/twim/twim.o
 .comment       0x00000000       0x31 src/ASF/avr32/drivers/usart/usart.o
 .comment       0x00000000       0x31 src/ASF/common/services/clock/uc3l/sysclk.o
 .comment       0x00000000       0x31 src/ASF/common/services/sleepmgr/uc3/sleepmgr.o
 .comment       0x00000000       0x31 src/ASF/common/services/spi/uc3_spi/spi_master.o
 .comment       0x00000000       0x31 src/main.o
 .comment       0x00000000       0x31 src/mpu60x0.o

.debug
 *(.debug)

.line
 *(.line)

.debug_srcinfo
 *(.debug_srcinfo)

.debug_sfnames
 *(.debug_sfnames)

.debug_aranges  0x00000000      0x608
 *(.debug_aranges)
 .debug_aranges
                0x00000000       0x50 src/ads1299.o
 .debug_aranges
                0x00000050       0x88 src/ASF/avr32/drivers/eic/eic.o
 .debug_aranges
                0x000000d8      0x110 src/ASF/avr32/drivers/gpio/gpio.o
 .debug_aranges
                0x000001e8       0x38 src/ASF/avr32/drivers/intc/intc.o
 .debug_aranges
                0x00000220       0xb8 src/ASF/avr32/drivers/pdca/pdca.o
 .debug_aranges
                0x000002d8       0xa8 src/ASF/avr32/drivers/spi/spi.o
 .debug_aranges
                0x00000380       0x70 src/ASF/avr32/drivers/twim/twim.o
 .debug_aranges
                0x000003f0       0xd8 src/ASF/avr32/drivers/usart/usart.o
 .debug_aranges
                0x000004c8       0x50 src/ASF/common/services/clock/uc3l/sysclk.o
 .debug_aranges
                0x00000518       0x30 src/ASF/common/services/spi/uc3_spi/spi_master.o
 .debug_aranges
                0x00000548       0x88 src/main.o
 .debug_aranges
                0x000005d0       0x38 src/mpu60x0.o

.debug_pubnames
                0x00000000     0x10ab
 *(.debug_pubnames)
 .debug_pubnames
                0x00000000       0xba src/ads1299.o
 .debug_pubnames
                0x000000ba      0x186 src/ASF/avr32/drivers/eic/eic.o
 .debug_pubnames
                0x00000240      0x359 src/ASF/avr32/drivers/gpio/gpio.o
 .debug_pubnames
                0x00000599       0x62 src/ASF/avr32/drivers/intc/intc.o
 .debug_pubnames
                0x000005fb      0x275 src/ASF/avr32/drivers/pdca/pdca.o
 .debug_pubnames
                0x00000870      0x178 src/ASF/avr32/drivers/spi/spi.o
 .debug_pubnames
                0x000009e8       0xd6 src/ASF/avr32/drivers/twim/twim.o
 .debug_pubnames
                0x00000abe      0x227 src/ASF/avr32/drivers/usart/usart.o
 .debug_pubnames
                0x00000ce5       0xca src/ASF/common/services/clock/uc3l/sysclk.o
 .debug_pubnames
                0x00000daf       0x25 src/ASF/common/services/sleepmgr/uc3/sleepmgr.o
 .debug_pubnames
                0x00000dd4       0x57 src/ASF/common/services/spi/uc3_spi/spi_master.o
 .debug_pubnames
                0x00000e2b      0x1d0 src/main.o
 .debug_pubnames
                0x00000ffb       0xb0 src/mpu60x0.o

.debug_info     0x00000000    0x140b2
 *(.debug_info .gnu.linkonce.wi.*)
 .debug_info    0x00000000     0x1995 src/ads1299.o
 .debug_info    0x00001995     0x1981 src/ASF/avr32/drivers/eic/eic.o
 .debug_info    0x00003316      0xf10 src/ASF/avr32/drivers/gpio/gpio.o
 .debug_info    0x00004226      0x6a3 src/ASF/avr32/drivers/intc/intc.o
 .debug_info    0x000048c9     0x1276 src/ASF/avr32/drivers/pdca/pdca.o
 .debug_info    0x00005b3f     0x1305 src/ASF/avr32/drivers/spi/spi.o
 .debug_info    0x00006e44     0x132b src/ASF/avr32/drivers/twim/twim.o
 .debug_info    0x0000816f     0x2f84 src/ASF/avr32/drivers/usart/usart.o
 .debug_info    0x0000b0f3      0xfef src/ASF/common/services/clock/uc3l/sysclk.o
 .debug_info    0x0000c0e2       0xff src/ASF/common/services/sleepmgr/uc3/sleepmgr.o
 .debug_info    0x0000c1e1     0x134d src/ASF/common/services/spi/uc3_spi/spi_master.o
 .debug_info    0x0000d52e     0x5ce1 src/main.o
 .debug_info    0x0001320f      0xea3 src/mpu60x0.o

.debug_abbrev   0x00000000     0x2123
 *(.debug_abbrev)
 .debug_abbrev  0x00000000      0x33c src/ads1299.o
 .debug_abbrev  0x0000033c      0x218 src/ASF/avr32/drivers/eic/eic.o
 .debug_abbrev  0x00000554      0x340 src/ASF/avr32/drivers/gpio/gpio.o
 .debug_abbrev  0x00000894      0x1f2 src/ASF/avr32/drivers/intc/intc.o
 .debug_abbrev  0x00000a86      0x341 src/ASF/avr32/drivers/pdca/pdca.o
 .debug_abbrev  0x00000dc7      0x28e src/ASF/avr32/drivers/spi/spi.o
 .debug_abbrev  0x00001055      0x2c0 src/ASF/avr32/drivers/twim/twim.o
 .debug_abbrev  0x00001315      0x352 src/ASF/avr32/drivers/usart/usart.o
 .debug_abbrev  0x00001667      0x209 src/ASF/common/services/clock/uc3l/sysclk.o
 .debug_abbrev  0x00001870       0x7d src/ASF/common/services/sleepmgr/uc3/sleepmgr.o
 .debug_abbrev  0x000018ed      0x26e src/ASF/common/services/spi/uc3_spi/spi_master.o
 .debug_abbrev  0x00001b5b      0x437 src/main.o
 .debug_abbrev  0x00001f92      0x191 src/mpu60x0.o

.debug_line     0x00000000     0xa129
 *(.debug_line)
 .debug_line    0x00000000      0xe1e src/ads1299.o
 .debug_line    0x00000e1e      0xa08 src/ASF/avr32/drivers/eic/eic.o
 .debug_line    0x00001826      0xe13 src/ASF/avr32/drivers/gpio/gpio.o
 .debug_line    0x00002639      0x78f src/ASF/avr32/drivers/intc/intc.o
 .debug_line    0x00002dc8      0xcf1 src/ASF/avr32/drivers/pdca/pdca.o
 .debug_line    0x00003ab9      0xb18 src/ASF/avr32/drivers/spi/spi.o
 .debug_line    0x000045d1      0xf08 src/ASF/avr32/drivers/twim/twim.o
 .debug_line    0x000054d9      0xf27 src/ASF/avr32/drivers/usart/usart.o
 .debug_line    0x00006400      0xabf src/ASF/common/services/clock/uc3l/sysclk.o
 .debug_line    0x00006ebf      0x770 src/ASF/common/services/sleepmgr/uc3/sleepmgr.o
 .debug_line    0x0000762f      0xac1 src/ASF/common/services/spi/uc3_spi/spi_master.o
 .debug_line    0x000080f0     0x15a4 src/main.o
 .debug_line    0x00009694      0xa95 src/mpu60x0.o

.debug_frame    0x00000000      0xe38
 *(.debug_frame)
 .debug_frame   0x00000000      0x10c src/ads1299.o
 .debug_frame   0x0000010c      0x100 src/ASF/avr32/drivers/eic/eic.o
 .debug_frame   0x0000020c      0x230 src/ASF/avr32/drivers/gpio/gpio.o
 .debug_frame   0x0000043c       0x60 src/ASF/avr32/drivers/intc/intc.o
 .debug_frame   0x0000049c      0x160 src/ASF/avr32/drivers/pdca/pdca.o
 .debug_frame   0x000005fc      0x164 src/ASF/avr32/drivers/spi/spi.o
 .debug_frame   0x00000760      0x12c src/ASF/avr32/drivers/twim/twim.o
 .debug_frame   0x0000088c      0x25c src/ASF/avr32/drivers/usart/usart.o
 .debug_frame   0x00000ae8       0xb4 src/ASF/common/services/clock/uc3l/sysclk.o
 .debug_frame   0x00000b9c       0x58 src/ASF/common/services/spi/uc3_spi/spi_master.o
 .debug_frame   0x00000bf4      0x1a8 src/main.o
 .debug_frame   0x00000d9c       0x9c src/mpu60x0.o

.debug_str      0x00000000     0x3338
 *(.debug_str)
 .debug_str     0x00000000      0x673 src/ads1299.o
                                0x6f0 (size before relaxing)
 .debug_str     0x00000673      0x382 src/ASF/avr32/drivers/eic/eic.o
                                0x4ca (size before relaxing)
 .debug_str     0x000009f5      0x575 src/ASF/avr32/drivers/gpio/gpio.o
                                0x6b2 (size before relaxing)
 .debug_str     0x00000f6a      0x4a6 src/ASF/avr32/drivers/intc/intc.o
                                0x5b6 (size before relaxing)
 .debug_str     0x00001410      0x4b3 src/ASF/avr32/drivers/pdca/pdca.o
                                0x642 (size before relaxing)
 .debug_str     0x000018c3      0x249 src/ASF/avr32/drivers/spi/spi.o
                                0x664 (size before relaxing)
 .debug_str     0x00001b0c      0x542 src/ASF/avr32/drivers/twim/twim.o
                                0x71f (size before relaxing)
 .debug_str     0x0000204e      0x880 src/ASF/avr32/drivers/usart/usart.o
                                0xa88 (size before relaxing)
 .debug_str     0x000028ce      0x40a src/ASF/common/services/clock/uc3l/sysclk.o
                                0x592 (size before relaxing)
 .debug_str     0x00002cd8       0xe4 src/ASF/common/services/sleepmgr/uc3/sleepmgr.o
                                0x1df (size before relaxing)
 .debug_str     0x00002dbc      0x1b5 src/ASF/common/services/spi/uc3_spi/spi_master.o
                                0x6f4 (size before relaxing)
 .debug_str     0x00002f71      0x2fc src/main.o
                               0x14f3 (size before relaxing)
 .debug_str     0x0000326d       0xcb src/mpu60x0.o
                                0x58b (size before relaxing)

.debug_loc      0x00000000     0x2d73
 *(.debug_loc)
 .debug_loc     0x00000000      0x534 src/ads1299.o
 .debug_loc     0x00000534       0x7e src/ASF/avr32/drivers/eic/eic.o
 .debug_loc     0x000005b2      0x4b5 src/ASF/avr32/drivers/gpio/gpio.o
 .debug_loc     0x00000a67       0x89 src/ASF/avr32/drivers/intc/intc.o
 .debug_loc     0x00000af0      0x4ed src/ASF/avr32/drivers/pdca/pdca.o
 .debug_loc     0x00000fdd      0x3d1 src/ASF/avr32/drivers/spi/spi.o
 .debug_loc     0x000013ae      0x4e3 src/ASF/avr32/drivers/twim/twim.o
 .debug_loc     0x00001891      0x910 src/ASF/avr32/drivers/usart/usart.o
 .debug_loc     0x000021a1      0x1d4 src/ASF/common/services/clock/uc3l/sysclk.o
 .debug_loc     0x00002375      0x212 src/ASF/common/services/spi/uc3_spi/spi_master.o
 .debug_loc     0x00002587      0x629 src/main.o
 .debug_loc     0x00002bb0      0x1c3 src/mpu60x0.o

.debug_macinfo  0x00000000   0x8df7ef
 *(.debug_macinfo)
 .debug_macinfo
                0x00000000    0xb1367 src/ads1299.o
 .debug_macinfo
                0x000b1367    0xad3a7 src/ASF/avr32/drivers/eic/eic.o
 .debug_macinfo
                0x0015e70e    0xad31d src/ASF/avr32/drivers/gpio/gpio.o
 .debug_macinfo
                0x0020ba2b    0xad3ca src/ASF/avr32/drivers/intc/intc.o
 .debug_macinfo
                0x002b8df5    0xad25f src/ASF/avr32/drivers/pdca/pdca.o
 .debug_macinfo
                0x00366054    0xad16b src/ASF/avr32/drivers/spi/spi.o
 .debug_macinfo
                0x004131bf    0xada24 src/ASF/avr32/drivers/twim/twim.o
 .debug_macinfo
                0x004c0be3    0xad52e src/ASF/avr32/drivers/usart/usart.o
 .debug_macinfo
                0x0056e111    0xaec24 src/ASF/common/services/clock/uc3l/sysclk.o
 .debug_macinfo
                0x0061cd35    0xad29a src/ASF/common/services/sleepmgr/uc3/sleepmgr.o
 .debug_macinfo
                0x006c9fcf    0xaeafb src/ASF/common/services/spi/uc3_spi/spi_master.o
 .debug_macinfo
                0x00778aca    0xb65d9 src/main.o
 .debug_macinfo
                0x0082f0a3    0xb074c src/mpu60x0.o

.debug_weaknames
 *(.debug_weaknames)

.debug_funcnames
 *(.debug_funcnames)

.debug_typenames
 *(.debug_typenames)

.debug_varnames
 *(.debug_varnames)

.stack          0x00003000     0x1000
                0x00003000                _stack = .
 *(.stack)
                0x00001000                . = _stack_size
 *fill*         0x00003000     0x1000 
                0x00004000                _estack = .

.userpage
 *(.userpage .userpage.*)

.factorypage
 *(.factorypage .factorypage.*)

.flashvault_flash_size
 *(.flashvault_flash_size .flashvault_flash_size.*)

.flashvault_ram_size
 *(.flashvault_ram_size .flashvault_ram_size.*)

/DISCARD/
 *(.note.GNU-stack)
OUTPUT(brainboard_fw.elf elf32-avr32)

.debug_ranges   0x00000000     0x12b0
 .debug_ranges  0x00000000      0x2b8 src/ads1299.o
 .debug_ranges  0x000002b8       0x80 src/ASF/avr32/drivers/eic/eic.o
 .debug_ranges  0x00000338      0x138 src/ASF/avr32/drivers/gpio/gpio.o
 .debug_ranges  0x00000470       0x48 src/ASF/avr32/drivers/intc/intc.o
 .debug_ranges  0x000004b8      0x4a0 src/ASF/avr32/drivers/pdca/pdca.o
 .debug_ranges  0x00000958       0xa0 src/ASF/avr32/drivers/spi/spi.o
 .debug_ranges  0x000009f8      0x1d0 src/ASF/avr32/drivers/twim/twim.o
 .debug_ranges  0x00000bc8      0x218 src/ASF/avr32/drivers/usart/usart.o
 .debug_ranges  0x00000de0       0x48 src/ASF/common/services/clock/uc3l/sysclk.o
 .debug_ranges  0x00000e28      0x198 src/ASF/common/services/spi/uc3_spi/spi_master.o
 .debug_ranges  0x00000fc0      0x2c0 src/main.o
 .debug_ranges  0x00001280       0x30 src/mpu60x0.o
