Archive member included because of file (symbol)

c:/program files (x86)/atmel/atmel toolchain/avr32 gcc/native/3.4.1057/avr32-gnu-toolchain/bin/../lib/gcc/avr32/4.4.7/ucr3\libgcc.a(_avr32_f64_mul.o)
                              src/ASF/avr32/services/dsp/dsplib/generic/basic/filters/filt_dsp16_lpfirdesign.o (__avr32_f64_mul)
c:/program files (x86)/atmel/atmel toolchain/avr32 gcc/native/3.4.1057/avr32-gnu-toolchain/bin/../lib/gcc/avr32/4.4.7/ucr3\libgcc.a(_avr32_f64_addsub.o)
                              src/ASF/avr32/services/dsp/dsplib/generic/basic/filters/filt_dsp16_lpfirdesign.o (__avr32_f64_add)
c:/program files (x86)/atmel/atmel toolchain/avr32 gcc/native/3.4.1057/avr32-gnu-toolchain/bin/../lib/gcc/avr32/4.4.7/ucr3\libgcc.a(_avr32_f64_to_s32.o)
                              src/ASF/avr32/services/dsp/dsplib/generic/basic/filters/filt_dsp16_lpfirdesign.o (__avr32_f64_to_s32)
c:/program files (x86)/atmel/atmel toolchain/avr32 gcc/native/3.4.1057/avr32-gnu-toolchain/bin/../lib/gcc/avr32/4.4.7/ucr3\libgcc.a(_avr32_s32_to_f64.o)
                              src/ASF/avr32/services/dsp/dsplib/generic/basic/filters/filt_dsp16_lpfirdesign.o (__avr32_s32_to_f64)
c:/program files (x86)/atmel/atmel toolchain/avr32 gcc/native/3.4.1057/avr32-gnu-toolchain/bin/../lib/gcc/avr32/4.4.7/ucr3\libgcc.a(_avr32_f64_cmp_ge.o)
                              src/ASF/avr32/services/dsp/dsplib/generic/basic/filters/filt_dsp16_lpfirdesign.o (__avr32_f64_cmp_ge)
c:/program files (x86)/atmel/atmel toolchain/avr32 gcc/native/3.4.1057/avr32-gnu-toolchain/bin/../lib/gcc/avr32/4.4.7/ucr3\libgcc.a(_divdi3.o)
                              src/ASF/avr32/services/dsp/dsplib/at32uc/basic/filters/filt_dsp32_nlms_at32uc.o (__avr32_sdiv64)
c:/program files (x86)/atmel/atmel toolchain/avr32 gcc/native/3.4.1057/avr32-gnu-toolchain/bin/../lib/gcc/avr32/4.4.7/ucr3\libgcc.a(_udivdi3.o)
                              src/ads1299.o (__avr32_udiv64)
c:/program files (x86)/atmel/atmel toolchain/avr32 gcc/native/3.4.1057/avr32-gnu-toolchain/bin/../lib/gcc/avr32/4.4.7/../../../../avr32/lib/ucr3\libc.a(lib_a-memcpy.o)
                              src/ASF/avr32/services/dsp/dsplib/generic/advanced/resampling/dsp16_resampling.o (memcpy)
c:/program files (x86)/atmel/atmel toolchain/avr32 gcc/native/3.4.1057/avr32-gnu-toolchain/bin/../lib/gcc/avr32/4.4.7/../../../../avr32/lib/ucr3\libc.a(lib_a-memset.o)
                              src/ASF/avr32/services/dsp/dsplib/generic/advanced/resampling/dsp16_resampling.o (memset)

Allocating common symbols
Common symbol       size              file

spi_rx_ads1299_status
                    0x4               src/main.o
debug_usart         0x4               src/main.o
spi_buf_read_idx    0x4               src/main.o
spi_rx_data_buffer  0x2000            src/main.o
debug_spi           0x4               src/main.o
mu_band_avg         0x4               src/main.o
dsp_filter_output_buffer
                    0x80              src/main.o
sleepmgr_locks      0x8               src/ASF/common/services/sleepmgr/uc3/sleepmgr.o
processing_type     0x4               src/main.o
spi_buf_write_idx   0x4               src/main.o
data_usart_rx_dma_buffer
                    0x3               src/main.o
mpu6050_tx_buffer   0x1               src/mpu60x0.o
usart_tx_buffer_idx
                    0x4               src/main.o
dsp_filter_input_buffer
                    0x100             src/main.o
frame_complete_flag
                    0x4               src/main.o
mpu6050_rx_buffer   0xe               src/mpu60x0.o

Discarded input sections

 .text          0x00000000        0x0 src/ads1299.o
 .data          0x00000000        0x0 src/ads1299.o
 .bss           0x00000000        0x0 src/ads1299.o
 .text.ads1299_rdata32_packet
                0x00000000      0x214 src/ads1299.o
 .text.ads1299_rdata24_generic
                0x00000000      0x124 src/ads1299.o
 .text          0x00000000        0x0 src/ASF/avr32/drivers/eic/eic.o
 .data          0x00000000        0x0 src/ASF/avr32/drivers/eic/eic.o
 .bss           0x00000000        0x0 src/ASF/avr32/drivers/eic/eic.o
 .text.eic_enable_lines
                0x00000000       0x20 src/ASF/avr32/drivers/eic/eic.o
 .text.eic_disable_lines
                0x00000000       0x20 src/ASF/avr32/drivers/eic/eic.o
 .text.eic_disable_line
                0x00000000       0x28 src/ASF/avr32/drivers/eic/eic.o
 .text.eic_is_line_enabled
                0x00000000       0x30 src/ASF/avr32/drivers/eic/eic.o
 .text.eic_enable_interrupt_lines
                0x00000000       0x20 src/ASF/avr32/drivers/eic/eic.o
 .text.eic_disable_interrupt_lines
                0x00000000       0x40 src/ASF/avr32/drivers/eic/eic.o
 .text.eic_disable_interrupt_line
                0x00000000       0x48 src/ASF/avr32/drivers/eic/eic.o
 .text.eic_is_interrupt_line_enabled
                0x00000000       0x30 src/ASF/avr32/drivers/eic/eic.o
 .text.eic_clear_interrupt_lines
[...]
Memory Configuration

Name             Origin             Length             Attributes
FLASH            0x80000000         0x00010000         axrl !w
CPUSRAM          0x00000004         0x00003ffc         axw !rl
USERPAGE         0x80800000         0x00000200
FACTORYPAGE      0x80800200         0x00000200
FLASHVAULT_FLASH_SIZE 0x80800400         0x00000008         r
FLASHVAULT_RAM_SIZE 0x80800408         0x00000008         r
*default*        0x00000000         0xffffffff

Linker script and memory map

                0x00001000                _stack_size = 0x1000
LOAD src/ads1299.o
LOAD src/ASF/avr32/drivers/eic/eic.o
LOAD src/ASF/avr32/drivers/flashcdw/flashcdw.o
LOAD src/ASF/avr32/drivers/gpio/gpio.o
LOAD src/ASF/avr32/drivers/intc/exception.o
LOAD src/ASF/avr32/drivers/intc/intc.o
LOAD src/ASF/avr32/drivers/pdca/pdca.o
LOAD src/ASF/avr32/drivers/pm/pm_uc3l.o
LOAD src/ASF/avr32/drivers/pm/power_clocks_lib.o
LOAD src/ASF/avr32/drivers/scif/scif_uc3l.o
LOAD src/ASF/avr32/drivers/spi/spi.o
LOAD src/ASF/avr32/drivers/twim/twim.o
LOAD src/ASF/avr32/drivers/usart/usart.o
LOAD src/ASF/avr32/services/dsp/dsplib/at32uc/basic/filters/filt_dsp16_iirpart_at32uc.o
LOAD src/ASF/avr32/services/dsp/dsplib/at32uc/basic/filters/filt_dsp16_iir_at32uc.o
LOAD src/ASF/avr32/services/dsp/dsplib/at32uc/basic/filters/filt_dsp16_lms_at32uc.o
LOAD src/ASF/avr32/services/dsp/dsplib/at32uc/basic/filters/filt_dsp16_nlms_at32uc.o
LOAD src/ASF/avr32/services/dsp/dsplib/at32uc/basic/filters/filt_dsp32_iirpart_at32uc.o
LOAD src/ASF/avr32/services/dsp/dsplib/at32uc/basic/filters/filt_dsp32_iir_at32uc.o
LOAD src/ASF/avr32/services/dsp/dsplib/at32uc/basic/filters/filt_dsp32_lms_at32uc.o
LOAD src/ASF/avr32/services/dsp/dsplib/at32uc/basic/filters/filt_dsp32_lms_fir_at32uc.o
LOAD src/ASF/avr32/services/dsp/dsplib/at32uc/basic/filters/filt_dsp32_nlms_at32uc.o
LOAD src/ASF/avr32/services/dsp/dsplib/at32uc/basic/filters/filt_dsp32_nlms_fir_at32uc.o
LOAD src/ASF/avr32/services/dsp/dsplib/at32uc/basic/operators/op_dsp16_ln_at32uc.o
LOAD src/ASF/avr32/services/dsp/dsplib/at32uc/basic/operators/op_dsp16_sqrt_at32uc.o
LOAD src/ASF/avr32/services/dsp/dsplib/at32uc/basic/transforms/trans_dsp16_complex_fft_at32uc.o
LOAD src/ASF/avr32/services/dsp/dsplib/at32uc/basic/transforms/trans_dsp16_complex_ifft_at32uc.o
LOAD src/ASF/avr32/services/dsp/dsplib/at32uc/basic/transforms/trans_dsp16_real_complex_fft_at32uc.o
LOAD src/ASF/avr32/services/dsp/dsplib/at32uc/basic/vectors/vect_dsp16_add_at32uc.o
LOAD src/ASF/avr32/services/dsp/dsplib/at32uc/basic/vectors/vect_dsp16_complex_conj_at32uc.o
LOAD src/ASF/avr32/services/dsp/dsplib/at32uc/basic/vectors/vect_dsp16_convpart_at32uc.o
LOAD src/ASF/avr32/services/dsp/dsplib/at32uc/basic/vectors/vect_dsp16_dotdiv_at32uc.o
LOAD src/ASF/avr32/services/dsp/dsplib/at32uc/basic/vectors/vect_dsp16_dotmul_at32uc.o
LOAD src/ASF/avr32/services/dsp/dsplib/at32uc/basic/vectors/vect_dsp16_neg_at32uc.o
LOAD src/ASF/avr32/services/dsp/dsplib/at32uc/basic/vectors/vect_dsp16_realdiv_at32uc.o
LOAD src/ASF/avr32/services/dsp/dsplib/at32uc/basic/vectors/vect_dsp16_realmul_at32uc.o
LOAD src/ASF/avr32/services/dsp/dsplib/at32uc/basic/vectors/vect_dsp16_sub_at32uc.o
LOAD src/ASF/avr32/services/dsp/dsplib/at32uc/basic/vectors/vect_dsp32_add_at32uc.o
LOAD src/ASF/avr32/services/dsp/dsplib/at32uc/basic/vectors/vect_dsp32_convpart_at32uc.o
LOAD src/ASF/avr32/services/dsp/dsplib/at32uc/basic/vectors/vect_dsp32_max_at32uc.o
LOAD src/ASF/avr32/services/dsp/dsplib/at32uc/basic/vectors/vect_dsp32_min_at32uc.o
LOAD src/ASF/avr32/services/dsp/dsplib/at32uc/basic/vectors/vect_dsp32_neg_at32uc.o
LOAD src/ASF/avr32/services/dsp/dsplib/at32uc/basic/vectors/vect_dsp32_realmul_at32uc.o
LOAD src/ASF/avr32/services/dsp/dsplib/at32uc/basic/vectors/vect_dsp32_sub_at32uc.o
LOAD src/ASF/avr32/services/dsp/dsplib/generic/advanced/adpcm/adpcm.o
LOAD src/ASF/avr32/services/dsp/dsplib/generic/advanced/resampling/dsp16_resampling.o
LOAD src/ASF/avr32/services/dsp/dsplib/generic/basic/filters/dsp16_filt_interpolation.o
LOAD src/ASF/avr32/services/dsp/dsplib/generic/basic/filters/dsp16_filt_interpolation_coefsort.o
LOAD src/ASF/avr32/services/dsp/dsplib/generic/basic/filters/filt_dsp16_iir.o
LOAD src/ASF/avr32/services/dsp/dsplib/generic/basic/filters/filt_dsp16_iirpart.o
LOAD src/ASF/avr32/services/dsp/dsplib/generic/basic/filters/filt_dsp16_lms.o
LOAD src/ASF/avr32/services/dsp/dsplib/generic/basic/filters/filt_dsp16_lpfirdesign.o
LOAD src/ASF/avr32/services/dsp/dsplib/generic/basic/filters/filt_dsp16_nlms.o
LOAD src/ASF/avr32/services/dsp/dsplib/generic/basic/filters/filt_dsp32_iir.o
LOAD src/ASF/avr32/services/dsp/dsplib/generic/basic/filters/filt_dsp32_iirpart.o
LOAD src/ASF/avr32/services/dsp/dsplib/generic/basic/filters/filt_dsp32_lms.o
LOAD src/ASF/avr32/services/dsp/dsplib/generic/basic/filters/filt_dsp32_nlms.o
LOAD src/ASF/avr32/services/dsp/dsplib/generic/basic/operators/op_dsp16_fix_sqrt.o
LOAD src/ASF/avr32/services/dsp/dsplib/generic/basic/operators/op_dsp16_kfix_ln.o
LOAD src/ASF/avr32/services/dsp/dsplib/generic/basic/operators/op_dsp32_fix_sqrt.o
LOAD src/ASF/avr32/services/dsp/dsplib/generic/basic/operators/op_dsp32_kfix_ln.o
LOAD src/ASF/avr32/services/dsp/dsplib/generic/basic/operators/op_fix_asin.o
LOAD src/ASF/avr32/services/dsp/dsplib/generic/basic/operators/op_fix_exp.o
LOAD src/ASF/avr32/services/dsp/dsplib/generic/basic/operators/op_fix_ln.o
LOAD src/ASF/avr32/services/dsp/dsplib/generic/basic/operators/op_fix_log10.o
LOAD src/ASF/avr32/services/dsp/dsplib/generic/basic/operators/op_fix_log2.o
LOAD src/ASF/avr32/services/dsp/dsplib/generic/basic/operators/op_fix_pow.o
LOAD src/ASF/avr32/services/dsp/dsplib/generic/basic/operators/op_fix_rand.o
LOAD src/ASF/avr32/services/dsp/dsplib/generic/basic/operators/op_fix_sin.o
LOAD src/ASF/avr32/services/dsp/dsplib/generic/basic/operators/op_kfix_cos.o
LOAD src/ASF/avr32/services/dsp/dsplib/generic/basic/operators/op_kfix_sin.o
LOAD src/ASF/avr32/services/dsp/dsplib/generic/basic/signal_generation/gen_cosinusoidal.o
LOAD src/ASF/avr32/services/dsp/dsplib/generic/basic/signal_generation/gen_dirac.o
LOAD src/ASF/avr32/services/dsp/dsplib/generic/basic/signal_generation/gen_diraccomb.o
LOAD src/ASF/avr32/services/dsp/dsplib/generic/basic/signal_generation/gen_noise.o
LOAD src/ASF/avr32/services/dsp/dsplib/generic/basic/signal_generation/gen_ramp.o
LOAD src/ASF/avr32/services/dsp/dsplib/generic/basic/signal_generation/gen_rectangular.o
LOAD src/ASF/avr32/services/dsp/dsplib/generic/basic/signal_generation/gen_sawtooth.o
LOAD src/ASF/avr32/services/dsp/dsplib/generic/basic/signal_generation/gen_sinusoidal.o
LOAD src/ASF/avr32/services/dsp/dsplib/generic/basic/signal_generation/gen_step.o
LOAD src/ASF/avr32/services/dsp/dsplib/generic/basic/transforms/trans_dsp16_complex_fft.o
LOAD src/ASF/avr32/services/dsp/dsplib/generic/basic/transforms/trans_dsp16_complex_ifft.o
LOAD src/ASF/avr32/services/dsp/dsplib/generic/basic/transforms/trans_dsp16_realcomplex_fft.o
LOAD src/ASF/avr32/services/dsp/dsplib/generic/basic/transforms/trans_dsp16_twiddle_factors.o
LOAD src/ASF/avr32/services/dsp/dsplib/generic/basic/transforms/trans_dsp32_realcomplex_fft.o
LOAD src/ASF/avr32/services/dsp/dsplib/generic/basic/transforms/trans_dsp32_twiddle_factors.o
LOAD src/ASF/avr32/services/dsp/dsplib/generic/basic/vectors/vect_convolution.o
LOAD src/ASF/avr32/services/dsp/dsplib/generic/basic/vectors/vect_dsp16_add.o
LOAD src/ASF/avr32/services/dsp/dsplib/generic/basic/vectors/vect_dsp16_add_and_saturate.o
LOAD src/ASF/avr32/services/dsp/dsplib/generic/basic/vectors/vect_dsp16_complex_abs.o
LOAD src/ASF/avr32/services/dsp/dsplib/generic/basic/vectors/vect_dsp16_complex_add.o
LOAD src/ASF/avr32/services/dsp/dsplib/generic/basic/vectors/vect_dsp16_complex_conj.o
LOAD src/ASF/avr32/services/dsp/dsplib/generic/basic/vectors/vect_dsp16_complex_sub.o
LOAD src/ASF/avr32/services/dsp/dsplib/generic/basic/vectors/vect_dsp16_convpart.o
LOAD src/ASF/avr32/services/dsp/dsplib/generic/basic/vectors/vect_dsp16_dotdiv.o
LOAD src/ASF/avr32/services/dsp/dsplib/generic/basic/vectors/vect_dsp16_dotmul.o
LOAD src/ASF/avr32/services/dsp/dsplib/generic/basic/vectors/vect_dsp16_intdiv.o
LOAD src/ASF/avr32/services/dsp/dsplib/generic/basic/vectors/vect_dsp16_intmul.o
LOAD src/ASF/avr32/services/dsp/dsplib/generic/basic/vectors/vect_dsp16_max.o
LOAD src/ASF/avr32/services/dsp/dsplib/generic/basic/vectors/vect_dsp16_min.o
LOAD src/ASF/avr32/services/dsp/dsplib/generic/basic/vectors/vect_dsp16_neg.o
LOAD src/ASF/avr32/services/dsp/dsplib/generic/basic/vectors/vect_dsp16_pow.o
LOAD src/ASF/avr32/services/dsp/dsplib/generic/basic/vectors/vect_dsp16_realadd.o
LOAD src/ASF/avr32/services/dsp/dsplib/generic/basic/vectors/vect_dsp16_realdiv.o
LOAD src/ASF/avr32/services/dsp/dsplib/generic/basic/vectors/vect_dsp16_realmul.o
LOAD src/ASF/avr32/services/dsp/dsplib/generic/basic/vectors/vect_dsp16_realsub.o
LOAD src/ASF/avr32/services/dsp/dsplib/generic/basic/vectors/vect_dsp16_sub.o
LOAD src/ASF/avr32/services/dsp/dsplib/generic/basic/vectors/vect_dsp32_add.o
LOAD src/ASF/avr32/services/dsp/dsplib/generic/basic/vectors/vect_dsp32_add_and_saturate.o
LOAD src/ASF/avr32/services/dsp/dsplib/generic/basic/vectors/vect_dsp32_complex_abs.o
LOAD src/ASF/avr32/services/dsp/dsplib/generic/basic/vectors/vect_dsp32_complex_add.o
LOAD src/ASF/avr32/services/dsp/dsplib/generic/basic/vectors/vect_dsp32_complex_sub.o
LOAD src/ASF/avr32/services/dsp/dsplib/generic/basic/vectors/vect_dsp32_convpart.o
LOAD src/ASF/avr32/services/dsp/dsplib/generic/basic/vectors/vect_dsp32_dotdiv.o
LOAD src/ASF/avr32/services/dsp/dsplib/generic/basic/vectors/vect_dsp32_dotmul.o
LOAD src/ASF/avr32/services/dsp/dsplib/generic/basic/vectors/vect_dsp32_intdiv.o
LOAD src/ASF/avr32/services/dsp/dsplib/generic/basic/vectors/vect_dsp32_intmul.o
LOAD src/ASF/avr32/services/dsp/dsplib/generic/basic/vectors/vect_dsp32_max.o
LOAD src/ASF/avr32/services/dsp/dsplib/generic/basic/vectors/vect_dsp32_min.o
LOAD src/ASF/avr32/services/dsp/dsplib/generic/basic/vectors/vect_dsp32_neg.o
LOAD src/ASF/avr32/services/dsp/dsplib/generic/basic/vectors/vect_dsp32_pow.o
LOAD src/ASF/avr32/services/dsp/dsplib/generic/basic/vectors/vect_dsp32_realadd.o
LOAD src/ASF/avr32/services/dsp/dsplib/generic/basic/vectors/vect_dsp32_realdiv.o
LOAD src/ASF/avr32/services/dsp/dsplib/generic/basic/vectors/vect_dsp32_realmul.o
LOAD src/ASF/avr32/services/dsp/dsplib/generic/basic/vectors/vect_dsp32_realsub.o
LOAD src/ASF/avr32/services/dsp/dsplib/generic/basic/vectors/vect_dsp32_sub.o
LOAD src/ASF/avr32/services/dsp/dsplib/generic/basic/windowing/win_bartlett.o
LOAD src/ASF/avr32/services/dsp/dsplib/generic/basic/windowing/win_blackman.o
LOAD src/ASF/avr32/services/dsp/dsplib/generic/basic/windowing/win_dsp16_kaiser.o
LOAD src/ASF/avr32/services/dsp/dsplib/generic/basic/windowing/win_dsp32_kaiser.o
LOAD src/ASF/avr32/services/dsp/dsplib/generic/basic/windowing/win_gauss.o
LOAD src/ASF/avr32/services/dsp/dsplib/generic/basic/windowing/win_hamming.o
LOAD src/ASF/avr32/services/dsp/dsplib/generic/basic/windowing/win_hann.o
LOAD src/ASF/avr32/services/dsp/dsplib/generic/basic/windowing/win_rectangular.o
LOAD src/ASF/avr32/services/dsp/dsplib/generic/basic/windowing/win_welch.o
LOAD src/ASF/avr32/utils/startup/startup_uc3.o
LOAD src/ASF/avr32/utils/startup/trampoline_uc3.o
LOAD src/ASF/common/boards/user_board/init.o
LOAD src/ASF/common/services/clock/uc3l/dfll.o
LOAD src/ASF/common/services/clock/uc3l/osc.o
LOAD src/ASF/common/services/clock/uc3l/sysclk.o
LOAD src/ASF/common/services/sleepmgr/uc3/sleepmgr.o
LOAD src/ASF/common/services/spi/uc3_spi/spi_master.o
LOAD src/main.o
LOAD src/mpu60x0.o
START GROUP
END GROUP
LOAD c:/program files (x86)/atmel/atmel toolchain/avr32 gcc/native/3.4.1057/avr32-gnu-toolchain/bin/../lib/gcc/avr32/4.4.7/ucr3\libgcc.a
LOAD c:/program files (x86)/atmel/atmel toolchain/avr32 gcc/native/3.4.1057/avr32-gnu-toolchain/bin/../lib/gcc/avr32/4.4.7/../../../../avr32/lib/ucr3\libc.a
LOAD c:/program files (x86)/atmel/atmel toolchain/avr32 gcc/native/3.4.1057/avr32-gnu-toolchain/bin/../lib/gcc/avr32/4.4.7/ucr3\libgcc.a
                0x80000000                PROVIDE (__executable_start, 0x80000000)
                0x80000000                . = 0x80000000

.interp
 *(.interp)

.reset          0x80000000     0x2004
 *(.reset)
 .reset         0x80000000     0x2004 src/ASF/avr32/utils/startup/trampoline_uc3.o
                               0x2008 (size before relaxing)
                0x80000000                _trampoline

.hash
 *(.hash)

.dynsym
 *(.dynsym)

.dynstr
 *(.dynstr)

.gnu.version
 *(.gnu.version)

.gnu.version_d
 *(.gnu.version_d)

.gnu.version_r
 *(.gnu.version_r)

.rel.init
 *(.rel.init)

.rela.init
 *(.rela.init)

.rel.text
 *(.rel.text .rel.text.* .rel.gnu.linkonce.t.*)

.rela.text
 *(.rela.text .rela.text.* .rela.gnu.linkonce.t.*)

.rel.fini
 *(.rel.fini)

.rela.fini
 *(.rela.fini)

.rel.rodata
 *(.rel.rodata .rel.rodata.* .rel.gnu.linkonce.r.*)

.rela.rodata
 *(.rela.rodata .rela.rodata.* .rela.gnu.linkonce.r.*)

.rel.data.rel.ro
 *(.rel.data.rel.ro*)

.rela.data.rel.ro
 *(.rel.data.rel.ro*)

.rel.data
 *(.rel.data .rel.data.* .rel.gnu.linkonce.d.*)

.rela.data
 *(.rela.data .rela.data.* .rela.gnu.linkonce.d.*)

.rel.tdata
 *(.rel.tdata .rel.tdata.* .rel.gnu.linkonce.td.*)

.rela.tdata
 *(.rela.tdata .rela.tdata.* .rela.gnu.linkonce.td.*)

.rel.tbss
 *(.rel.tbss .rel.tbss.* .rel.gnu.linkonce.tb.*)

.rela.tbss
 *(.rela.tbss .rela.tbss.* .rela.gnu.linkonce.tb.*)

.rel.ctors
 *(.rel.ctors)

.rela.ctors
 *(.rela.ctors)

.rel.dtors
 *(.rel.dtors)

.rela.dtors
 *(.rela.dtors)

.rel.got
 *(.rel.got)

.rela.got       0x80002004        0x0
 *(.rela.got)
 .rela.got      0x80002004        0x0 src/ASF/avr32/drivers/flashcdw/flashcdw.o

.rel.bss
 *(.rel.bss .rel.bss.* .rel.gnu.linkonce.b.*)

.rela.bss
 *(.rela.bss .rela.bss.* .rela.gnu.linkonce.b.*)

.rel.plt
 *(.rel.plt)

.rela.plt
 *(.rela.plt)

.init
 *(.init)

.plt
 *(.plt)

.text           0x80002004     0x53b0
 *(.text .stub .text.* .gnu.linkonce.t.*)
 .text.dfll_priv_get_source_hz
                0x80002004       0x46 src/ads1299.o
 *fill*         0x8000204a        0x2 d703d703
 .text.sysclk_get_main_hz
                0x8000204c       0x24 src/ads1299.o
 .text.sysclk_get_cpu_hz
                0x80002070       0x18 src/ads1299.o
 .text.spi_put  0x80002088       0x22 src/ads1299.o
 .text.spi_get  0x800020aa       0x1c src/ads1299.o
 .text.spi_is_tx_empty
                0x800020c6       0x22 src/ads1299.o
 .text.spi_is_tx_ready
                0x800020e8       0x22 src/ads1299.o
 *fill*         0x8000210a        0x2 d703d703
 .text.ads1299_send_byte_no_cs
                0x8000210c       0x58 src/ads1299.o
 .text.ads1299_send_byte
                0x80002164       0x50 src/ads1299.o
 .text.ads1299_device_init
                0x800021b4      0x524 src/ads1299.o
                0x800021b4                ads1299_device_init
 .text.ads1299_rreg
                0x800026d8      0x1c8 src/ads1299.o
                0x800026d8                ads1299_rreg
 .text.ads1299_wreg
                0x800028a0       0x6c src/ads1299.o
                0x800028a0                ads1299_wreg
 .text.ads1299_rdata24_packet
                0x8000290c      0x140 src/ads1299.o
                0x8000290c                ads1299_rdata24_packet
 .text.ads1299_rdata32_generic
                0x80002a4c      0x164 src/ads1299.o
                0x80002a4c                ads1299_rdata32_generic
 .text.cpu_irq_save
                0x80002bb0       0x1e src/ASF/avr32/drivers/eic/eic.o
 .text.cpu_irq_is_enabled_flags
                0x80002bce       0x20 src/ASF/avr32/drivers/eic/eic.o
 *fill*         0x80002bee        0x2 d703d703
 .text.cpu_irq_restore
                0x80002bf0       0x28 src/ASF/avr32/drivers/eic/eic.o
 .text.eic_init
                0x80002c18      0x27e src/ASF/avr32/drivers/eic/eic.o
                0x80002c18                eic_init
 .text.eic_enable_line
                0x80002e96       0x28 src/ASF/avr32/drivers/eic/eic.o
                0x80002e96                eic_enable_line
 .text.eic_enable_interrupt_line
                0x80002ebe       0x28 src/ASF/avr32/drivers/eic/eic.o
                0x80002ebe                eic_enable_interrupt_line
 *fill*         0x80002ee6        0x2 d703d703
 .text.eic_clear_interrupt_line
                0x80002ee8       0x48 src/ASF/avr32/drivers/eic/eic.o
                0x80002ee8                eic_clear_interrupt_line
 .text.flashcdw_set_wait_state
                0x80002f30       0x46 src/ASF/avr32/drivers/flashcdw/flashcdw.o
                0x80002f30                flashcdw_set_wait_state
 *fill*         0x80002f76        0x2 d703d703
 .text.flashcdw_set_flash_waitstate_and_readmode
                0x80002f78       0x6c src/ASF/avr32/drivers/flashcdw/flashcdw.o
                0x80002f78                flashcdw_set_flash_waitstate_and_readmode
 .text.flashcdw_is_ready
                0x80002fe4       0x18 src/ASF/avr32/drivers/flashcdw/flashcdw.o
                0x80002fe4                flashcdw_is_ready
 .text.flashcdw_default_wait_until_ready
                0x80002ffc       0x1c src/ASF/avr32/drivers/flashcdw/flashcdw.o
                0x80002ffc                flashcdw_default_wait_until_ready
 .text.flashcdw_get_error_status
                0x80003018       0x16 src/ASF/avr32/drivers/flashcdw/flashcdw.o
 *fill*         0x8000302e        0x2 d703d703
 .text.flashcdw_issue_command
                0x80003030       0x88 src/ASF/avr32/drivers/flashcdw/flashcdw.o
                0x80003030                flashcdw_issue_command
 .text.gpio_enable_module_pin
                0x800030b8      0x27c src/ASF/avr32/drivers/gpio/gpio.o
                0x800030b8                gpio_enable_module_pin
 .text.gpio_enable_gpio_pin
                0x80003334       0x50 src/ASF/avr32/drivers/gpio/gpio.o
                0x80003334                gpio_enable_gpio_pin
 .text.gpio_enable_pin_pull_up
                0x80003384       0x3a src/ASF/avr32/drivers/gpio/gpio.o
                0x80003384                gpio_enable_pin_pull_up
 .text.gpio_configure_pin
                0x800033be      0x1ae src/ASF/avr32/drivers/gpio/gpio.o
                0x800033be                gpio_configure_pin
 .text.gpio_get_pin_value
                0x8000356c       0x3c src/ASF/avr32/drivers/gpio/gpio.o
                0x8000356c                gpio_get_pin_value
 .text.gpio_set_gpio_pin
                0x800035a8       0x68 src/ASF/avr32/drivers/gpio/gpio.o
                0x800035a8                gpio_set_gpio_pin
 .text.gpio_clr_gpio_pin
                0x80003610       0x68 src/ASF/avr32/drivers/gpio/gpio.o
                0x80003610                gpio_clr_gpio_pin
 .text._unhandled_interrupt
                0x80003678        0x8 src/ASF/avr32/drivers/intc/intc.o
 .text._get_interrupt_handler
                0x80003680       0x70 src/ASF/avr32/drivers/intc/intc.o
                0x80003680                _get_interrupt_handler
 .text.INTC_init_evba
                0x800036f0       0x14 src/ASF/avr32/drivers/intc/intc.o
 .text.INTC_init_interrupts
                0x80003704       0x98 src/ASF/avr32/drivers/intc/intc.o
                0x80003704                INTC_init_interrupts
 .text.INTC_register_interrupt
                0x8000379c       0xd4 src/ASF/avr32/drivers/intc/intc.o
                0x8000379c                INTC_register_interrupt
 .text.cpu_irq_save
                0x80003870       0x1e src/ASF/avr32/drivers/pdca/pdca.o
 .text.cpu_irq_is_enabled_flags
                0x8000388e       0x20 src/ASF/avr32/drivers/pdca/pdca.o
 *fill*         0x800038ae        0x2 d703d703
 .text.cpu_irq_restore
                0x800038b0       0x28 src/ASF/avr32/drivers/pdca/pdca.o
 .text.pdca_get_handler
                0x800038d8       0x3a src/ASF/avr32/drivers/pdca/pdca.o
                0x800038d8                pdca_get_handler
 *fill*         0x80003912        0x2 d703d703
 .text.pdca_init_channel
                0x80003914       0xd0 src/ASF/avr32/drivers/pdca/pdca.o
                0x80003914                pdca_init_channel
 .text.pdca_disable
                0x800039e4       0x30 src/ASF/avr32/drivers/pdca/pdca.o
                0x800039e4                pdca_disable
 .text.pdca_enable
                0x80003a14       0x30 src/ASF/avr32/drivers/pdca/pdca.o
                0x80003a14                pdca_enable
 .text.pdca_load_channel
                0x80003a44       0x70 src/ASF/avr32/drivers/pdca/pdca.o
                0x80003a44                pdca_load_channel
 .text.pdca_disable_interrupt_transfer_complete
                0x80003ab4       0x50 src/ASF/avr32/drivers/pdca/pdca.o
                0x80003ab4                pdca_disable_interrupt_transfer_complete
 .text.pdca_enable_interrupt_transfer_complete
                0x80003b04       0x30 src/ASF/avr32/drivers/pdca/pdca.o
                0x80003b04                pdca_enable_interrupt_transfer_complete
 .text.pdca_disable_interrupt_reload_counter_zero
                0x80003b34       0x50 src/ASF/avr32/drivers/pdca/pdca.o
                0x80003b34                pdca_disable_interrupt_reload_counter_zero
 .text.getBaudDiv
                0x80003b84       0x50 src/ASF/avr32/drivers/spi/spi.o
                0x80003b84                getBaudDiv
 .text.spi_initMaster
                0x80003bd4       0x94 src/ASF/avr32/drivers/spi/spi.o
                0x80003bd4                spi_initMaster
 .text.spi_selectChip
                0x80003c68       0x98 src/ASF/avr32/drivers/spi/spi.o
                0x80003c68                spi_selectChip
 .text.spi_unselectChip
                0x80003d00       0x6a src/ASF/avr32/drivers/spi/spi.o
                0x80003d00                spi_unselectChip
 *fill*         0x80003d6a        0x2 d703d703
 .text.spi_setupChipReg
                0x80003d6c      0x184 src/ASF/avr32/drivers/spi/spi.o
                0x80003d6c                spi_setupChipReg
 .text.spi_enable
                0x80003ef0       0x1a src/ASF/avr32/drivers/spi/spi.o
                0x80003ef0                spi_enable
 .text.cpu_irq_save
                0x80003f0a       0x1e src/ASF/avr32/drivers/twim/twim.o
 .text.cpu_irq_is_enabled_flags
                0x80003f28       0x20 src/ASF/avr32/drivers/twim/twim.o
 .text.cpu_irq_restore
                0x80003f48       0x28 src/ASF/avr32/drivers/twim/twim.o
 .text.twim_master_interrupt_handler
                0x80003f70      0x144 src/ASF/avr32/drivers/twim/twim.o
 .text.twim_set_speed
                0x800040b4       0xa8 src/ASF/avr32/drivers/twim/twim.o
                0x800040b4                twim_set_speed
 .text.twim_master_init
                0x8000415c      0x110 src/ASF/avr32/drivers/twim/twim.o
                0x8000415c                twim_master_init
 .text.twim_disable_interrupt
                0x8000426c       0x44 src/ASF/avr32/drivers/twim/twim.o
                0x8000426c                twim_disable_interrupt
 .text.twim_probe
                0x800042b0       0x38 src/ASF/avr32/drivers/twim/twim.o
                0x800042b0                twim_probe
 .text.twim_read_packet
                0x800042e8      0x17c src/ASF/avr32/drivers/twim/twim.o
                0x800042e8                twim_read_packet
 .text.twim_write_packet
                0x80004464      0x134 src/ASF/avr32/drivers/twim/twim.o
                0x80004464                twim_write_packet
 .text.twim_write
                0x80004598       0xfc src/ASF/avr32/drivers/twim/twim.o
                0x80004598                twim_write
 .text.twim_status
                0x80004694       0x30 src/ASF/avr32/drivers/twim/twim.o
                0x80004694                twim_status
 .text.cpu_irq_is_enabled_flags
                0x800046c4       0x20 src/ASF/avr32/drivers/usart/usart.o
 .text.usart_set_async_baudrate
                0x800046e4       0xd2 src/ASF/avr32/drivers/usart/usart.o
 *fill*         0x800047b6        0x2 d703d703
 .text.usart_reset
                0x800047b8       0x74 src/ASF/avr32/drivers/usart/usart.o
                0x800047b8                usart_reset
 .text.usart_init_rs232
                0x8000482c      0x170 src/ASF/avr32/drivers/usart/usart.o
                0x8000482c                usart_init_rs232
 .text.usart_init_hw_handshaking
                0x8000499c       0x50 src/ASF/avr32/drivers/usart/usart.o
                0x8000499c                usart_init_hw_handshaking
 .text.usart_write_char
                0x800049ec       0x44 src/ASF/avr32/drivers/usart/usart.o
                0x800049ec                usart_write_char
 .text.usart_putchar
                0x80004a30       0x54 src/ASF/avr32/drivers/usart/usart.o
                0x80004a30                usart_putchar
 .text.usart_write_line
                0x80004a84       0x40 src/ASF/avr32/drivers/usart/usart.o
                0x80004a84                usart_write_line
 .text._stext   0x80004ac4       0x4c src/ASF/avr32/utils/startup/startup_uc3.o
                                 0x50 (size before relaxing)
                0x80004ac4                _stext
 .text.cpu_irq_save
                0x80004b10       0x1e src/ASF/common/services/clock/uc3l/dfll.o
 .text.cpu_irq_is_enabled_flags
                0x80004b2e       0x20 src/ASF/common/services/clock/uc3l/dfll.o
 *fill*         0x80004b4e        0x2 d703d703
 .text.cpu_irq_restore
                0x80004b50       0x28 src/ASF/common/services/clock/uc3l/dfll.o
 .text.osc_enable
                0x80004b78       0x34 src/ASF/common/services/clock/uc3l/dfll.o
 .text.osc_is_ready
                0x80004bac       0x4c src/ASF/common/services/clock/uc3l/dfll.o
 .text.osc_wait_ready
                0x80004bf8       0x2c src/ASF/common/services/clock/uc3l/dfll.o
 .text.genclk_config_defaults
                0x80004c24       0x1e src/ASF/common/services/clock/uc3l/dfll.o
 .text.genclk_config_set_source
                0x80004c42       0x30 src/ASF/common/services/clock/uc3l/dfll.o
 .text.genclk_config_set_divider
                0x80004c72       0x60 src/ASF/common/services/clock/uc3l/dfll.o
 .text.genclk_enable
                0x80004cd2       0x2c src/ASF/common/services/clock/uc3l/dfll.o
 *fill*         0x80004cfe        0x2 d703d703
 .text.dfll_config_init_closed_loop_mode
                0x80004d00       0x80 src/ASF/common/services/clock/uc3l/dfll.o
 .text.dfll_is_fine_locked
                0x80004d80       0x22 src/ASF/common/services/clock/uc3l/dfll.o
 *fill*         0x80004da2        0x2 d703d703
 .text.dfll_enable_source
                0x80004da4       0x6c src/ASF/common/services/clock/uc3l/dfll.o
 .text.dfll_enable_closed_loop
                0x80004e10      0x130 src/ASF/common/services/clock/uc3l/dfll.o
                0x80004e10                dfll_enable_closed_loop
 .text.dfll_enable_config_defaults
                0x80004f40       0x74 src/ASF/common/services/clock/uc3l/dfll.o
                0x80004f40                dfll_enable_config_defaults
 .text.cpu_irq_save
                0x80004fb4       0x1e src/ASF/common/services/clock/uc3l/osc.o
 .text.cpu_irq_is_enabled_flags
                0x80004fd2       0x20 src/ASF/common/services/clock/uc3l/osc.o
 *fill*         0x80004ff2        0x2 d703d703
 .text.cpu_irq_restore
                0x80004ff4       0x28 src/ASF/common/services/clock/uc3l/osc.o
 .text.osc_priv_enable_rc32k
                0x8000501c       0x40 src/ASF/common/services/clock/uc3l/osc.o
                0x8000501c                osc_priv_enable_rc32k
 .text.osc_priv_enable_rc120m
                0x8000505c       0x40 src/ASF/common/services/clock/uc3l/osc.o
                0x8000505c                osc_priv_enable_rc120m
 .text.cpu_irq_save
                0x8000509c       0x1e src/ASF/common/services/clock/uc3l/sysclk.o
 .text.cpu_irq_is_enabled_flags
                0x800050ba       0x20 src/ASF/common/services/clock/uc3l/sysclk.o
 *fill*         0x800050da        0x2 d703d703
 .text.cpu_irq_restore
                0x800050dc       0x28 src/ASF/common/services/clock/uc3l/sysclk.o
 .text.dfll_priv_get_source_hz
                0x80005104       0x3c src/ASF/common/services/clock/uc3l/sysclk.o
 .text.sysclk_get_main_hz
                0x80005140       0x24 src/ASF/common/services/clock/uc3l/sysclk.o
 .text.sysclk_get_cpu_hz
                0x80005164       0x18 src/ASF/common/services/clock/uc3l/sysclk.o
 .text.sysclk_enable_hsb_module
                0x8000517c       0x20 src/ASF/common/services/clock/uc3l/sysclk.o
 .text.sysclk_priv_enable_module
                0x8000519c       0x80 src/ASF/common/services/clock/uc3l/sysclk.o
                0x8000519c                sysclk_priv_enable_module
 .text.sysclk_enable_pbb_module
                0x8000521c       0x5c src/ASF/common/services/clock/uc3l/sysclk.o
                0x8000521c                sysclk_enable_pbb_module
 .text.sysclk_set_prescalers
                0x80005278       0xcc src/ASF/common/services/clock/uc3l/sysclk.o
                0x80005278                sysclk_set_prescalers
 .text.sysclk_set_source
                0x80005344       0x44 src/ASF/common/services/clock/uc3l/sysclk.o
                0x80005344                sysclk_set_source
 .text.sysclk_init
                0x80005388       0x60 src/ASF/common/services/clock/uc3l/sysclk.o
                0x80005388                sysclk_init
 .text.spi_put  0x800053e8       0x22 src/ASF/common/services/spi/uc3_spi/spi_master.o
 .text.spi_get  0x8000540a       0x1c src/ASF/common/services/spi/uc3_spi/spi_master.o
 .text.spi_is_tx_ready
                0x80005426       0x22 src/ASF/common/services/spi/uc3_spi/spi_master.o
 .text.spi_is_rx_ready
                0x80005448       0x26 src/ASF/common/services/spi/uc3_spi/spi_master.o
 *fill*         0x8000546e        0x2 d703d703
 .text.spi_write_single
                0x80005470       0x2c src/ASF/common/services/spi/uc3_spi/spi_master.o
 .text.spi_read_single
                0x8000549c       0x30 src/ASF/common/services/spi/uc3_spi/spi_master.o
 .text.spi_read_packet
                0x800054cc       0xf4 src/ASF/common/services/spi/uc3_spi/spi_master.o
                0x800054cc                spi_read_packet
 .text          0x800055c0       0x70 src/main.o
 .text.cpu_irq_is_enabled_flags
                0x80005630       0x20 src/main.o
 .text.dfll_priv_get_source_hz
                0x80005650       0x3c src/main.o
 .text.sysclk_get_main_hz
                0x8000568c       0x24 src/main.o
 .text.sysclk_get_cpu_hz
                0x800056b0       0x18 src/main.o
 .text.sysclk_get_pba_hz
                0x800056c8       0x18 src/main.o
 .text.sysclk_enable_hsb_module
                0x800056e0       0x20 src/main.o
 .text.sysclk_enable_pba_module
                0x80005700       0x20 src/main.o
 .text.sysclk_enable_peripheral_clock
                0x80005720      0x200 src/main.o
 .text.spi_put  0x80005920       0x22 src/main.o
 .text.spi_is_tx_empty
                0x80005942       0x22 src/main.o
 .text.spi_is_tx_ready
                0x80005964       0x22 src/main.o
 *fill*         0x80005986        0x2 d703d703
 .text.sleepmgr_init
                0x80005988       0x44 src/main.o
 .text.ads1299_send_byte_no_cs
                0x800059cc       0x58 src/main.o
 .text.ads1299_send_byte
                0x80005a24       0x50 src/main.o
 .text.eic_handler
                0x80005a74       0xe8 src/main.o
 .text.pdca_data_usart_tx_handler
                0x80005b5c       0x64 src/main.o
 .text.pdca_data_usart_rx_handler
                0x80005bc0       0xf0 src/main.o
 .text.config_dma
                0x80005cb0      0x10c src/main.o
                0x80005cb0                config_dma
 .text.config_eic
                0x80005dbc       0xc0 src/main.o
                0x80005dbc                config_eic
 .text.config_spi
                0x80005e7c       0x74 src/main.o
                0x80005e7c                config_spi
 .text.config_gpios
                0x80005ef0       0xc4 src/main.o
                0x80005ef0                config_gpios
 .text.config_twim
                0x80005fb4       0x54 src/main.o
                0x80005fb4                config_twim
 .text.config_usart
                0x80006008       0x5c src/main.o
                0x80006008                config_usart
 .text.config_rn42
                0x80006064      0xa64 src/main.o
                0x80006064                config_rn42
 .text.ads1299_check_device_id
                0x80006ac8       0x40 src/main.o
                0x80006ac8                ads1299_check_device_id
 .text.main     0x80006b08      0x308 src/main.o
                0x80006b08                main
 .text.mpu6050_initialize_normal
                0x80006e10      0x148 src/mpu60x0.o
                0x80006e10                mpu6050_initialize_normal
 .text.mpu6050_rdata16_packet
                0x80006f58      0x1f8 src/mpu60x0.o
                0x80006f58                mpu6050_rdata16_packet
 .text          0x80007150      0x264 c:/program files (x86)/atmel/atmel toolchain/avr32 gcc/native/3.4.1057/avr32-gnu-toolchain/bin/../lib/gcc/avr32/4.4.7/ucr3\libgcc.a(_udivdi3.o)
                0x80007150                __avr32_udiv64
                0x80007150                __udivdi3
 *(.text.*personality*)
 *(.gnu.warning)

.exception      0x80007400      0x200
 .exception     0x80007400      0x200 src/ASF/avr32/drivers/intc/exception.o
                0x80007400                _evba
                0x80007504                _int0
                0x80007512                _int1
                0x80007520                _int2
                0x8000752e                _int3

.fini
 *(.fini)
                0x80007600                PROVIDE (__etext, .)
                0x80007600                PROVIDE (_etext, .)
                0x80007600                PROVIDE (etext, .)

.rodata         0x80007600      0x134
 *(.rodata .rodata.* .gnu.linkonce.r.*)
 .rodata.gpio_enable_module_pin
                0x80007600       0x20 src/ASF/avr32/drivers/gpio/gpio.o
 .rodata._int_handler_table
                0x80007620       0xf8 src/ASF/avr32/drivers/intc/intc.o
 .rodata.C.87.12849
                0x80007718        0xc src/main.o
 .rodata.C.85.12832
                0x80007724       0x10 src/main.o

.rodata1
 *(.rodata1)

.eh_frame_hdr
 *(.eh_frame_hdr)

.eh_frame
 *(.eh_frame)

.gcc_except_table
 *(.gcc_except_table)
 *(.gcc_except_table.*)

.dalign         0x80007734        0x4
                0x80007738                . = ALIGN (0x8)
 *fill*         0x80007734        0x4 
                0x80007738                PROVIDE (_data_lma, .)
                0x00000004                PROVIDE (_data, ORIGIN (CPUSRAM))
                0x00000004                . = ORIGIN (CPUSRAM)

.eh_frame
 *(.eh_frame)

.gcc_except_table
 *(.gcc_except_table)
 *(.gcc_except_table.*)

.tdata
 *(.tdata .tdata.* .gnu.linkonce.td.*)

.tbss
 *(.tbss .tbss.* .gnu.linkonce.tb.*)
 *(.tcommon)
                0x00000004                PROVIDE (__preinit_array_start, ALIGN (0x4))

.preinit_array
 *(.preinit_array)
                0x00000004                PROVIDE (__preinit_array_end, .)
                0x00000004                PROVIDE (__init_array_start, .)

.init_array
 *(.init_array)
                0x00000004                PROVIDE (__init_array_end, .)
                0x00000004                PROVIDE (__fini_array_start, .)

.fini_array
 *(.fini_array)
                0x00000004                PROVIDE (__fini_array_end, .)

.ctors
 *crtbegin*.o(.ctors)
 *(EXCLUDE_FILE(*crtend*.o) .ctors)
 *(SORT(.ctors.*))
 *(.ctors)

.dtors
 *crtbegin*.o(.dtors)
 *(EXCLUDE_FILE(*crtend*.o) .dtors)
 *(SORT(.dtors.*))
 *(.dtors)

.jcr
 *(.jcr)

.data.rel.ro
 *(.data.rel.ro.local)
 *(.data.rel.ro*)

.dynamic
 *(.dynamic)

.got
 *(.got.plt)
 *(.got)

.data           0x00000004       0x2e load address 0x80007738
 *(.data .data.* .gnu.linkonce.d.*)
 .data.flashcdw_wait_until_ready
                0x00000004        0x4 src/ASF/avr32/drivers/flashcdw/flashcdw.o
                0x00000004                flashcdw_wait_until_ready
 .data.data_usart_tx_packet
                0x00000008       0x2a src/main.o
                0x00000008                data_usart_tx_packet
 *(.gnu.linkonce.d.*personality*)

.data1
 *(.data1)

.balign         0x00000032        0x6 load address 0x80007766
                0x00000038                . = ALIGN (0x8)
 *fill*         0x00000032        0x6 
                0x00000038                _edata = .
                0x00000038                _edata = .
                0x00000038                PROVIDE (edata, .)
                0x00000038                __bss_start = .

.bss            0x00000038     0x22d0 load address 0x80007768
 *(.dynbss)
 *(.bss .bss.* .gnu.linkonce.b.*)
 .bss.flashcdw_error_status
                0x00000038        0x4 src/ASF/avr32/drivers/flashcdw/flashcdw.o
 .bss._int_line_handler_table_0
                0x0000003c        0x4 src/ASF/avr32/drivers/intc/intc.o
 .bss._int_line_handler_table_1
                0x00000040        0x8 src/ASF/avr32/drivers/intc/intc.o
 .bss._int_line_handler_table_2
                0x00000048        0x4 src/ASF/avr32/drivers/intc/intc.o
 .bss._int_line_handler_table_3
                0x0000004c        0x4 src/ASF/avr32/drivers/intc/intc.o
 .bss._int_line_handler_table_4
                0x00000050       0x10 src/ASF/avr32/drivers/intc/intc.o
 .bss._int_line_handler_table_5
                0x00000060       0x10 src/ASF/avr32/drivers/intc/intc.o
 .bss._int_line_handler_table_6
                0x00000070       0x10 src/ASF/avr32/drivers/intc/intc.o
 .bss._int_line_handler_table_7
                0x00000080        0x4 src/ASF/avr32/drivers/intc/intc.o
 .bss._int_line_handler_table_8
                0x00000084        0x4 src/ASF/avr32/drivers/intc/intc.o
 .bss._int_line_handler_table_9
                0x00000088        0x4 src/ASF/avr32/drivers/intc/intc.o
 .bss._int_line_handler_table_10
                0x0000008c       0x10 src/ASF/avr32/drivers/intc/intc.o
 .bss._int_line_handler_table_11
                0x0000009c       0x10 src/ASF/avr32/drivers/intc/intc.o
 .bss._int_line_handler_table_12
                0x000000ac        0x4 src/ASF/avr32/drivers/intc/intc.o
 .bss._int_line_handler_table_13
                0x000000b0        0x4 src/ASF/avr32/drivers/intc/intc.o
 .bss._int_line_handler_table_14
                0x000000b4       0x18 src/ASF/avr32/drivers/intc/intc.o
 .bss._int_line_handler_table_15
                0x000000cc        0x4 src/ASF/avr32/drivers/intc/intc.o
 .bss._int_line_handler_table_16
                0x000000d0        0x4 src/ASF/avr32/drivers/intc/intc.o
 .bss._int_line_handler_table_17
                0x000000d4        0x4 src/ASF/avr32/drivers/intc/intc.o
 .bss._int_line_handler_table_18
                0x000000d8        0x4 src/ASF/avr32/drivers/intc/intc.o
 .bss._int_line_handler_table_19
                0x000000dc        0x4 src/ASF/avr32/drivers/intc/intc.o
 .bss._int_line_handler_table_20
                0x000000e0        0x4 src/ASF/avr32/drivers/intc/intc.o
 .bss._int_line_handler_table_21
                0x000000e4        0x4 src/ASF/avr32/drivers/intc/intc.o
 .bss._int_line_handler_table_22
                0x000000e8        0x4 src/ASF/avr32/drivers/intc/intc.o
 .bss._int_line_handler_table_23
                0x000000ec        0x4 src/ASF/avr32/drivers/intc/intc.o
 .bss._int_line_handler_table_24
                0x000000f0        0x4 src/ASF/avr32/drivers/intc/intc.o
 .bss._int_line_handler_table_25
                0x000000f4        0xc src/ASF/avr32/drivers/intc/intc.o
 .bss._int_line_handler_table_26
                0x00000100        0xc src/ASF/avr32/drivers/intc/intc.o
 .bss._int_line_handler_table_27
                0x0000010c        0x4 src/ASF/avr32/drivers/intc/intc.o
 .bss._int_line_handler_table_28
                0x00000110        0x4 src/ASF/avr32/drivers/intc/intc.o
 .bss._int_line_handler_table_29
                0x00000114        0x4 src/ASF/avr32/drivers/intc/intc.o
 .bss._int_line_handler_table_30
                0x00000118        0x4 src/ASF/avr32/drivers/intc/intc.o
 .bss.twim_inst
                0x0000011c        0x4 src/ASF/avr32/drivers/twim/twim.o
 .bss.twim_tx_data
                0x00000120        0x4 src/ASF/avr32/drivers/twim/twim.o
 .bss.twim_rx_data
                0x00000124        0x4 src/ASF/avr32/drivers/twim/twim.o
 .bss.transfer_status
                0x00000128        0x4 src/ASF/avr32/drivers/twim/twim.o
 .bss.twim_tx_nb_bytes
                0x0000012c        0x4 src/ASF/avr32/drivers/twim/twim.o
 .bss.twim_rx_nb_bytes
                0x00000130        0x4 src/ASF/avr32/drivers/twim/twim.o
 .bss.twim_it_mask
                0x00000134        0x4 src/ASF/avr32/drivers/twim/twim.o
 .bss.twim_package
                0x00000138        0x4 src/ASF/avr32/drivers/twim/twim.o
 .bss.twim_next
                0x0000013c        0x1 src/ASF/avr32/drivers/twim/twim.o
 .bss.sysclk_pbb_refcount
                0x0000013d        0x1 src/ASF/common/services/clock/uc3l/sysclk.o
 *(COMMON)
 *fill*         0x0000013e        0x2 
 COMMON         0x00000140        0x8 src/ASF/common/services/sleepmgr/uc3/sleepmgr.o
                0x00000140                sleepmgr_locks
 COMMON         0x00000148     0x21a8 src/main.o
                0x00000148                spi_rx_ads1299_status
                0x0000014c                debug_usart
                0x00000150                spi_buf_read_idx
                0x00000154                spi_rx_data_buffer
                0x00002154                debug_spi
                0x00002158                mu_band_avg
                0x0000215c                dsp_filter_output_buffer
                0x000021dc                processing_type
                0x000021e0                spi_buf_write_idx
                0x000021e4                data_usart_rx_dma_buffer
                0x000021e8                usart_tx_buffer_idx
                0x000021ec                dsp_filter_input_buffer
                0x000022ec                frame_complete_flag
 COMMON         0x000022f0       0x12 src/mpu60x0.o
                0x000022f0                mpu6050_tx_buffer
                0x000022f4                mpu6050_rx_buffer
                0x00002308                . = ALIGN (0x8)
 *fill*         0x00002302        0x6 
                0x00002308                . = ALIGN (0x8)
                0x00002308                _end = .
                0x00002308                PROVIDE (end, .)
                0x00002308                __heap_start__ = ALIGN (0x8)
                0x00003000                . = ((ORIGIN (CPUSRAM) + 0x3ffc) - _stack_size)
                0x00003000                __heap_end__ = .

.stab
 *(.stab)

.stabstr
 *(.stabstr)

.stab.excl
 *(.stab.excl)

.stab.exclstr
 *(.stab.exclstr)

.stab.index
 *(.stab.index)

.stab.indexstr
 *(.stab.indexstr)

.comment        0x00000000       0x30
 *(.comment)
 .comment       0x00000000       0x30 src/ads1299.o
                                 0x31 (size before relaxing)
 .comment       0x00000000       0x31 src/ASF/avr32/drivers/eic/eic.o
 .comment       0x00000000       0x31 src/ASF/avr32/drivers/flashcdw/flashcdw.o
 .comment       0x00000000       0x31 src/ASF/avr32/drivers/gpio/gpio.o
 .comment       0x00000000       0x31 src/ASF/avr32/drivers/intc/intc.o
 .comment       0x00000000       0x31 src/ASF/avr32/drivers/pdca/pdca.o
 .comment       0x00000000       0x31 src/ASF/avr32/drivers/spi/spi.o
 .comment       0x00000000       0x31 src/ASF/avr32/drivers/twim/twim.o
 .comment       0x00000000       0x31 src/ASF/avr32/drivers/usart/usart.o
 .comment       0x00000000       0x31 src/ASF/common/services/clock/uc3l/dfll.o
 .comment       0x00000000       0x31 src/ASF/common/services/clock/uc3l/osc.o
 .comment       0x00000000       0x31 src/ASF/common/services/clock/uc3l/sysclk.o
 .comment       0x00000000       0x31 src/ASF/common/services/sleepmgr/uc3/sleepmgr.o
 .comment       0x00000000       0x31 src/ASF/common/services/spi/uc3_spi/spi_master.o
 .comment       0x00000000       0x31 src/main.o
 .comment       0x00000000       0x31 src/mpu60x0.o
 .comment       0x00000000       0x31 c:/program files (x86)/atmel/atmel toolchain/avr32 gcc/native/3.4.1057/avr32-gnu-toolchain/bin/../lib/gcc/avr32/4.4.7/ucr3\libgcc.a(_udivdi3.o)

.debug
 *(.debug)

.line
 *(.line)

.debug_srcinfo
 *(.debug_srcinfo)

.debug_sfnames
 *(.debug_sfnames)

.debug_aranges  0x00000000      0xb78
 *(.debug_aranges)
 .debug_aranges
                0x00000000       0x98 src/ads1299.o
 .debug_aranges
                0x00000098       0xa0 src/ASF/avr32/drivers/eic/eic.o
 .debug_aranges
                0x00000138      0x260 src/ASF/avr32/drivers/flashcdw/flashcdw.o
 .debug_aranges
                0x00000398      0x110 src/ASF/avr32/drivers/gpio/gpio.o
 .debug_aranges
                0x000004a8       0x40 src/ASF/avr32/drivers/intc/intc.o
 .debug_aranges
                0x000004e8       0xd0 src/ASF/avr32/drivers/pdca/pdca.o
 .debug_aranges
                0x000005b8       0xa8 src/ASF/avr32/drivers/spi/spi.o
 .debug_aranges
                0x00000660       0x88 src/ASF/avr32/drivers/twim/twim.o
 .debug_aranges
                0x000006e8      0x108 src/ASF/avr32/drivers/usart/usart.o
 .debug_aranges
                0x000007f0       0xb0 src/ASF/common/services/clock/uc3l/dfll.o
 .debug_aranges
                0x000008a0       0x50 src/ASF/common/services/clock/uc3l/osc.o
 .debug_aranges
                0x000008f0       0x90 src/ASF/common/services/clock/uc3l/sysclk.o
 .debug_aranges
                0x00000980       0xb8 src/ASF/common/services/spi/uc3_spi/spi_master.o
 .debug_aranges
                0x00000a38       0xe8 src/main.o
 .debug_aranges
                0x00000b20       0x38 src/mpu60x0.o
 .debug_aranges
                0x00000b58       0x20 c:/program files (x86)/atmel/atmel toolchain/avr32 gcc/native/3.4.1057/avr32-gnu-toolchain/bin/../lib/gcc/avr32/4.4.7/ucr3\libgcc.a(_udivdi3.o)

.debug_pubnames
                0x00000000     0x1b57
 *(.debug_pubnames)
 .debug_pubnames
                0x00000000       0xba src/ads1299.o
 .debug_pubnames
                0x000000ba      0x186 src/ASF/avr32/drivers/eic/eic.o
 .debug_pubnames
                0x00000240      0x950 src/ASF/avr32/drivers/flashcdw/flashcdw.o
 .debug_pubnames
                0x00000b90      0x359 src/ASF/avr32/drivers/gpio/gpio.o
 .debug_pubnames
                0x00000ee9       0x62 src/ASF/avr32/drivers/intc/intc.o
 .debug_pubnames
                0x00000f4b      0x275 src/ASF/avr32/drivers/pdca/pdca.o
 .debug_pubnames
                0x000011c0      0x178 src/ASF/avr32/drivers/spi/spi.o
 .debug_pubnames
                0x00001338       0xd6 src/ASF/avr32/drivers/twim/twim.o
 .debug_pubnames
                0x0000140e      0x227 src/ASF/avr32/drivers/usart/usart.o
 .debug_pubnames
                0x00001635       0xa0 src/ASF/common/services/clock/uc3l/dfll.o
 .debug_pubnames
                0x000016d5       0x7e src/ASF/common/services/clock/uc3l/osc.o
 .debug_pubnames
                0x00001753       0xca src/ASF/common/services/clock/uc3l/sysclk.o
 .debug_pubnames
                0x0000181d       0x25 src/ASF/common/services/sleepmgr/uc3/sleepmgr.o
 .debug_pubnames
                0x00001842       0x57 src/ASF/common/services/spi/uc3_spi/spi_master.o
 .debug_pubnames
                0x00001899      0x1ee src/main.o
 .debug_pubnames
                0x00001a87       0xb0 src/mpu60x0.o
 .debug_pubnames
                0x00001b37       0x20 c:/program files (x86)/atmel/atmel toolchain/avr32 gcc/native/3.4.1057/avr32-gnu-toolchain/bin/../lib/gcc/avr32/4.4.7/ucr3\libgcc.a(_udivdi3.o)

.debug_info     0x00000000    0x1937d
 *(.debug_info .gnu.linkonce.wi.*)
 .debug_info    0x00000000     0x17f6 src/ads1299.o
 .debug_info    0x000017f6     0x1905 src/ASF/avr32/drivers/eic/eic.o
 .debug_info    0x000030fb     0x1df3 src/ASF/avr32/drivers/flashcdw/flashcdw.o
 .debug_info    0x00004eee      0xf06 src/ASF/avr32/drivers/gpio/gpio.o
 .debug_info    0x00005df4      0x6a4 src/ASF/avr32/drivers/intc/intc.o
 .debug_info    0x00006498      0xece src/ASF/avr32/drivers/pdca/pdca.o
 .debug_info    0x00007366     0x1314 src/ASF/avr32/drivers/spi/spi.o
 .debug_info    0x0000867a     0x11be src/ASF/avr32/drivers/twim/twim.o
 .debug_info    0x00009838     0x2c06 src/ASF/avr32/drivers/usart/usart.o
 .debug_info    0x0000c43e     0x1e88 src/ASF/common/services/clock/uc3l/dfll.o
 .debug_info    0x0000e2c6     0x19f1 src/ASF/common/services/clock/uc3l/osc.o
 .debug_info    0x0000fcb7      0xf3b src/ASF/common/services/clock/uc3l/sysclk.o
 .debug_info    0x00010bf2       0xff src/ASF/common/services/sleepmgr/uc3/sleepmgr.o
 .debug_info    0x00010cf1     0x1314 src/ASF/common/services/spi/uc3_spi/spi_master.o
 .debug_info    0x00012005     0x5f59 src/main.o
 .debug_info    0x00017f5e      0xea4 src/mpu60x0.o
 .debug_info    0x00018e02      0x57b c:/program files (x86)/atmel/atmel toolchain/avr32 gcc/native/3.4.1057/avr32-gnu-toolchain/bin/../lib/gcc/avr32/4.4.7/ucr3\libgcc.a(_udivdi3.o)

.debug_abbrev   0x00000000     0x22db
 *(.debug_abbrev)
 .debug_abbrev  0x00000000      0x30f src/ads1299.o
 .debug_abbrev  0x0000030f      0x1ab src/ASF/avr32/drivers/eic/eic.o
 .debug_abbrev  0x000004ba      0x285 src/ASF/avr32/drivers/flashcdw/flashcdw.o
 .debug_abbrev  0x0000073f      0x241 src/ASF/avr32/drivers/gpio/gpio.o
 .debug_abbrev  0x00000980      0x1b6 src/ASF/avr32/drivers/intc/intc.o
 .debug_abbrev  0x00000b36      0x215 src/ASF/avr32/drivers/pdca/pdca.o
 .debug_abbrev  0x00000d4b      0x204 src/ASF/avr32/drivers/spi/spi.o
 .debug_abbrev  0x00000f4f      0x1ed src/ASF/avr32/drivers/twim/twim.o
 .debug_abbrev  0x0000113c      0x27d src/ASF/avr32/drivers/usart/usart.o
 .debug_abbrev  0x000013b9      0x23a src/ASF/common/services/clock/uc3l/dfll.o
 .debug_abbrev  0x000015f3      0x176 src/ASF/common/services/clock/uc3l/osc.o
 .debug_abbrev  0x00001769      0x1d5 src/ASF/common/services/clock/uc3l/sysclk.o
 .debug_abbrev  0x0000193e       0x7d src/ASF/common/services/sleepmgr/uc3/sleepmgr.o
 .debug_abbrev  0x000019bb      0x212 src/ASF/common/services/spi/uc3_spi/spi_master.o
 .debug_abbrev  0x00001bcd      0x43f src/main.o
 .debug_abbrev  0x0000200c      0x175 src/mpu60x0.o
 .debug_abbrev  0x00002181      0x15a c:/program files (x86)/atmel/atmel toolchain/avr32 gcc/native/3.4.1057/avr32-gnu-toolchain/bin/../lib/gcc/avr32/4.4.7/ucr3\libgcc.a(_udivdi3.o)

.debug_line     0x00000000     0xa0fa
 *(.debug_line)
 .debug_line    0x00000000      0xb9a src/ads1299.o
 .debug_line    0x00000b9a      0x858 src/ASF/avr32/drivers/eic/eic.o
 .debug_line    0x000013f2      0xd60 src/ASF/avr32/drivers/flashcdw/flashcdw.o
 .debug_line    0x00002152      0x9f5 src/ASF/avr32/drivers/gpio/gpio.o
 .debug_line    0x00002b47      0x736 src/ASF/avr32/drivers/intc/intc.o
 .debug_line    0x0000327d      0x8cf src/ASF/avr32/drivers/pdca/pdca.o
 .debug_line    0x00003b4c      0x8a6 src/ASF/avr32/drivers/spi/spi.o
 .debug_line    0x000043f2      0x9c4 src/ASF/avr32/drivers/twim/twim.o
 .debug_line    0x00004db6      0xaa8 src/ASF/avr32/drivers/usart/usart.o
 .debug_line    0x0000585e      0x991 src/ASF/common/services/clock/uc3l/dfll.o
 .debug_line    0x000061ef      0x822 src/ASF/common/services/clock/uc3l/osc.o
 .debug_line    0x00006a11      0x969 src/ASF/common/services/clock/uc3l/sysclk.o
 .debug_line    0x0000737a      0x770 src/ASF/common/services/sleepmgr/uc3/sleepmgr.o
 .debug_line    0x00007aea      0xa82 src/ASF/common/services/spi/uc3_spi/spi_master.o
 .debug_line    0x0000856c     0x115b src/main.o
 .debug_line    0x000096c7      0x862 src/mpu60x0.o
 .debug_line    0x00009f29      0x1d1 c:/program files (x86)/atmel/atmel toolchain/avr32 gcc/native/3.4.1057/avr32-gnu-toolchain/bin/../lib/gcc/avr32/4.4.7/ucr3\libgcc.a(_udivdi3.o)

.debug_frame    0x00000000     0x2474
 *(.debug_frame)
 .debug_frame   0x00000000      0x1e8 src/ads1299.o
 .debug_frame   0x000001e8      0x1ec src/ASF/avr32/drivers/eic/eic.o
 .debug_frame   0x000003d4      0x860 src/ASF/avr32/drivers/flashcdw/flashcdw.o
 .debug_frame   0x00000c34      0x374 src/ASF/avr32/drivers/gpio/gpio.o
 .debug_frame   0x00000fa8       0x9c src/ASF/avr32/drivers/intc/intc.o
 .debug_frame   0x00001044      0x294 src/ASF/avr32/drivers/pdca/pdca.o
 .debug_frame   0x000012d8      0x208 src/ASF/avr32/drivers/spi/spi.o
 .debug_frame   0x000014e0      0x198 src/ASF/avr32/drivers/twim/twim.o
 .debug_frame   0x00001678      0x358 src/ASF/avr32/drivers/usart/usart.o
 .debug_frame   0x000019d0      0x224 src/ASF/common/services/clock/uc3l/dfll.o
 .debug_frame   0x00001bf4       0xd4 src/ASF/common/services/clock/uc3l/osc.o
 .debug_frame   0x00001cc8      0x1b4 src/ASF/common/services/clock/uc3l/sysclk.o
 .debug_frame   0x00001e7c      0x240 src/ASF/common/services/spi/uc3_spi/spi_master.o
 .debug_frame   0x000020bc      0x2f4 src/main.o
 .debug_frame   0x000023b0       0x80 src/mpu60x0.o
 .debug_frame   0x00002430       0x44 c:/program files (x86)/atmel/atmel toolchain/avr32 gcc/native/3.4.1057/avr32-gnu-toolchain/bin/../lib/gcc/avr32/4.4.7/ucr3\libgcc.a(_udivdi3.o)

.debug_str      0x00000000     0x4c45
 *(.debug_str)
 .debug_str     0x00000000      0x76a src/ads1299.o
                                0x804 (size before relaxing)
 .debug_str     0x0000076a      0x382 src/ASF/avr32/drivers/eic/eic.o
                                0x4dc (size before relaxing)
 .debug_str     0x00000aec      0xca0 src/ASF/avr32/drivers/flashcdw/flashcdw.o
                                0xe84 (size before relaxing)
 .debug_str     0x0000178c      0x567 src/ASF/avr32/drivers/gpio/gpio.o
                                0x6c4 (size before relaxing)
 .debug_str     0x00001cf3      0x4a6 src/ASF/avr32/drivers/intc/intc.o
                                0x5c8 (size before relaxing)
 .debug_str     0x00002199      0x4b3 src/ASF/avr32/drivers/pdca/pdca.o
                                0x654 (size before relaxing)
 .debug_str     0x0000264c      0x249 src/ASF/avr32/drivers/spi/spi.o
                                0x676 (size before relaxing)
 .debug_str     0x00002895      0x535 src/ASF/avr32/drivers/twim/twim.o
                                0x731 (size before relaxing)
 .debug_str     0x00002dca      0x880 src/ASF/avr32/drivers/usart/usart.o
                                0xa9a (size before relaxing)
 .debug_str     0x0000364a      0x9b6 src/ASF/common/services/clock/uc3l/dfll.o
                                0xc59 (size before relaxing)
 .debug_str     0x00004000       0x88 src/ASF/common/services/clock/uc3l/osc.o
                                0x99e (size before relaxing)
 .debug_str     0x00004088      0x40a src/ASF/common/services/clock/uc3l/sysclk.o
                                0x6c1 (size before relaxing)
 .debug_str     0x00004492       0xe4 src/ASF/common/services/sleepmgr/uc3/sleepmgr.o
                                0x1f1 (size before relaxing)
 .debug_str     0x00004576      0x1ae src/ASF/common/services/spi/uc3_spi/spi_master.o
                                0x7fe (size before relaxing)
 .debug_str     0x00004724      0x312 src/main.o
                               0x169e (size before relaxing)
 .debug_str     0x00004a36       0xcb src/mpu60x0.o
                                0x59d (size before relaxing)
 .debug_str     0x00004b01      0x144 c:/program files (x86)/atmel/atmel toolchain/avr32 gcc/native/3.4.1057/avr32-gnu-toolchain/bin/../lib/gcc/avr32/4.4.7/ucr3\libgcc.a(_udivdi3.o)
                                0x1f9 (size before relaxing)

.debug_loc      0x00000000     0x3cc7
 *(.debug_loc)
 .debug_loc     0x00000000      0x2b0 src/ads1299.o
 .debug_loc     0x000002b0      0x2db src/ASF/avr32/drivers/eic/eic.o
 .debug_loc     0x0000058b      0xc43 src/ASF/avr32/drivers/flashcdw/flashcdw.o
 .debug_loc     0x000011ce      0x535 src/ASF/avr32/drivers/gpio/gpio.o
 .debug_loc     0x00001703       0xd7 src/ASF/avr32/drivers/intc/intc.o
 .debug_loc     0x000017da      0x3dd src/ASF/avr32/drivers/pdca/pdca.o
 .debug_loc     0x00001bb7      0x306 src/ASF/avr32/drivers/spi/spi.o
 .debug_loc     0x00001ebd      0x25a src/ASF/avr32/drivers/twim/twim.o
 .debug_loc     0x00002117      0x50a src/ASF/avr32/drivers/usart/usart.o
 .debug_loc     0x00002621      0x331 src/ASF/common/services/clock/uc3l/dfll.o
 .debug_loc     0x00002952      0x12d src/ASF/common/services/clock/uc3l/osc.o
 .debug_loc     0x00002a7f      0x285 src/ASF/common/services/clock/uc3l/sysclk.o
 .debug_loc     0x00002d04      0x35c src/ASF/common/services/spi/uc3_spi/spi_master.o
 .debug_loc     0x00003060      0x45e src/main.o
 .debug_loc     0x000034be       0xac src/mpu60x0.o
 .debug_loc     0x0000356a      0x75d c:/program files (x86)/atmel/atmel toolchain/avr32 gcc/native/3.4.1057/avr32-gnu-toolchain/bin/../lib/gcc/avr32/4.4.7/ucr3\libgcc.a(_udivdi3.o)

.debug_macinfo  0x00000000   0xae916d
 *(.debug_macinfo)
 .debug_macinfo
                0x00000000    0xb1529 src/ads1299.o
 .debug_macinfo
                0x000b1529    0xad3a8 src/ASF/avr32/drivers/eic/eic.o
 .debug_macinfo
                0x0015e8d1    0xad264 src/ASF/avr32/drivers/flashcdw/flashcdw.o
 .debug_macinfo
                0x0020bb35    0xad31e src/ASF/avr32/drivers/gpio/gpio.o
 .debug_macinfo
                0x002b8e53    0xad3cb src/ASF/avr32/drivers/intc/intc.o
 .debug_macinfo
                0x0036621e    0xad260 src/ASF/avr32/drivers/pdca/pdca.o
 .debug_macinfo
                0x0041347e    0xad16c src/ASF/avr32/drivers/spi/spi.o
 .debug_macinfo
                0x004c05ea    0xada25 src/ASF/avr32/drivers/twim/twim.o
 .debug_macinfo
                0x0056e00f    0xad52f src/ASF/avr32/drivers/usart/usart.o
 .debug_macinfo
                0x0061b53e    0xae32c src/ASF/common/services/clock/uc3l/dfll.o
 .debug_macinfo
                0x006c986a    0xade96 src/ASF/common/services/clock/uc3l/osc.o
 .debug_macinfo
                0x00777700    0xaec9d src/ASF/common/services/clock/uc3l/sysclk.o
 .debug_macinfo
                0x0082639d    0xad29b src/ASF/common/services/sleepmgr/uc3/sleepmgr.o
 .debug_macinfo
                0x008d3638    0xaeb74 src/ASF/common/services/spi/uc3_spi/spi_master.o
 .debug_macinfo
                0x009821ac    0xb6763 src/main.o
 .debug_macinfo
                0x00a3890f    0xb085e src/mpu60x0.o

.debug_weaknames
 *(.debug_weaknames)

.debug_funcnames
 *(.debug_funcnames)

.debug_typenames
 *(.debug_typenames)

.debug_varnames
 *(.debug_varnames)

.stack          0x00003000     0x1000
                0x00003000                _stack = .
 *(.stack)
                0x00001000                . = _stack_size
 *fill*         0x00003000     0x1000 
                0x00004000                _estack = .

.userpage
 *(.userpage .userpage.*)

.factorypage
 *(.factorypage .factorypage.*)

.flashvault_flash_size
 *(.flashvault_flash_size .flashvault_flash_size.*)

.flashvault_ram_size
 *(.flashvault_ram_size .flashvault_ram_size.*)

/DISCARD/
 *(.note.GNU-stack)
OUTPUT(brainboard_fw.elf elf32-avr32)

.debug_ranges   0x00000000      0xb58
 .debug_ranges  0x00000000       0x90 src/ads1299.o
 .debug_ranges  0x00000090       0x98 src/ASF/avr32/drivers/eic/eic.o
 .debug_ranges  0x00000128      0x258 src/ASF/avr32/drivers/flashcdw/flashcdw.o
 .debug_ranges  0x00000380      0x108 src/ASF/avr32/drivers/gpio/gpio.o
 .debug_ranges  0x00000488       0x38 src/ASF/avr32/drivers/intc/intc.o
 .debug_ranges  0x000004c0       0xc8 src/ASF/avr32/drivers/pdca/pdca.o
 .debug_ranges  0x00000588       0xa0 src/ASF/avr32/drivers/spi/spi.o
 .debug_ranges  0x00000628       0x80 src/ASF/avr32/drivers/twim/twim.o
 .debug_ranges  0x000006a8      0x100 src/ASF/avr32/drivers/usart/usart.o
 .debug_ranges  0x000007a8       0xa8 src/ASF/common/services/clock/uc3l/dfll.o
 .debug_ranges  0x00000850       0x48 src/ASF/common/services/clock/uc3l/osc.o
 .debug_ranges  0x00000898       0x88 src/ASF/common/services/clock/uc3l/sysclk.o
 .debug_ranges  0x00000920       0xb0 src/ASF/common/services/spi/uc3_spi/spi_master.o
 .debug_ranges  0x000009d0       0xe0 src/main.o
 .debug_ranges  0x00000ab0       0x30 src/mpu60x0.o
 .debug_ranges  0x00000ae0       0x78 c:/program files (x86)/atmel/atmel toolchain/avr32 gcc/native/3.4.1057/avr32-gnu-toolchain/bin/../lib/gcc/avr32/4.4.7/ucr3\libgcc.a(_udivdi3.o)
